Archive member included to satisfy reference by file (symbol)

c:/st/stm32cubeide_1.10.1/stm32cubeide/plugins/com.st.stm32cube.ide.mcu.externaltools.gnu-tools-for-stm32.10.3-2021.10.win32_1.0.0.202111181127/tools/bin/../lib/gcc/arm-none-eabi/10.3.1/../../../../arm-none-eabi/lib/thumb/v7-m/nofp\libc_nano.a(lib_a-errno.o)
                              ./Core/Src/syscalls.o (__errno)
c:/st/stm32cubeide_1.10.1/stm32cubeide/plugins/com.st.stm32cube.ide.mcu.externaltools.gnu-tools-for-stm32.10.3-2021.10.win32_1.0.0.202111181127/tools/bin/../lib/gcc/arm-none-eabi/10.3.1/../../../../arm-none-eabi/lib/thumb/v7-m/nofp\libc_nano.a(lib_a-exit.o)
                              c:/st/stm32cubeide_1.10.1/stm32cubeide/plugins/com.st.stm32cube.ide.mcu.externaltools.gnu-tools-for-stm32.10.3-2021.10.win32_1.0.0.202111181127/tools/bin/../lib/gcc/arm-none-eabi/10.3.1/../../../../arm-none-eabi/lib/thumb/v7-m/nofp/crt0.o (exit)
c:/st/stm32cubeide_1.10.1/stm32cubeide/plugins/com.st.stm32cube.ide.mcu.externaltools.gnu-tools-for-stm32.10.3-2021.10.win32_1.0.0.202111181127/tools/bin/../lib/gcc/arm-none-eabi/10.3.1/../../../../arm-none-eabi/lib/thumb/v7-m/nofp\libc_nano.a(lib_a-impure.o)
                              c:/st/stm32cubeide_1.10.1/stm32cubeide/plugins/com.st.stm32cube.ide.mcu.externaltools.gnu-tools-for-stm32.10.3-2021.10.win32_1.0.0.202111181127/tools/bin/../lib/gcc/arm-none-eabi/10.3.1/../../../../arm-none-eabi/lib/thumb/v7-m/nofp\libc_nano.a(lib_a-exit.o) (_global_impure_ptr)
c:/st/stm32cubeide_1.10.1/stm32cubeide/plugins/com.st.stm32cube.ide.mcu.externaltools.gnu-tools-for-stm32.10.3-2021.10.win32_1.0.0.202111181127/tools/bin/../lib/gcc/arm-none-eabi/10.3.1/../../../../arm-none-eabi/lib/thumb/v7-m/nofp\libc_nano.a(lib_a-init.o)
                              c:/st/stm32cubeide_1.10.1/stm32cubeide/plugins/com.st.stm32cube.ide.mcu.externaltools.gnu-tools-for-stm32.10.3-2021.10.win32_1.0.0.202111181127/tools/bin/../lib/gcc/arm-none-eabi/10.3.1/../../../../arm-none-eabi/lib/thumb/v7-m/nofp/crt0.o (__libc_init_array)
c:/st/stm32cubeide_1.10.1/stm32cubeide/plugins/com.st.stm32cube.ide.mcu.externaltools.gnu-tools-for-stm32.10.3-2021.10.win32_1.0.0.202111181127/tools/bin/../lib/gcc/arm-none-eabi/10.3.1/../../../../arm-none-eabi/lib/thumb/v7-m/nofp\libc_nano.a(lib_a-memcpy-stub.o)
                              ./Core/Src/clock_TT-c/ssd1306.o (memcpy)
c:/st/stm32cubeide_1.10.1/stm32cubeide/plugins/com.st.stm32cube.ide.mcu.externaltools.gnu-tools-for-stm32.10.3-2021.10.win32_1.0.0.202111181127/tools/bin/../lib/gcc/arm-none-eabi/10.3.1/../../../../arm-none-eabi/lib/thumb/v7-m/nofp\libc_nano.a(lib_a-memmove.o)
                              ./Core/Src/clock_TT-c/ssd1306_tests.o (memmove)
c:/st/stm32cubeide_1.10.1/stm32cubeide/plugins/com.st.stm32cube.ide.mcu.externaltools.gnu-tools-for-stm32.10.3-2021.10.win32_1.0.0.202111181127/tools/bin/../lib/gcc/arm-none-eabi/10.3.1/../../../../arm-none-eabi/lib/thumb/v7-m/nofp\libc_nano.a(lib_a-memset.o)
                              c:/st/stm32cubeide_1.10.1/stm32cubeide/plugins/com.st.stm32cube.ide.mcu.externaltools.gnu-tools-for-stm32.10.3-2021.10.win32_1.0.0.202111181127/tools/bin/../lib/gcc/arm-none-eabi/10.3.1/../../../../arm-none-eabi/lib/thumb/v7-m/nofp/crt0.o (memset)
c:/st/stm32cubeide_1.10.1/stm32cubeide/plugins/com.st.stm32cube.ide.mcu.externaltools.gnu-tools-for-stm32.10.3-2021.10.win32_1.0.0.202111181127/tools/bin/../lib/gcc/arm-none-eabi/10.3.1/../../../../arm-none-eabi/lib/thumb/v7-m/nofp\libc_nano.a(lib_a-snprintf.o)
                              ./Core/Src/clock_TT-c/ssd1306_tests.o (snprintf)
c:/st/stm32cubeide_1.10.1/stm32cubeide/plugins/com.st.stm32cube.ide.mcu.externaltools.gnu-tools-for-stm32.10.3-2021.10.win32_1.0.0.202111181127/tools/bin/../lib/gcc/arm-none-eabi/10.3.1/../../../../arm-none-eabi/lib/thumb/v7-m/nofp\libc_nano.a(lib_a-nano-svfprintf.o)
                              c:/st/stm32cubeide_1.10.1/stm32cubeide/plugins/com.st.stm32cube.ide.mcu.externaltools.gnu-tools-for-stm32.10.3-2021.10.win32_1.0.0.202111181127/tools/bin/../lib/gcc/arm-none-eabi/10.3.1/../../../../arm-none-eabi/lib/thumb/v7-m/nofp\libc_nano.a(lib_a-snprintf.o) (_svfprintf_r)
c:/st/stm32cubeide_1.10.1/stm32cubeide/plugins/com.st.stm32cube.ide.mcu.externaltools.gnu-tools-for-stm32.10.3-2021.10.win32_1.0.0.202111181127/tools/bin/../lib/gcc/arm-none-eabi/10.3.1/../../../../arm-none-eabi/lib/thumb/v7-m/nofp\libc_nano.a(lib_a-nano-vfprintf_i.o)
                              c:/st/stm32cubeide_1.10.1/stm32cubeide/plugins/com.st.stm32cube.ide.mcu.externaltools.gnu-tools-for-stm32.10.3-2021.10.win32_1.0.0.202111181127/tools/bin/../lib/gcc/arm-none-eabi/10.3.1/../../../../arm-none-eabi/lib/thumb/v7-m/nofp\libc_nano.a(lib_a-nano-svfprintf.o) (_printf_i)
[...]
Memory Configuration

Name             Origin             Length             Attributes
RAM              0x0000000020000000 0x0000000000005000 xrw
FLASH            0x0000000008000000 0x0000000000010000 xr
*default*        0x0000000000000000 0xffffffffffffffff

Linker script and memory map

LOAD c:/st/stm32cubeide_1.10.1/stm32cubeide/plugins/com.st.stm32cube.ide.mcu.externaltools.gnu-tools-for-stm32.10.3-2021.10.win32_1.0.0.202111181127/tools/bin/../lib/gcc/arm-none-eabi/10.3.1/thumb/v7-m/nofp/crti.o
LOAD c:/st/stm32cubeide_1.10.1/stm32cubeide/plugins/com.st.stm32cube.ide.mcu.externaltools.gnu-tools-for-stm32.10.3-2021.10.win32_1.0.0.202111181127/tools/bin/../lib/gcc/arm-none-eabi/10.3.1/thumb/v7-m/nofp/crtbegin.o
LOAD c:/st/stm32cubeide_1.10.1/stm32cubeide/plugins/com.st.stm32cube.ide.mcu.externaltools.gnu-tools-for-stm32.10.3-2021.10.win32_1.0.0.202111181127/tools/bin/../lib/gcc/arm-none-eabi/10.3.1/../../../../arm-none-eabi/lib/thumb/v7-m/nofp/crt0.o
LOAD ./Core/Src/FLASH.o
LOAD ./Core/Src/main.o
LOAD ./Core/Src/stm32f1xx_hal_msp.o
LOAD ./Core/Src/stm32f1xx_it.o
LOAD ./Core/Src/syscalls.o
LOAD ./Core/Src/sysmem.o
LOAD ./Core/Src/system_stm32f1xx.o
LOAD ./Core/Src/clock_TT-c/DHT11.o
LOAD ./Core/Src/clock_TT-c/R-W-SD.o
LOAD ./Core/Src/clock_TT-c/RTCds3231.o
LOAD ./Core/Src/clock_TT-c/fatfs_sd.o
LOAD ./Core/Src/clock_TT-c/manhinh.o
LOAD ./Core/Src/clock_TT-c/ssd1306.o
LOAD ./Core/Src/clock_TT-c/ssd1306_fonts.o
LOAD ./Core/Src/clock_TT-c/ssd1306_tests.o
LOAD ./Core/Startup/startup_stm32f103c8tx.o
LOAD ./Drivers/STM32F1xx_HAL_Driver/Src/stm32f1xx_hal.o
LOAD ./Drivers/STM32F1xx_HAL_Driver/Src/stm32f1xx_hal_cortex.o
LOAD ./Drivers/STM32F1xx_HAL_Driver/Src/stm32f1xx_hal_dma.o
LOAD ./Drivers/STM32F1xx_HAL_Driver/Src/stm32f1xx_hal_exti.o
LOAD ./Drivers/STM32F1xx_HAL_Driver/Src/stm32f1xx_hal_flash.o
LOAD ./Drivers/STM32F1xx_HAL_Driver/Src/stm32f1xx_hal_flash_ex.o
LOAD ./Drivers/STM32F1xx_HAL_Driver/Src/stm32f1xx_hal_gpio.o
LOAD ./Drivers/STM32F1xx_HAL_Driver/Src/stm32f1xx_hal_gpio_ex.o
LOAD ./Drivers/STM32F1xx_HAL_Driver/Src/stm32f1xx_hal_i2c.o
LOAD ./Drivers/STM32F1xx_HAL_Driver/Src/stm32f1xx_hal_pwr.o
LOAD ./Drivers/STM32F1xx_HAL_Driver/Src/stm32f1xx_hal_rcc.o
LOAD ./Drivers/STM32F1xx_HAL_Driver/Src/stm32f1xx_hal_rcc_ex.o
LOAD ./Drivers/STM32F1xx_HAL_Driver/Src/stm32f1xx_hal_spi.o
LOAD ./Drivers/STM32F1xx_HAL_Driver/Src/stm32f1xx_hal_tim.o
LOAD ./Drivers/STM32F1xx_HAL_Driver/Src/stm32f1xx_hal_tim_ex.o
LOAD ./FATFS/App/fatfs.o
LOAD ./FATFS/Target/user_diskio.o
LOAD ./Middlewares/Third_Party/FatFs/src/diskio.o
LOAD ./Middlewares/Third_Party/FatFs/src/ff.o
LOAD ./Middlewares/Third_Party/FatFs/src/ff_gen_drv.o
LOAD ./Middlewares/Third_Party/FatFs/src/option/syscall.o
START GROUP
LOAD c:/st/stm32cubeide_1.10.1/stm32cubeide/plugins/com.st.stm32cube.ide.mcu.externaltools.gnu-tools-for-stm32.10.3-2021.10.win32_1.0.0.202111181127/tools/bin/../lib/gcc/arm-none-eabi/10.3.1/../../../../arm-none-eabi/lib/thumb/v7-m/nofp\libc_nano.a
LOAD c:/st/stm32cubeide_1.10.1/stm32cubeide/plugins/com.st.stm32cube.ide.mcu.externaltools.gnu-tools-for-stm32.10.3-2021.10.win32_1.0.0.202111181127/tools/bin/../lib/gcc/arm-none-eabi/10.3.1/../../../../arm-none-eabi/lib/thumb/v7-m/nofp\libm.a
END GROUP
START GROUP
LOAD c:/st/stm32cubeide_1.10.1/stm32cubeide/plugins/com.st.stm32cube.ide.mcu.externaltools.gnu-tools-for-stm32.10.3-2021.10.win32_1.0.0.202111181127/tools/bin/../lib/gcc/arm-none-eabi/10.3.1/thumb/v7-m/nofp\libgcc.a
LOAD c:/st/stm32cubeide_1.10.1/stm32cubeide/plugins/com.st.stm32cube.ide.mcu.externaltools.gnu-tools-for-stm32.10.3-2021.10.win32_1.0.0.202111181127/tools/bin/../lib/gcc/arm-none-eabi/10.3.1/../../../../arm-none-eabi/lib/thumb/v7-m/nofp\libc_nano.a
END GROUP
START GROUP
LOAD c:/st/stm32cubeide_1.10.1/stm32cubeide/plugins/com.st.stm32cube.ide.mcu.externaltools.gnu-tools-for-stm32.10.3-2021.10.win32_1.0.0.202111181127/tools/bin/../lib/gcc/arm-none-eabi/10.3.1/thumb/v7-m/nofp\libgcc.a
LOAD c:/st/stm32cubeide_1.10.1/stm32cubeide/plugins/com.st.stm32cube.ide.mcu.externaltools.gnu-tools-for-stm32.10.3-2021.10.win32_1.0.0.202111181127/tools/bin/../lib/gcc/arm-none-eabi/10.3.1/../../../../arm-none-eabi/lib/thumb/v7-m/nofp\libc_nano.a
LOAD c:/st/stm32cubeide_1.10.1/stm32cubeide/plugins/com.st.stm32cube.ide.mcu.externaltools.gnu-tools-for-stm32.10.3-2021.10.win32_1.0.0.202111181127/tools/bin/../lib/gcc/arm-none-eabi/10.3.1/../../../../arm-none-eabi/lib/thumb/v7-m/nofp\libnosys.a
END GROUP
START GROUP
LOAD c:/st/stm32cubeide_1.10.1/stm32cubeide/plugins/com.st.stm32cube.ide.mcu.externaltools.gnu-tools-for-stm32.10.3-2021.10.win32_1.0.0.202111181127/tools/bin/../lib/gcc/arm-none-eabi/10.3.1/thumb/v7-m/nofp\libgcc.a
LOAD c:/st/stm32cubeide_1.10.1/stm32cubeide/plugins/com.st.stm32cube.ide.mcu.externaltools.gnu-tools-for-stm32.10.3-2021.10.win32_1.0.0.202111181127/tools/bin/../lib/gcc/arm-none-eabi/10.3.1/../../../../arm-none-eabi/lib/thumb/v7-m/nofp\libc_nano.a
LOAD c:/st/stm32cubeide_1.10.1/stm32cubeide/plugins/com.st.stm32cube.ide.mcu.externaltools.gnu-tools-for-stm32.10.3-2021.10.win32_1.0.0.202111181127/tools/bin/../lib/gcc/arm-none-eabi/10.3.1/../../../../arm-none-eabi/lib/thumb/v7-m/nofp\libnosys.a
END GROUP
LOAD c:/st/stm32cubeide_1.10.1/stm32cubeide/plugins/com.st.stm32cube.ide.mcu.externaltools.gnu-tools-for-stm32.10.3-2021.10.win32_1.0.0.202111181127/tools/bin/../lib/gcc/arm-none-eabi/10.3.1/thumb/v7-m/nofp/crtend.o
LOAD c:/st/stm32cubeide_1.10.1/stm32cubeide/plugins/com.st.stm32cube.ide.mcu.externaltools.gnu-tools-for-stm32.10.3-2021.10.win32_1.0.0.202111181127/tools/bin/../lib/gcc/arm-none-eabi/10.3.1/thumb/v7-m/nofp/crtn.o
                0x0000000020005000                _estack = (ORIGIN (RAM) + LENGTH (RAM))
                0x0000000000000200                _Min_Heap_Size = 0x200
                0x0000000000000400                _Min_Stack_Size = 0x400

.isr_vector     0x0000000008000000      0x10c
                0x0000000008000000                . = ALIGN (0x4)
 *(.isr_vector)
 .isr_vector    0x0000000008000000      0x10c ./Core/Startup/startup_stm32f103c8tx.o
                0x0000000008000000                g_pfnVectors
                0x000000000800010c                . = ALIGN (0x4)

.text           0x000000000800010c     0xa854
                0x000000000800010c                . = ALIGN (0x4)
 *(.text)
 .text          0x000000000800010c       0x40 c:/st/stm32cubeide_1.10.1/stm32cubeide/plugins/com.st.stm32cube.ide.mcu.externaltools.gnu-tools-for-stm32.10.3-2021.10.win32_1.0.0.202111181127/tools/bin/../lib/gcc/arm-none-eabi/10.3.1/thumb/v7-m/nofp/crtbegin.o
 *(.text*)
 .text.HAL_GPIO_EXTI_Callback
                0x000000000800014c      0x12c ./Core/Src/main.o
                0x000000000800014c                HAL_GPIO_EXTI_Callback
 .text.HAL_TIM_PeriodElapsedCallback
                0x0000000008000278       0x50 ./Core/Src/main.o
                0x0000000008000278                HAL_TIM_PeriodElapsedCallback
 .text.HAL_I2C_MemRxCpltCallback
                0x00000000080002c8       0xa4 ./Core/Src/main.o
                0x00000000080002c8                HAL_I2C_MemRxCpltCallback
 .text.doc      0x000000000800036c       0x74 ./Core/Src/main.o
                0x000000000800036c                doc
 .text.ngang    0x00000000080003e0       0x60 ./Core/Src/main.o
                0x00000000080003e0                ngang
 .text.main     0x0000000008000440      0xe30 ./Core/Src/main.o
                0x0000000008000440                main
 .text.SystemClock_Config
                0x0000000008001270       0x8a ./Core/Src/main.o
                0x0000000008001270                SystemClock_Config
 *fill*         0x00000000080012fa        0x2 
 .text.MX_I2C1_Init
                0x00000000080012fc       0x5c ./Core/Src/main.o
 .text.MX_I2C2_Init
                0x0000000008001358       0x5c ./Core/Src/main.o
 .text.MX_SPI1_Init
                0x00000000080013b4       0x6c ./Core/Src/main.o
 .text.MX_SPI2_Init
                0x0000000008001420       0x6c ./Core/Src/main.o
 .text.MX_TIM2_Init
                0x000000000800148c       0xe8 ./Core/Src/main.o
 .text.MX_TIM3_Init
                0x0000000008001574       0x98 ./Core/Src/main.o
 .text.MX_TIM4_Init
                0x000000000800160c       0x9c ./Core/Src/main.o
 .text.MX_GPIO_Init
                0x00000000080016a8      0x1c8 ./Core/Src/main.o
 .text.Error_Handler
                0x0000000008001870        0xa ./Core/Src/main.o
                0x0000000008001870                Error_Handler
 *fill*         0x000000000800187a        0x2 
 .text.HAL_MspInit
                0x000000000800187c       0x64 ./Core/Src/stm32f1xx_hal_msp.o
                0x000000000800187c                HAL_MspInit
 .text.HAL_I2C_MspInit
                0x00000000080018e0       0xf8 ./Core/Src/stm32f1xx_hal_msp.o
                0x00000000080018e0                HAL_I2C_MspInit
 .text.HAL_SPI_MspInit
                0x00000000080019d8      0x11c ./Core/Src/stm32f1xx_hal_msp.o
                0x00000000080019d8                HAL_SPI_MspInit
 .text.HAL_TIM_Base_MspInit
                0x0000000008001af4       0x98 ./Core/Src/stm32f1xx_hal_msp.o
                0x0000000008001af4                HAL_TIM_Base_MspInit
 .text.HAL_TIM_MspPostInit
                0x0000000008001b8c       0x8c ./Core/Src/stm32f1xx_hal_msp.o
                0x0000000008001b8c                HAL_TIM_MspPostInit
 .text.SDTimer_Handler
                0x0000000008001c18       0x44 ./Core/Src/stm32f1xx_it.o
                0x0000000008001c18                SDTimer_Handler
 .text.NMI_Handler
                0x0000000008001c5c        0x6 ./Core/Src/stm32f1xx_it.o
                0x0000000008001c5c                NMI_Handler
 .text.HardFault_Handler
                0x0000000008001c62        0x6 ./Core/Src/stm32f1xx_it.o
                0x0000000008001c62                HardFault_Handler
 .text.MemManage_Handler
                0x0000000008001c68        0x6 ./Core/Src/stm32f1xx_it.o
                0x0000000008001c68                MemManage_Handler
 .text.BusFault_Handler
                0x0000000008001c6e        0x6 ./Core/Src/stm32f1xx_it.o
                0x0000000008001c6e                BusFault_Handler
 .text.UsageFault_Handler
                0x0000000008001c74        0x6 ./Core/Src/stm32f1xx_it.o
                0x0000000008001c74                UsageFault_Handler
 .text.SVC_Handler
                0x0000000008001c7a        0xc ./Core/Src/stm32f1xx_it.o
                0x0000000008001c7a                SVC_Handler
 .text.DebugMon_Handler
                0x0000000008001c86        0xc ./Core/Src/stm32f1xx_it.o
                0x0000000008001c86                DebugMon_Handler
 .text.PendSV_Handler
                0x0000000008001c92        0xc ./Core/Src/stm32f1xx_it.o
                0x0000000008001c92                PendSV_Handler
 *fill*         0x0000000008001c9e        0x2 
 .text.SysTick_Handler
                0x0000000008001ca0       0x34 ./Core/Src/stm32f1xx_it.o
                0x0000000008001ca0                SysTick_Handler
 .text.EXTI1_IRQHandler
                0x0000000008001cd4        0xe ./Core/Src/stm32f1xx_it.o
                0x0000000008001cd4                EXTI1_IRQHandler
 .text.EXTI2_IRQHandler
                0x0000000008001ce2        0xe ./Core/Src/stm32f1xx_it.o
                0x0000000008001ce2                EXTI2_IRQHandler
 .text.EXTI3_IRQHandler
                0x0000000008001cf0        0xe ./Core/Src/stm32f1xx_it.o
                0x0000000008001cf0                EXTI3_IRQHandler
 .text.EXTI4_IRQHandler
                0x0000000008001cfe        0xe ./Core/Src/stm32f1xx_it.o
                0x0000000008001cfe                EXTI4_IRQHandler
 .text.EXTI9_5_IRQHandler
                0x0000000008001d0c        0xe ./Core/Src/stm32f1xx_it.o
                0x0000000008001d0c                EXTI9_5_IRQHandler
 *fill*         0x0000000008001d1a        0x2 
 .text.TIM3_IRQHandler
                0x0000000008001d1c       0x14 ./Core/Src/stm32f1xx_it.o
                0x0000000008001d1c                TIM3_IRQHandler
 .text.I2C1_EV_IRQHandler
                0x0000000008001d30       0x14 ./Core/Src/stm32f1xx_it.o
                0x0000000008001d30                I2C1_EV_IRQHandler
 .text.I2C2_EV_IRQHandler
                0x0000000008001d44       0x14 ./Core/Src/stm32f1xx_it.o
                0x0000000008001d44                I2C2_EV_IRQHandler
 .text.SPI2_IRQHandler
                0x0000000008001d58       0x14 ./Core/Src/stm32f1xx_it.o
                0x0000000008001d58                SPI2_IRQHandler
 .text.SystemInit
                0x0000000008001d6c        0xc ./Core/Src/system_stm32f1xx.o
                0x0000000008001d6c                SystemInit
 .text.phatnhac
                0x0000000008001d78       0x14 ./Core/Src/clock_TT-c/R-W-SD.o
                0x0000000008001d78                phatnhac
 .text.readsdtxt
                0x0000000008001d8c       0x88 ./Core/Src/clock_TT-c/R-W-SD.o
                0x0000000008001d8c                readsdtxt
 .text.str2uint8t
                0x0000000008001e14       0x5e ./Core/Src/clock_TT-c/R-W-SD.o
                0x0000000008001e14                str2uint8t
 *fill*         0x0000000008001e72        0x2 
 .text.readline
                0x0000000008001e74       0xe8 ./Core/Src/clock_TT-c/R-W-SD.o
                0x0000000008001e74                readline
 .text.readdanhsachnhac
                0x0000000008001f5c       0xbc ./Core/Src/clock_TT-c/R-W-SD.o
                0x0000000008001f5c                readdanhsachnhac
 .text.write_sd
                0x0000000008002018       0xd4 ./Core/Src/clock_TT-c/R-W-SD.o
                0x0000000008002018                write_sd
 .text.readtime
                0x00000000080020ec       0x30 ./Core/Src/clock_TT-c/RTCds3231.o
                0x00000000080020ec                readtime
 .text.BCD2DEC  0x000000000800211c       0x30 ./Core/Src/clock_TT-c/RTCds3231.o
                0x000000000800211c                BCD2DEC
 .text.DEC2BCD  0x000000000800214c       0x48 ./Core/Src/clock_TT-c/RTCds3231.o
                0x000000000800214c                DEC2BCD
 .text.stactusTX
                0x0000000008002194       0x5c ./Core/Src/clock_TT-c/RTCds3231.o
                0x0000000008002194                stactusTX
 .text.settime  0x00000000080021f0       0xb8 ./Core/Src/clock_TT-c/RTCds3231.o
                0x00000000080021f0                settime
 .text.SELECT   0x00000000080022a8       0x18 ./Core/Src/clock_TT-c/fatfs_sd.o
 .text.DESELECT
                0x00000000080022c0       0x18 ./Core/Src/clock_TT-c/fatfs_sd.o
 .text.SPI_TxByte
                0x00000000080022d8       0x34 ./Core/Src/clock_TT-c/fatfs_sd.o
 .text.SPI_RxByte
                0x000000000800230c       0x3c ./Core/Src/clock_TT-c/fatfs_sd.o
 .text.SPI_RxBytePtr
                0x0000000008002348       0x1c ./Core/Src/clock_TT-c/fatfs_sd.o
 .text.SD_ReadyWait
                0x0000000008002364       0x38 ./Core/Src/clock_TT-c/fatfs_sd.o
 .text.SD_PowerOn
                0x000000000800239c       0x98 ./Core/Src/clock_TT-c/fatfs_sd.o
 .text.SD_PowerOff
                0x0000000008002434       0x18 ./Core/Src/clock_TT-c/fatfs_sd.o
 .text.SD_CheckPower
                0x000000000800244c       0x14 ./Core/Src/clock_TT-c/fatfs_sd.o
 .text.SD_RxDataBlock
                0x0000000008002460       0x6c ./Core/Src/clock_TT-c/fatfs_sd.o
 .text.SD_TxDataBlock
                0x00000000080024cc       0xa8 ./Core/Src/clock_TT-c/fatfs_sd.o
 .text.SD_SendCmd
                0x0000000008002574       0xa4 ./Core/Src/clock_TT-c/fatfs_sd.o
 .text.SD_disk_initialize
                0x0000000008002618      0x1d4 ./Core/Src/clock_TT-c/fatfs_sd.o
                0x0000000008002618                SD_disk_initialize
 .text.SD_disk_status
                0x00000000080027ec       0x28 ./Core/Src/clock_TT-c/fatfs_sd.o
                0x00000000080027ec                SD_disk_status
 .text.SD_disk_read
                0x0000000008002814       0xd4 ./Core/Src/clock_TT-c/fatfs_sd.o
                0x0000000008002814                SD_disk_read
 .text.SD_disk_write
                0x00000000080028e8      0x108 ./Core/Src/clock_TT-c/fatfs_sd.o
                0x00000000080028e8                SD_disk_write
 .text.SD_disk_ioctl
                0x00000000080029f0      0x264 ./Core/Src/clock_TT-c/fatfs_sd.o
                0x00000000080029f0                SD_disk_ioctl
 .text.ssd1306_Reset
                0x0000000008002c54       0x3c ./Core/Src/clock_TT-c/ssd1306.o
                0x0000000008002c54                ssd1306_Reset
 .text.ssd1306_WriteCommand
                0x0000000008002c90       0x4c ./Core/Src/clock_TT-c/ssd1306.o
                0x0000000008002c90                ssd1306_WriteCommand
 .text.ssd1306_WriteData
                0x0000000008002cdc       0x4c ./Core/Src/clock_TT-c/ssd1306.o
                0x0000000008002cdc                ssd1306_WriteData
 .text.ssd1306_Init
                0x0000000008002d28       0xd4 ./Core/Src/clock_TT-c/ssd1306.o
                0x0000000008002d28                ssd1306_Init
 .text.ssd1306_Fill
                0x0000000008002dfc       0x30 ./Core/Src/clock_TT-c/ssd1306.o
                0x0000000008002dfc                ssd1306_Fill
 .text.ssd1306_UpdateScreen
                0x0000000008002e2c       0x50 ./Core/Src/clock_TT-c/ssd1306.o
                0x0000000008002e2c                ssd1306_UpdateScreen
 .text.ssd1306_DrawPixel
                0x0000000008002e7c       0xa4 ./Core/Src/clock_TT-c/ssd1306.o
                0x0000000008002e7c                ssd1306_DrawPixel
 .text.ssd1306_WriteChar
                0x0000000008002f20      0x110 ./Core/Src/clock_TT-c/ssd1306.o
                0x0000000008002f20                ssd1306_WriteChar
 .text.ssd1306_WriteString
                0x0000000008003030       0x4c ./Core/Src/clock_TT-c/ssd1306.o
                0x0000000008003030                ssd1306_WriteString
 .text.ssd1306_SetCursor
                0x000000000800307c       0x30 ./Core/Src/clock_TT-c/ssd1306.o
                0x000000000800307c                ssd1306_SetCursor
 .text.ssd1306_DrawBitmap
                0x00000000080030ac       0xb6 ./Core/Src/clock_TT-c/ssd1306.o
                0x00000000080030ac                ssd1306_DrawBitmap
 .text.ssd1306_SetContrast
                0x0000000008003162       0x26 ./Core/Src/clock_TT-c/ssd1306.o
                0x0000000008003162                ssd1306_SetContrast
 .text.ssd1306_SetDisplayOn
                0x0000000008003188       0x3c ./Core/Src/clock_TT-c/ssd1306.o
                0x0000000008003188                ssd1306_SetDisplayOn
 .text.Reset_Handler
                0x00000000080031c4       0x48 ./Core/Startup/startup_stm32f103c8tx.o
                0x00000000080031c4                Reset_Handler
 .text.Default_Handler
                0x000000000800320c        0x2 ./Core/Startup/startup_stm32f103c8tx.o
                0x000000000800320c                RTC_Alarm_IRQHandler
                0x000000000800320c                TIM1_CC_IRQHandler
                0x000000000800320c                PVD_IRQHandler
                0x000000000800320c                EXTI0_IRQHandler
                0x000000000800320c                ADC1_2_IRQHandler
                0x000000000800320c                SPI1_IRQHandler
                0x000000000800320c                TAMPER_IRQHandler
                0x000000000800320c                DMA1_Channel4_IRQHandler
                0x000000000800320c                USART3_IRQHandler
                0x000000000800320c                RTC_IRQHandler
                0x000000000800320c                DMA1_Channel7_IRQHandler
                0x000000000800320c                CAN1_RX1_IRQHandler
                0x000000000800320c                TIM4_IRQHandler
                0x000000000800320c                DMA1_Channel6_IRQHandler
                0x000000000800320c                RCC_IRQHandler
                0x000000000800320c                TIM1_TRG_COM_IRQHandler
                0x000000000800320c                DMA1_Channel1_IRQHandler
                0x000000000800320c                Default_Handler
                0x000000000800320c                EXTI15_10_IRQHandler
                0x000000000800320c                DMA1_Channel5_IRQHandler
                0x000000000800320c                USB_LP_CAN1_RX0_IRQHandler
                0x000000000800320c                USB_HP_CAN1_TX_IRQHandler
                0x000000000800320c                DMA1_Channel3_IRQHandler
                0x000000000800320c                TIM1_UP_IRQHandler
                0x000000000800320c                WWDG_IRQHandler
                0x000000000800320c                TIM2_IRQHandler
                0x000000000800320c                TIM1_BRK_IRQHandler
                0x000000000800320c                USART2_IRQHandler
                0x000000000800320c                I2C2_ER_IRQHandler
                0x000000000800320c                DMA1_Channel2_IRQHandler
                0x000000000800320c                CAN1_SCE_IRQHandler
                0x000000000800320c                FLASH_IRQHandler
                0x000000000800320c                USART1_IRQHandler
                0x000000000800320c                I2C1_ER_IRQHandler
                0x000000000800320c                USBWakeUp_IRQHandler
 *fill*         0x000000000800320e        0x2 
 .text.HAL_Init
                0x0000000008003210       0x2c ./Drivers/STM32F1xx_HAL_Driver/Src/stm32f1xx_hal.o
                0x0000000008003210                HAL_Init
 .text.HAL_InitTick
                0x000000000800323c       0x60 ./Drivers/STM32F1xx_HAL_Driver/Src/stm32f1xx_hal.o
                0x000000000800323c                HAL_InitTick
 .text.HAL_IncTick
                0x000000000800329c       0x24 ./Drivers/STM32F1xx_HAL_Driver/Src/stm32f1xx_hal.o
                0x000000000800329c                HAL_IncTick
 .text.HAL_GetTick
                0x00000000080032c0       0x14 ./Drivers/STM32F1xx_HAL_Driver/Src/stm32f1xx_hal.o
                0x00000000080032c0                HAL_GetTick
 .text.HAL_Delay
                0x00000000080032d4       0x48 ./Drivers/STM32F1xx_HAL_Driver/Src/stm32f1xx_hal.o
                0x00000000080032d4                HAL_Delay
 .text.__NVIC_SetPriorityGrouping
                0x000000000800331c       0x48 ./Drivers/STM32F1xx_HAL_Driver/Src/stm32f1xx_hal_cortex.o
 .text.__NVIC_GetPriorityGrouping
                0x0000000008003364       0x1c ./Drivers/STM32F1xx_HAL_Driver/Src/stm32f1xx_hal_cortex.o
 .text.__NVIC_EnableIRQ
                0x0000000008003380       0x38 ./Drivers/STM32F1xx_HAL_Driver/Src/stm32f1xx_hal_cortex.o
 .text.__NVIC_SetPriority
                0x00000000080033b8       0x54 ./Drivers/STM32F1xx_HAL_Driver/Src/stm32f1xx_hal_cortex.o
 .text.NVIC_EncodePriority
                0x000000000800340c       0x64 ./Drivers/STM32F1xx_HAL_Driver/Src/stm32f1xx_hal_cortex.o
 .text.SysTick_Config
                0x0000000008003470       0x44 ./Drivers/STM32F1xx_HAL_Driver/Src/stm32f1xx_hal_cortex.o
 .text.HAL_NVIC_SetPriorityGrouping
                0x00000000080034b4       0x16 ./Drivers/STM32F1xx_HAL_Driver/Src/stm32f1xx_hal_cortex.o
                0x00000000080034b4                HAL_NVIC_SetPriorityGrouping
 .text.HAL_NVIC_SetPriority
                0x00000000080034ca       0x38 ./Drivers/STM32F1xx_HAL_Driver/Src/stm32f1xx_hal_cortex.o
                0x00000000080034ca                HAL_NVIC_SetPriority
 .text.HAL_NVIC_EnableIRQ
                0x0000000008003502       0x1c ./Drivers/STM32F1xx_HAL_Driver/Src/stm32f1xx_hal_cortex.o
                0x0000000008003502                HAL_NVIC_EnableIRQ
 .text.HAL_SYSTICK_Config
                0x000000000800351e       0x18 ./Drivers/STM32F1xx_HAL_Driver/Src/stm32f1xx_hal_cortex.o
                0x000000000800351e                HAL_SYSTICK_Config
 *fill*         0x0000000008003536        0x2 
 .text.HAL_DMA_Abort_IT
                0x0000000008003538       0xf0 ./Drivers/STM32F1xx_HAL_Driver/Src/stm32f1xx_hal_dma.o
                0x0000000008003538                HAL_DMA_Abort_IT
 .text.HAL_DMA_GetState
                0x0000000008003628       0x1a ./Drivers/STM32F1xx_HAL_Driver/Src/stm32f1xx_hal_dma.o
                0x0000000008003628                HAL_DMA_GetState
 *fill*         0x0000000008003642        0x2 
 .text.HAL_GPIO_Init
                0x0000000008003644      0x308 ./Drivers/STM32F1xx_HAL_Driver/Src/stm32f1xx_hal_gpio.o
                0x0000000008003644                HAL_GPIO_Init
 .text.HAL_GPIO_WritePin
                0x000000000800394c       0x30 ./Drivers/STM32F1xx_HAL_Driver/Src/stm32f1xx_hal_gpio.o
                0x000000000800394c                HAL_GPIO_WritePin
 .text.HAL_GPIO_EXTI_IRQHandler
                0x000000000800397c       0x30 ./Drivers/STM32F1xx_HAL_Driver/Src/stm32f1xx_hal_gpio.o
                0x000000000800397c                HAL_GPIO_EXTI_IRQHandler
 .text.HAL_I2C_Init
                0x00000000080039ac      0x288 ./Drivers/STM32F1xx_HAL_Driver/Src/stm32f1xx_hal_i2c.o
                0x00000000080039ac                HAL_I2C_Init
 .text.I2C_Flush_DR
                0x0000000008003c34       0x28 ./Drivers/STM32F1xx_HAL_Driver/Src/stm32f1xx_hal_i2c.o
 .text.HAL_I2C_Mem_Write_IT
                0x0000000008003c5c      0x158 ./Drivers/STM32F1xx_HAL_Driver/Src/stm32f1xx_hal_i2c.o
                0x0000000008003c5c                HAL_I2C_Mem_Write_IT
 .text.HAL_I2C_Mem_Read_IT
                0x0000000008003db4      0x170 ./Drivers/STM32F1xx_HAL_Driver/Src/stm32f1xx_hal_i2c.o
                0x0000000008003db4                HAL_I2C_Mem_Read_IT
 .text.HAL_I2C_IsDeviceReady
                0x0000000008003f24      0x25c ./Drivers/STM32F1xx_HAL_Driver/Src/stm32f1xx_hal_i2c.o
                0x0000000008003f24                HAL_I2C_IsDeviceReady
 .text.HAL_I2C_EV_IRQHandler
                0x0000000008004180      0x2e2 ./Drivers/STM32F1xx_HAL_Driver/Src/stm32f1xx_hal_i2c.o
                0x0000000008004180                HAL_I2C_EV_IRQHandler
 .text.HAL_I2C_MasterTxCpltCallback
                0x0000000008004462       0x12 ./Drivers/STM32F1xx_HAL_Driver/Src/stm32f1xx_hal_i2c.o
                0x0000000008004462                HAL_I2C_MasterTxCpltCallback
 .text.HAL_I2C_MasterRxCpltCallback
                0x0000000008004474       0x12 ./Drivers/STM32F1xx_HAL_Driver/Src/stm32f1xx_hal_i2c.o
                0x0000000008004474                HAL_I2C_MasterRxCpltCallback
 .text.HAL_I2C_SlaveTxCpltCallback
                0x0000000008004486       0x12 ./Drivers/STM32F1xx_HAL_Driver/Src/stm32f1xx_hal_i2c.o
                0x0000000008004486                HAL_I2C_SlaveTxCpltCallback
 .text.HAL_I2C_SlaveRxCpltCallback
                0x0000000008004498       0x12 ./Drivers/STM32F1xx_HAL_Driver/Src/stm32f1xx_hal_i2c.o
                0x0000000008004498                HAL_I2C_SlaveRxCpltCallback
 .text.HAL_I2C_AddrCallback
                0x00000000080044aa       0x1a ./Drivers/STM32F1xx_HAL_Driver/Src/stm32f1xx_hal_i2c.o
                0x00000000080044aa                HAL_I2C_AddrCallback
 .text.HAL_I2C_ListenCpltCallback
                0x00000000080044c4       0x12 ./Drivers/STM32F1xx_HAL_Driver/Src/stm32f1xx_hal_i2c.o
                0x00000000080044c4                HAL_I2C_ListenCpltCallback
 .text.HAL_I2C_MemTxCpltCallback
                0x00000000080044d6       0x12 ./Drivers/STM32F1xx_HAL_Driver/Src/stm32f1xx_hal_i2c.o
                0x00000000080044d6                HAL_I2C_MemTxCpltCallback
 .text.HAL_I2C_ErrorCallback
                0x00000000080044e8       0x12 ./Drivers/STM32F1xx_HAL_Driver/Src/stm32f1xx_hal_i2c.o
                0x00000000080044e8                HAL_I2C_ErrorCallback
 .text.HAL_I2C_AbortCpltCallback
                0x00000000080044fa       0x12 ./Drivers/STM32F1xx_HAL_Driver/Src/stm32f1xx_hal_i2c.o
                0x00000000080044fa                HAL_I2C_AbortCpltCallback
 .text.I2C_MasterTransmit_TXE
                0x000000000800450c      0x138 ./Drivers/STM32F1xx_HAL_Driver/Src/stm32f1xx_hal_i2c.o
 .text.I2C_MasterTransmit_BTF
                0x0000000008004644       0xec ./Drivers/STM32F1xx_HAL_Driver/Src/stm32f1xx_hal_i2c.o
 .text.I2C_MemoryTransmit_TXE_BTF
                0x0000000008004730      0x130 ./Drivers/STM32F1xx_HAL_Driver/Src/stm32f1xx_hal_i2c.o
 .text.I2C_MasterReceive_RXNE
                0x0000000008004860      0x176 ./Drivers/STM32F1xx_HAL_Driver/Src/stm32f1xx_hal_i2c.o
 .text.I2C_MasterReceive_BTF
                0x00000000080049d6      0x1d4 ./Drivers/STM32F1xx_HAL_Driver/Src/stm32f1xx_hal_i2c.o
 .text.I2C_Master_SB
                0x0000000008004baa      0x10a ./Drivers/STM32F1xx_HAL_Driver/Src/stm32f1xx_hal_i2c.o
 .text.I2C_Master_ADD10
                0x0000000008004cb4       0x52 ./Drivers/STM32F1xx_HAL_Driver/Src/stm32f1xx_hal_i2c.o
 .text.I2C_Master_ADDR
                0x0000000008004d06      0x336 ./Drivers/STM32F1xx_HAL_Driver/Src/stm32f1xx_hal_i2c.o
 .text.I2C_SlaveTransmit_TXE
                0x000000000800503c       0x7a ./Drivers/STM32F1xx_HAL_Driver/Src/stm32f1xx_hal_i2c.o
 .text.I2C_SlaveTransmit_BTF
                0x00000000080050b6       0x40 ./Drivers/STM32F1xx_HAL_Driver/Src/stm32f1xx_hal_i2c.o
 .text.I2C_SlaveReceive_RXNE
                0x00000000080050f6       0x7c ./Drivers/STM32F1xx_HAL_Driver/Src/stm32f1xx_hal_i2c.o
 .text.I2C_SlaveReceive_BTF
                0x0000000008005172       0x42 ./Drivers/STM32F1xx_HAL_Driver/Src/stm32f1xx_hal_i2c.o
 .text.I2C_Slave_ADDR
                0x00000000080051b4       0x94 ./Drivers/STM32F1xx_HAL_Driver/Src/stm32f1xx_hal_i2c.o
 .text.I2C_Slave_STOPF
                0x0000000008005248      0x260 ./Drivers/STM32F1xx_HAL_Driver/Src/stm32f1xx_hal_i2c.o
 .text.I2C_ITError
                0x00000000080054a8      0x264 ./Drivers/STM32F1xx_HAL_Driver/Src/stm32f1xx_hal_i2c.o
 .text.I2C_DMAAbort
                0x000000000800570c      0x150 ./Drivers/STM32F1xx_HAL_Driver/Src/stm32f1xx_hal_i2c.o
 .text.I2C_WaitOnFlagUntilTimeout
                0x000000000800585c       0xf4 ./Drivers/STM32F1xx_HAL_Driver/Src/stm32f1xx_hal_i2c.o
 .text.I2C_WaitOnSTOPRequestThroughIT
                0x0000000008005950       0x64 ./Drivers/STM32F1xx_HAL_Driver/Src/stm32f1xx_hal_i2c.o
 .text.I2C_ConvertOtherXferOptions
                0x00000000080059b4       0x34 ./Drivers/STM32F1xx_HAL_Driver/Src/stm32f1xx_hal_i2c.o
 .text.HAL_RCC_OscConfig
                0x00000000080059e8      0x504 ./Drivers/STM32F1xx_HAL_Driver/Src/stm32f1xx_hal_rcc.o
                0x00000000080059e8                HAL_RCC_OscConfig
 .text.HAL_RCC_ClockConfig
                0x0000000008005eec      0x1d4 ./Drivers/STM32F1xx_HAL_Driver/Src/stm32f1xx_hal_rcc.o
                0x0000000008005eec                HAL_RCC_ClockConfig
 .text.HAL_RCC_GetSysClockFreq
                0x00000000080060c0       0xa8 ./Drivers/STM32F1xx_HAL_Driver/Src/stm32f1xx_hal_rcc.o
                0x00000000080060c0                HAL_RCC_GetSysClockFreq
 .text.HAL_RCC_GetHCLKFreq
                0x0000000008006168       0x14 ./Drivers/STM32F1xx_HAL_Driver/Src/stm32f1xx_hal_rcc.o
                0x0000000008006168                HAL_RCC_GetHCLKFreq
 .text.HAL_RCC_GetPCLK1Freq
                0x000000000800617c       0x28 ./Drivers/STM32F1xx_HAL_Driver/Src/stm32f1xx_hal_rcc.o
                0x000000000800617c                HAL_RCC_GetPCLK1Freq
 .text.RCC_Delay
                0x00000000080061a4       0x3c ./Drivers/STM32F1xx_HAL_Driver/Src/stm32f1xx_hal_rcc.o
 .text.HAL_SPI_Init
                0x00000000080061e0      0x108 ./Drivers/STM32F1xx_HAL_Driver/Src/stm32f1xx_hal_spi.o
                0x00000000080061e0                HAL_SPI_Init
 .text.HAL_SPI_Transmit
                0x00000000080062e8      0x286 ./Drivers/STM32F1xx_HAL_Driver/Src/stm32f1xx_hal_spi.o
                0x00000000080062e8                HAL_SPI_Transmit
 .text.HAL_SPI_TransmitReceive
                0x000000000800656e      0x360 ./Drivers/STM32F1xx_HAL_Driver/Src/stm32f1xx_hal_spi.o
                0x000000000800656e                HAL_SPI_TransmitReceive
 *fill*         0x00000000080068ce        0x2 
 .text.HAL_SPI_IRQHandler
                0x00000000080068d0      0x1cc ./Drivers/STM32F1xx_HAL_Driver/Src/stm32f1xx_hal_spi.o
                0x00000000080068d0                HAL_SPI_IRQHandler
 .text.HAL_SPI_ErrorCallback
                0x0000000008006a9c       0x12 ./Drivers/STM32F1xx_HAL_Driver/Src/stm32f1xx_hal_spi.o
                0x0000000008006a9c                HAL_SPI_ErrorCallback
 .text.HAL_SPI_GetState
                0x0000000008006aae       0x1a ./Drivers/STM32F1xx_HAL_Driver/Src/stm32f1xx_hal_spi.o
                0x0000000008006aae                HAL_SPI_GetState
 .text.SPI_DMAAbortOnError
                0x0000000008006ac8       0x28 ./Drivers/STM32F1xx_HAL_Driver/Src/stm32f1xx_hal_spi.o
 .text.SPI_WaitFlagStateUntilTimeout
                0x0000000008006af0      0x110 ./Drivers/STM32F1xx_HAL_Driver/Src/stm32f1xx_hal_spi.o
 .text.SPI_EndRxTxTransaction
                0x0000000008006c00       0x3c ./Drivers/STM32F1xx_HAL_Driver/Src/stm32f1xx_hal_spi.o
 .text.HAL_TIM_Base_Init
                0x0000000008006c3c       0x9e ./Drivers/STM32F1xx_HAL_Driver/Src/stm32f1xx_hal_tim.o
                0x0000000008006c3c                HAL_TIM_Base_Init
 *fill*         0x0000000008006cda        0x2 
 .text.HAL_TIM_Base_Start_IT
                0x0000000008006cdc       0xa4 ./Drivers/STM32F1xx_HAL_Driver/Src/stm32f1xx_hal_tim.o
                0x0000000008006cdc                HAL_TIM_Base_Start_IT
 .text.HAL_TIM_Base_Stop_IT
                0x0000000008006d80       0x5c ./Drivers/STM32F1xx_HAL_Driver/Src/stm32f1xx_hal_tim.o
                0x0000000008006d80                HAL_TIM_Base_Stop_IT
 .text.HAL_TIM_PWM_Init
                0x0000000008006ddc       0x9e ./Drivers/STM32F1xx_HAL_Driver/Src/stm32f1xx_hal_tim.o
                0x0000000008006ddc                HAL_TIM_PWM_Init
 .text.HAL_TIM_PWM_MspInit
                0x0000000008006e7a       0x12 ./Drivers/STM32F1xx_HAL_Driver/Src/stm32f1xx_hal_tim.o
                0x0000000008006e7a                HAL_TIM_PWM_MspInit
 .text.HAL_TIM_PWM_Start
                0x0000000008006e8c      0x144 ./Drivers/STM32F1xx_HAL_Driver/Src/stm32f1xx_hal_tim.o
                0x0000000008006e8c                HAL_TIM_PWM_Start
 .text.HAL_TIM_IRQHandler
                0x0000000008006fd0      0x210 ./Drivers/STM32F1xx_HAL_Driver/Src/stm32f1xx_hal_tim.o
                0x0000000008006fd0                HAL_TIM_IRQHandler
 .text.HAL_TIM_PWM_ConfigChannel
                0x00000000080071e0      0x184 ./Drivers/STM32F1xx_HAL_Driver/Src/stm32f1xx_hal_tim.o
                0x00000000080071e0                HAL_TIM_PWM_ConfigChannel
 .text.HAL_TIM_ConfigClockSource
                0x0000000008007364      0x18e ./Drivers/STM32F1xx_HAL_Driver/Src/stm32f1xx_hal_tim.o
                0x0000000008007364                HAL_TIM_ConfigClockSource
 .text.HAL_TIM_OC_DelayElapsedCallback
                0x00000000080074f2       0x12 ./Drivers/STM32F1xx_HAL_Driver/Src/stm32f1xx_hal_tim.o
                0x00000000080074f2                HAL_TIM_OC_DelayElapsedCallback
 .text.HAL_TIM_IC_CaptureCallback
                0x0000000008007504       0x12 ./Drivers/STM32F1xx_HAL_Driver/Src/stm32f1xx_hal_tim.o
                0x0000000008007504                HAL_TIM_IC_CaptureCallback
 .text.HAL_TIM_PWM_PulseFinishedCallback
                0x0000000008007516       0x12 ./Drivers/STM32F1xx_HAL_Driver/Src/stm32f1xx_hal_tim.o
                0x0000000008007516                HAL_TIM_PWM_PulseFinishedCallback
 .text.HAL_TIM_TriggerCallback
                0x0000000008007528       0x12 ./Drivers/STM32F1xx_HAL_Driver/Src/stm32f1xx_hal_tim.o
                0x0000000008007528                HAL_TIM_TriggerCallback
 *fill*         0x000000000800753a        0x2 
 .text.TIM_Base_SetConfig
                0x000000000800753c       0xc4 ./Drivers/STM32F1xx_HAL_Driver/Src/stm32f1xx_hal_tim.o
                0x000000000800753c                TIM_Base_SetConfig
 .text.TIM_OC1_SetConfig
                0x0000000008007600       0xcc ./Drivers/STM32F1xx_HAL_Driver/Src/stm32f1xx_hal_tim.o
 .text.TIM_OC2_SetConfig
                0x00000000080076cc       0xd4 ./Drivers/STM32F1xx_HAL_Driver/Src/stm32f1xx_hal_tim.o
                0x00000000080076cc                TIM_OC2_SetConfig
 .text.TIM_OC3_SetConfig
                0x00000000080077a0       0xd4 ./Drivers/STM32F1xx_HAL_Driver/Src/stm32f1xx_hal_tim.o
 .text.TIM_OC4_SetConfig
                0x0000000008007874       0x9c ./Drivers/STM32F1xx_HAL_Driver/Src/stm32f1xx_hal_tim.o
 .text.TIM_TI1_ConfigInputStage
                0x0000000008007910       0x5c ./Drivers/STM32F1xx_HAL_Driver/Src/stm32f1xx_hal_tim.o
 .text.TIM_TI2_ConfigInputStage
                0x000000000800796c       0x5e ./Drivers/STM32F1xx_HAL_Driver/Src/stm32f1xx_hal_tim.o
 .text.TIM_ITRx_SetConfig
                0x00000000080079ca       0x34 ./Drivers/STM32F1xx_HAL_Driver/Src/stm32f1xx_hal_tim.o
 .text.TIM_ETR_SetConfig
                0x00000000080079fe       0x3e ./Drivers/STM32F1xx_HAL_Driver/Src/stm32f1xx_hal_tim.o
                0x00000000080079fe                TIM_ETR_SetConfig
 .text.TIM_CCxChannelCmd
                0x0000000008007a3c       0x48 ./Drivers/STM32F1xx_HAL_Driver/Src/stm32f1xx_hal_tim.o
                0x0000000008007a3c                TIM_CCxChannelCmd
 .text.HAL_TIMEx_MasterConfigSynchronization
                0x0000000008007a84       0xbc ./Drivers/STM32F1xx_HAL_Driver/Src/stm32f1xx_hal_tim_ex.o
                0x0000000008007a84                HAL_TIMEx_MasterConfigSynchronization
 .text.HAL_TIMEx_CommutCallback
                0x0000000008007b40       0x12 ./Drivers/STM32F1xx_HAL_Driver/Src/stm32f1xx_hal_tim_ex.o
                0x0000000008007b40                HAL_TIMEx_CommutCallback
 .text.HAL_TIMEx_BreakCallback
                0x0000000008007b52       0x12 ./Drivers/STM32F1xx_HAL_Driver/Src/stm32f1xx_hal_tim_ex.o
                0x0000000008007b52                HAL_TIMEx_BreakCallback
 .text.MX_FATFS_Init
                0x0000000008007b64       0x24 ./FATFS/App/fatfs.o
                0x0000000008007b64                MX_FATFS_Init
 .text.get_fattime
                0x0000000008007b88        0xe ./FATFS/App/fatfs.o
                0x0000000008007b88                get_fattime
 .text.USER_initialize
                0x0000000008007b96       0x1e ./FATFS/Target/user_diskio.o
                0x0000000008007b96                USER_initialize
 .text.USER_status
                0x0000000008007bb4       0x1e ./FATFS/Target/user_diskio.o
                0x0000000008007bb4                USER_status
 .text.USER_read
                0x0000000008007bd2       0x28 ./FATFS/Target/user_diskio.o
                0x0000000008007bd2                USER_read
 .text.USER_write
                0x0000000008007bfa       0x28 ./FATFS/Target/user_diskio.o
                0x0000000008007bfa                USER_write
 .text.USER_ioctl
                0x0000000008007c22       0x28 ./FATFS/Target/user_diskio.o
                0x0000000008007c22                USER_ioctl
 *fill*         0x0000000008007c4a        0x2 
 .text.disk_status
                0x0000000008007c4c       0x34 ./Middlewares/Third_Party/FatFs/src/diskio.o
                0x0000000008007c4c                disk_status
 .text.disk_initialize
                0x0000000008007c80       0x4c ./Middlewares/Third_Party/FatFs/src/diskio.o
                0x0000000008007c80                disk_initialize
 .text.disk_read
                0x0000000008007ccc       0x40 ./Middlewares/Third_Party/FatFs/src/diskio.o
                0x0000000008007ccc                disk_read
 .text.disk_write
                0x0000000008007d0c       0x40 ./Middlewares/Third_Party/FatFs/src/diskio.o
                0x0000000008007d0c                disk_write
 .text.disk_ioctl
                0x0000000008007d4c       0x3c ./Middlewares/Third_Party/FatFs/src/diskio.o
                0x0000000008007d4c                disk_ioctl
 .text.mem_cpy  0x0000000008007d88       0x3c ./Middlewares/Third_Party/FatFs/src/ff.o
 .text.mem_set  0x0000000008007dc4       0x34 ./Middlewares/Third_Party/FatFs/src/ff.o
 .text.mem_cmp  0x0000000008007df8       0x4c ./Middlewares/Third_Party/FatFs/src/ff.o
 .text.chk_chr  0x0000000008007e44       0x34 ./Middlewares/Third_Party/FatFs/src/ff.o
 .text.chk_lock
                0x0000000008007e78       0xd8 ./Middlewares/Third_Party/FatFs/src/ff.o
 .text.enq_lock
                0x0000000008007f50       0x48 ./Middlewares/Third_Party/FatFs/src/ff.o
 .text.inc_lock
                0x0000000008007f98      0x16c ./Middlewares/Third_Party/FatFs/src/ff.o
 .text.dec_lock
                0x0000000008008104       0x88 ./Middlewares/Third_Party/FatFs/src/ff.o
 .text.clear_lock
                0x000000000800818c       0x54 ./Middlewares/Third_Party/FatFs/src/ff.o
 .text.sync_window
                0x00000000080081e0       0x92 ./Middlewares/Third_Party/FatFs/src/ff.o
 .text.move_window
                0x0000000008008272       0x5c ./Middlewares/Third_Party/FatFs/src/ff.o
 .text.sync_fs  0x00000000080082ce      0x15a ./Middlewares/Third_Party/FatFs/src/ff.o
 .text.clust2sect
                0x0000000008008428       0x42 ./Middlewares/Third_Party/FatFs/src/ff.o
                0x0000000008008428                clust2sect
 .text.get_fat  0x000000000800846a      0x174 ./Middlewares/Third_Party/FatFs/src/ff.o
                0x000000000800846a                get_fat
 .text.put_fat  0x00000000080085de      0x21c ./Middlewares/Third_Party/FatFs/src/ff.o
                0x00000000080085de                put_fat
 .text.remove_chain
                0x00000000080087fa       0xb4 ./Middlewares/Third_Party/FatFs/src/ff.o
 .text.create_chain
                0x00000000080088ae      0x13a ./Middlewares/Third_Party/FatFs/src/ff.o
 .text.clmt_clust
                0x00000000080089e8       0x68 ./Middlewares/Third_Party/FatFs/src/ff.o
 .text.dir_sdi  0x0000000008008a50      0x128 ./Middlewares/Third_Party/FatFs/src/ff.o
 .text.dir_next
                0x0000000008008b78      0x1ee ./Middlewares/Third_Party/FatFs/src/ff.o
 .text.dir_alloc
                0x0000000008008d66       0x94 ./Middlewares/Third_Party/FatFs/src/ff.o
 .text.ld_clust
                0x0000000008008dfa       0x5a ./Middlewares/Third_Party/FatFs/src/ff.o
 .text.st_clust
                0x0000000008008e54       0x4c ./Middlewares/Third_Party/FatFs/src/ff.o
 .text.dir_find
                0x0000000008008ea0       0x9e ./Middlewares/Third_Party/FatFs/src/ff.o
 .text.dir_register
                0x0000000008008f3e       0x72 ./Middlewares/Third_Party/FatFs/src/ff.o
 .text.create_name
                0x0000000008008fb0      0x180 ./Middlewares/Third_Party/FatFs/src/ff.o
 .text.follow_path
                0x0000000008009130       0xdc ./Middlewares/Third_Party/FatFs/src/ff.o
 .text.get_ldnumber
                0x000000000800920c       0x86 ./Middlewares/Third_Party/FatFs/src/ff.o
 *fill*         0x0000000008009292        0x2 
 .text.check_fs
                0x0000000008009294       0xd4 ./Middlewares/Third_Party/FatFs/src/ff.o
 .text.find_volume
                0x0000000008009368      0x590 ./Middlewares/Third_Party/FatFs/src/ff.o
 .text.validate
                0x00000000080098f8       0x66 ./Middlewares/Third_Party/FatFs/src/ff.o
 *fill*         0x000000000800995e        0x2 
 .text.f_mount  0x0000000008009960       0x90 ./Middlewares/Third_Party/FatFs/src/ff.o
                0x0000000008009960                f_mount
 .text.f_open   0x00000000080099f0      0x4f2 ./Middlewares/Third_Party/FatFs/src/ff.o
                0x00000000080099f0                f_open
 .text.f_read   0x0000000008009ee2      0x2d6 ./Middlewares/Third_Party/FatFs/src/ff.o
                0x0000000008009ee2                f_read
 .text.f_write  0x000000000800a1b8      0x35a ./Middlewares/Third_Party/FatFs/src/ff.o
                0x000000000800a1b8                f_write
 .text.f_sync   0x000000000800a512      0x174 ./Middlewares/Third_Party/FatFs/src/ff.o
                0x000000000800a512                f_sync
 .text.f_close  0x000000000800a686       0x50 ./Middlewares/Third_Party/FatFs/src/ff.o
                0x000000000800a686                f_close
 .text.f_gets   0x000000000800a6d6       0x7a ./Middlewares/Third_Party/FatFs/src/ff.o
                0x000000000800a6d6                f_gets
 .text.putc_bfd
                0x000000000800a750       0x7a ./Middlewares/Third_Party/FatFs/src/ff.o
 .text.f_puts   0x000000000800a7ca       0x72 ./Middlewares/Third_Party/FatFs/src/ff.o
                0x000000000800a7ca                f_puts
 .text.FATFS_LinkDriverEx
                0x000000000800a83c       0x94 ./Middlewares/Third_Party/FatFs/src/ff_gen_drv.o
                0x000000000800a83c                FATFS_LinkDriverEx
 .text.FATFS_LinkDriver
                0x000000000800a8d0       0x1e ./Middlewares/Third_Party/FatFs/src/ff_gen_drv.o
                0x000000000800a8d0                FATFS_LinkDriver
 *fill*         0x000000000800a8ee        0x2 
 .text.__libc_init_array
                0x000000000800a8f0       0x48 c:/st/stm32cubeide_1.10.1/stm32cubeide/plugins/com.st.stm32cube.ide.mcu.externaltools.gnu-tools-for-stm32.10.3-2021.10.win32_1.0.0.202111181127/tools/bin/../lib/gcc/arm-none-eabi/10.3.1/../../../../arm-none-eabi/lib/thumb/v7-m/nofp\libc_nano.a(lib_a-init.o)
                0x000000000800a8f0                __libc_init_array
 .text.memset   0x000000000800a938       0x10 c:/st/stm32cubeide_1.10.1/stm32cubeide/plugins/com.st.stm32cube.ide.mcu.externaltools.gnu-tools-for-stm32.10.3-2021.10.win32_1.0.0.202111181127/tools/bin/../lib/gcc/arm-none-eabi/10.3.1/../../../../arm-none-eabi/lib/thumb/v7-m/nofp\libc_nano.a(lib_a-memset.o)
                0x000000000800a938                memset
 *(.glue_7)
 .glue_7        0x000000000800a948        0x0 linker stubs
 *(.glue_7t)
 .glue_7t       0x000000000800a948        0x0 linker stubs
 *(.eh_frame)
 .eh_frame      0x000000000800a948        0x0 c:/st/stm32cubeide_1.10.1/stm32cubeide/plugins/com.st.stm32cube.ide.mcu.externaltools.gnu-tools-for-stm32.10.3-2021.10.win32_1.0.0.202111181127/tools/bin/../lib/gcc/arm-none-eabi/10.3.1/thumb/v7-m/nofp/crtbegin.o
 *(.init)
 .init          0x000000000800a948        0x4 c:/st/stm32cubeide_1.10.1/stm32cubeide/plugins/com.st.stm32cube.ide.mcu.externaltools.gnu-tools-for-stm32.10.3-2021.10.win32_1.0.0.202111181127/tools/bin/../lib/gcc/arm-none-eabi/10.3.1/thumb/v7-m/nofp/crti.o
                0x000000000800a948                _init
 .init          0x000000000800a94c        0x8 c:/st/stm32cubeide_1.10.1/stm32cubeide/plugins/com.st.stm32cube.ide.mcu.externaltools.gnu-tools-for-stm32.10.3-2021.10.win32_1.0.0.202111181127/tools/bin/../lib/gcc/arm-none-eabi/10.3.1/thumb/v7-m/nofp/crtn.o
 *(.fini)
 .fini          0x000000000800a954        0x4 c:/st/stm32cubeide_1.10.1/stm32cubeide/plugins/com.st.stm32cube.ide.mcu.externaltools.gnu-tools-for-stm32.10.3-2021.10.win32_1.0.0.202111181127/tools/bin/../lib/gcc/arm-none-eabi/10.3.1/thumb/v7-m/nofp/crti.o
                0x000000000800a954                _fini
 .fini          0x000000000800a958        0x8 c:/st/stm32cubeide_1.10.1/stm32cubeide/plugins/com.st.stm32cube.ide.mcu.externaltools.gnu-tools-for-stm32.10.3-2021.10.win32_1.0.0.202111181127/tools/bin/../lib/gcc/arm-none-eabi/10.3.1/thumb/v7-m/nofp/crtn.o
                0x000000000800a960                . = ALIGN (0x4)
                0x000000000800a960                _etext = .

.vfp11_veneer   0x000000000800a960        0x0
 .vfp11_veneer  0x000000000800a960        0x0 linker stubs

.v4_bx          0x000000000800a960        0x0
 .v4_bx         0x000000000800a960        0x0 linker stubs

.iplt           0x000000000800a960        0x0
 .iplt          0x000000000800a960        0x0 c:/st/stm32cubeide_1.10.1/stm32cubeide/plugins/com.st.stm32cube.ide.mcu.externaltools.gnu-tools-for-stm32.10.3-2021.10.win32_1.0.0.202111181127/tools/bin/../lib/gcc/arm-none-eabi/10.3.1/thumb/v7-m/nofp/crtbegin.o

.rodata         0x000000000800a960     0x16cc
                0x000000000800a960                . = ALIGN (0x4)
 *(.rodata)
 .rodata        0x000000000800a960       0xda ./Core/Src/main.o
 *fill*         0x000000000800aa3a        0x2 
 .rodata        0x000000000800aa3c       0x44 ./Middlewares/Third_Party/FatFs/src/ff.o
 *(.rodata*)
 .rodata.battery
                0x000000000800aa80       0x36 ./Core/Src/main.o
                0x000000000800aa80                battery
 *fill*         0x000000000800aab6        0x2 
 .rodata.AHBPrescTable
                0x000000000800aab8       0x10 ./Core/Src/system_stm32f1xx.o
                0x000000000800aab8                AHBPrescTable
 .rodata.APBPrescTable
                0x000000000800aac8        0x8 ./Core/Src/system_stm32f1xx.o
                0x000000000800aac8                APBPrescTable
 .rodata.Font7x10
                0x000000000800aad0      0x76c ./Core/Src/clock_TT-c/ssd1306_fonts.o
 .rodata.Font11x18
                0x000000000800b23c      0xd5c ./Core/Src/clock_TT-c/ssd1306_fonts.o
 .rodata.aPLLMULFactorTable.1
                0x000000000800bf98       0x10 ./Drivers/STM32F1xx_HAL_Driver/Src/stm32f1xx_hal_rcc.o
 .rodata.aPredivFactorTable.0
                0x000000000800bfa8        0x2 ./Drivers/STM32F1xx_HAL_Driver/Src/stm32f1xx_hal_rcc.o
 *fill*         0x000000000800bfaa        0x2 
 .rodata.ExCvt  0x000000000800bfac       0x80 ./Middlewares/Third_Party/FatFs/src/ff.o
                0x000000000800c02c                . = ALIGN (0x4)

.rel.dyn        0x000000000800c02c        0x0
 .rel.iplt      0x000000000800c02c        0x0 c:/st/stm32cubeide_1.10.1/stm32cubeide/plugins/com.st.stm32cube.ide.mcu.externaltools.gnu-tools-for-stm32.10.3-2021.10.win32_1.0.0.202111181127/tools/bin/../lib/gcc/arm-none-eabi/10.3.1/thumb/v7-m/nofp/crtbegin.o

.ARM.extab      0x000000000800c02c        0x0
                0x000000000800c02c                . = ALIGN (0x4)
 *(.ARM.extab* .gnu.linkonce.armextab.*)
                0x000000000800c02c                . = ALIGN (0x4)

.ARM            0x000000000800c02c        0x0
                0x000000000800c02c                . = ALIGN (0x4)
                0x000000000800c02c                __exidx_start = .
 *(.ARM.exidx*)
                0x000000000800c02c                __exidx_end = .
                0x000000000800c02c                . = ALIGN (0x4)

.preinit_array  0x000000000800c02c        0x0
                0x000000000800c02c                . = ALIGN (0x4)
                0x000000000800c02c                PROVIDE (__preinit_array_start = .)
 *(.preinit_array*)
                0x000000000800c02c                PROVIDE (__preinit_array_end = .)
                0x000000000800c02c                . = ALIGN (0x4)

.init_array     0x000000000800c02c        0x4
                0x000000000800c02c                . = ALIGN (0x4)
                0x000000000800c02c                PROVIDE (__init_array_start = .)
 *(SORT_BY_NAME(.init_array.*))
 *(.init_array*)
 .init_array    0x000000000800c02c        0x4 c:/st/stm32cubeide_1.10.1/stm32cubeide/plugins/com.st.stm32cube.ide.mcu.externaltools.gnu-tools-for-stm32.10.3-2021.10.win32_1.0.0.202111181127/tools/bin/../lib/gcc/arm-none-eabi/10.3.1/thumb/v7-m/nofp/crtbegin.o
                0x000000000800c030                PROVIDE (__init_array_end = .)
                0x000000000800c030                . = ALIGN (0x4)

.fini_array     0x000000000800c030        0x4
                0x000000000800c030                . = ALIGN (0x4)
                [!provide]                        PROVIDE (__fini_array_start = .)
 *(SORT_BY_NAME(.fini_array.*))
 *(.fini_array*)
 .fini_array    0x000000000800c030        0x4 c:/st/stm32cubeide_1.10.1/stm32cubeide/plugins/com.st.stm32cube.ide.mcu.externaltools.gnu-tools-for-stm32.10.3-2021.10.win32_1.0.0.202111181127/tools/bin/../lib/gcc/arm-none-eabi/10.3.1/thumb/v7-m/nofp/crtbegin.o
                [!provide]                        PROVIDE (__fini_array_end = .)
                0x000000000800c034                . = ALIGN (0x4)
                0x000000000800c034                _sidata = LOADADDR (.data)

.data           0x0000000020000000       0xac load address 0x000000000800c034
                0x0000000020000000                . = ALIGN (0x4)
                0x0000000020000000                _sdata = .
 *(.data)
 *(.data*)
 .data.giophutgiay
                0x0000000020000000       0x1e ./Core/Src/main.o
                0x0000000020000000                giophutgiay
 *fill*         0x000000002000001e        0x2 
 .data.ngays    0x0000000020000020       0x1e ./Core/Src/main.o
                0x0000000020000020                ngays
 *fill*         0x000000002000003e        0x2 
 .data.giophut_a
                0x0000000020000040       0x1e ./Core/Src/main.o
                0x0000000020000040                giophut_a
 *fill*         0x000000002000005e        0x2 
 .data.cnt      0x0000000020000060        0x4 ./Core/Src/main.o
                0x0000000020000060                cnt
 .data.phat     0x0000000020000064       0x14 ./Core/Src/main.o
                0x0000000020000064                phat
 .data.SystemCoreClock
                0x0000000020000078        0x4 ./Core/Src/system_stm32f1xx.o
                0x0000000020000078                SystemCoreClock
 .data.Stat     0x000000002000007c        0x1 ./Core/Src/clock_TT-c/fatfs_sd.o
 *fill*         0x000000002000007d        0x3 
 .data.Font_7x10
                0x0000000020000080        0x8 ./Core/Src/clock_TT-c/ssd1306_fonts.o
                0x0000000020000080                Font_7x10
 .data.Font_11x18
                0x0000000020000088        0x8 ./Core/Src/clock_TT-c/ssd1306_fonts.o
                0x0000000020000088                Font_11x18
 .data.uwTickPrio
                0x0000000020000090        0x4 ./Drivers/STM32F1xx_HAL_Driver/Src/stm32f1xx_hal.o
                0x0000000020000090                uwTickPrio
 .data.uwTickFreq
                0x0000000020000094        0x1 ./Drivers/STM32F1xx_HAL_Driver/Src/stm32f1xx_hal.o
                0x0000000020000094                uwTickFreq
 *fill*         0x0000000020000095        0x3 
 .data.USER_Driver
                0x0000000020000098       0x14 ./FATFS/Target/user_diskio.o
                0x0000000020000098                USER_Driver
 *(.RamFunc)
 *(.RamFunc*)
                0x00000000200000ac                . = ALIGN (0x4)
                0x00000000200000ac                _edata = .

.igot.plt       0x00000000200000ac        0x0 load address 0x000000000800c0e0
 .igot.plt      0x00000000200000ac        0x0 c:/st/stm32cubeide_1.10.1/stm32cubeide/plugins/com.st.stm32cube.ide.mcu.externaltools.gnu-tools-for-stm32.10.3-2021.10.win32_1.0.0.202111181127/tools/bin/../lib/gcc/arm-none-eabi/10.3.1/thumb/v7-m/nofp/crtbegin.o
                0x00000000200000ac                . = ALIGN (0x4)

.bss            0x00000000200000ac     0x11a8 load address 0x000000000800c0e0
                0x00000000200000ac                _sbss = .
                0x00000000200000ac                __bss_start__ = _sbss
 *(.bss)
 .bss           0x00000000200000ac       0x1c c:/st/stm32cubeide_1.10.1/stm32cubeide/plugins/com.st.stm32cube.ide.mcu.externaltools.gnu-tools-for-stm32.10.3-2021.10.win32_1.0.0.202111181127/tools/bin/../lib/gcc/arm-none-eabi/10.3.1/thumb/v7-m/nofp/crtbegin.o
 *(.bss*)
 .bss.hi2c1     0x00000000200000c8       0x54 ./Core/Src/main.o
                0x00000000200000c8                hi2c1
 .bss.hi2c2     0x000000002000011c       0x54 ./Core/Src/main.o
                0x000000002000011c                hi2c2
 .bss.hspi1     0x0000000020000170       0x58 ./Core/Src/main.o
                0x0000000020000170                hspi1
 .bss.hspi2     0x00000000200001c8       0x58 ./Core/Src/main.o
                0x00000000200001c8                hspi2
 .bss.htim2     0x0000000020000220       0x48 ./Core/Src/main.o
                0x0000000020000220                htim2
 .bss.htim3     0x0000000020000268       0x48 ./Core/Src/main.o
                0x0000000020000268                htim3
 .bss.htim4     0x00000000200002b0       0x48 ./Core/Src/main.o
                0x00000000200002b0                htim4
 .bss.DS3231_TimeNow
                0x00000000200002f8        0x7 ./Core/Src/main.o
                0x00000000200002f8                DS3231_TimeNow
 *fill*         0x00000000200002ff        0x1 
 .bss.u8_revBuffer
                0x0000000020000300        0x7 ./Core/Src/main.o
                0x0000000020000300                u8_revBuffer
 *fill*         0x0000000020000307        0x1 
 .bss.giophut   0x0000000020000308        0x5 ./Core/Src/main.o
                0x0000000020000308                giophut
 *fill*         0x000000002000030d        0x3 
 .bss.giay      0x0000000020000310        0x4 ./Core/Src/main.o
                0x0000000020000310                giay
 .bss.ngay      0x0000000020000314       0x14 ./Core/Src/main.o
                0x0000000020000314                ngay
 .bss.timeset   0x0000000020000328        0x7 ./Core/Src/main.o
                0x0000000020000328                timeset
 *fill*         0x000000002000032f        0x1 
 .bss.timeset2  0x0000000020000330        0x7 ./Core/Src/main.o
                0x0000000020000330                timeset2
 *fill*         0x0000000020000337        0x1 
 .bss.timealrm  0x0000000020000338        0x2 ./Core/Src/main.o
                0x0000000020000338                timealrm
 *fill*         0x000000002000033a        0x2 
 .bss.min       0x000000002000033c        0x4 ./Core/Src/main.o
                0x000000002000033c                min
 .bss.id        0x0000000020000340        0x1 ./Core/Src/main.o
                0x0000000020000340                id
 .bss.set       0x0000000020000341        0x1 ./Core/Src/main.o
                0x0000000020000341                set
 .bss.tat       0x0000000020000342        0x1 ./Core/Src/main.o
                0x0000000020000342                tat
 .bss.mode      0x0000000020000343        0x1 ./Core/Src/main.o
                0x0000000020000343                mode
 .bss.controdoc
                0x0000000020000344        0x1 ./Core/Src/main.o
                0x0000000020000344                controdoc
 .bss.dung      0x0000000020000345        0x1 ./Core/Src/main.o
                0x0000000020000345                dung
 .bss.controngang
                0x0000000020000346        0x1 ./Core/Src/main.o
                0x0000000020000346                controngang
 .bss.ok        0x0000000020000347        0x1 ./Core/Src/main.o
                0x0000000020000347                ok
 .bss.trai      0x0000000020000348        0x1 ./Core/Src/main.o
                0x0000000020000348                trai
 .bss.phai      0x0000000020000349        0x1 ./Core/Src/main.o
                0x0000000020000349                phai
 .bss.tren      0x000000002000034a        0x1 ./Core/Src/main.o
                0x000000002000034a                tren
 .bss.duoi      0x000000002000034b        0x1 ./Core/Src/main.o
                0x000000002000034b                duoi
 .bss.ghi       0x000000002000034c        0x5 ./Core/Src/main.o
                0x000000002000034c                ghi
 *fill*         0x0000000020000351        0x3 
 .bss.buffer    0x0000000020000354      0x401 ./Core/Src/main.o
                0x0000000020000354                buffer
 *fill*         0x0000000020000755        0x3 
 .bss.ngat      0x0000000020000758        0x4 ./Core/Src/main.o
                0x0000000020000758                ngat
 .bss.amthanh   0x000000002000075c      0x200 ./Core/Src/main.o
                0x000000002000075c                amthanh
 .bss.nhac      0x000000002000095c       0x50 ./Core/Src/main.o
                0x000000002000095c                nhac
 .bss.i.1       0x00000000200009ac        0x1 ./Core/Src/main.o
 .bss.i.0       0x00000000200009ad        0x1 ./Core/Src/main.o
 .bss.FatFsCnt  0x00000000200009ae        0x1 ./Core/Src/stm32f1xx_it.o
                0x00000000200009ae                FatFsCnt
 .bss.Timer1    0x00000000200009af        0x1 ./Core/Src/stm32f1xx_it.o
                0x00000000200009af                Timer1
 .bss.Timer2    0x00000000200009b0        0x1 ./Core/Src/stm32f1xx_it.o
                0x00000000200009b0                Timer2
 *fill*         0x00000000200009b1        0x3 
 .bss.fs        0x00000000200009b4      0x230 ./Core/Src/clock_TT-c/R-W-SD.o
                0x00000000200009b4                fs
 .bss.fil       0x0000000020000be4      0x22c ./Core/Src/clock_TT-c/R-W-SD.o
                0x0000000020000be4                fil
 .bss.fresult   0x0000000020000e10        0x1 ./Core/Src/clock_TT-c/R-W-SD.o
                0x0000000020000e10                fresult
 .bss.CardType  0x0000000020000e11        0x1 ./Core/Src/clock_TT-c/fatfs_sd.o
 .bss.PowerFlag
                0x0000000020000e12        0x1 ./Core/Src/clock_TT-c/fatfs_sd.o
 *fill*         0x0000000020000e13        0x1 
 .bss.SSD1306_Buffer
                0x0000000020000e14      0x400 ./Core/Src/clock_TT-c/ssd1306.o
 .bss.SSD1306   0x0000000020001214        0x6 ./Core/Src/clock_TT-c/ssd1306.o
 *fill*         0x000000002000121a        0x2 
 .bss.uwTick    0x000000002000121c        0x4 ./Drivers/STM32F1xx_HAL_Driver/Src/stm32f1xx_hal.o
                0x000000002000121c                uwTick
 .bss.retUSER   0x0000000020001220        0x1 ./FATFS/App/fatfs.o
                0x0000000020001220                retUSER
 *fill*         0x0000000020001221        0x3 
 .bss.USERPath  0x0000000020001224        0x4 ./FATFS/App/fatfs.o
                0x0000000020001224                USERPath
 .bss.FatFs     0x0000000020001228        0x4 ./Middlewares/Third_Party/FatFs/src/ff.o
 .bss.Fsid      0x000000002000122c        0x2 ./Middlewares/Third_Party/FatFs/src/ff.o
 *fill*         0x000000002000122e        0x2 
 .bss.Files     0x0000000020001230       0x18 ./Middlewares/Third_Party/FatFs/src/ff.o
 .bss.disk      0x0000000020001248        0xc ./Middlewares/Third_Party/FatFs/src/ff_gen_drv.o
                0x0000000020001248                disk
 *(COMMON)
                0x0000000020001254                . = ALIGN (0x4)
                0x0000000020001254                _ebss = .
                0x0000000020001254                __bss_end__ = _ebss

._user_heap_stack
                0x0000000020001254      0x604 load address 0x000000000800c0e0
                0x0000000020001258                . = ALIGN (0x8)
 *fill*         0x0000000020001254        0x4 
                [!provide]                        PROVIDE (end = .)
                0x0000000020001258                PROVIDE (_end = .)
                0x0000000020001458                . = (. + _Min_Heap_Size)
 *fill*         0x0000000020001258      0x200 
                0x0000000020001858                . = (. + _Min_Stack_Size)
 *fill*         0x0000000020001458      0x400 
                0x0000000020001858                . = ALIGN (0x8)

/DISCARD/
 libc.a(*)
 libm.a(*)
 libgcc.a(*)

.ARM.attributes
                0x0000000000000000       0x29
 *(.ARM.attributes)
 .ARM.attributes
                0x0000000000000000       0x1d c:/st/stm32cubeide_1.10.1/stm32cubeide/plugins/com.st.stm32cube.ide.mcu.externaltools.gnu-tools-for-stm32.10.3-2021.10.win32_1.0.0.202111181127/tools/bin/../lib/gcc/arm-none-eabi/10.3.1/thumb/v7-m/nofp/crti.o
 .ARM.attributes
                0x000000000000001d       0x2d c:/st/stm32cubeide_1.10.1/stm32cubeide/plugins/com.st.stm32cube.ide.mcu.externaltools.gnu-tools-for-stm32.10.3-2021.10.win32_1.0.0.202111181127/tools/bin/../lib/gcc/arm-none-eabi/10.3.1/thumb/v7-m/nofp/crtbegin.o
 .ARM.attributes
                0x000000000000004a       0x2d ./Core/Src/main.o
 .ARM.attributes
                0x0000000000000077       0x2d ./Core/Src/stm32f1xx_hal_msp.o
 .ARM.attributes
                0x00000000000000a4       0x2d ./Core/Src/stm32f1xx_it.o
 .ARM.attributes
                0x00000000000000d1       0x2d ./Core/Src/system_stm32f1xx.o
 .ARM.attributes
                0x00000000000000fe       0x2d ./Core/Src/clock_TT-c/R-W-SD.o
 .ARM.attributes
                0x000000000000012b       0x2d ./Core/Src/clock_TT-c/RTCds3231.o
 .ARM.attributes
                0x0000000000000158       0x2d ./Core/Src/clock_TT-c/fatfs_sd.o
 .ARM.attributes
                0x0000000000000185       0x2d ./Core/Src/clock_TT-c/ssd1306.o
 .ARM.attributes
                0x00000000000001b2       0x2d ./Core/Src/clock_TT-c/ssd1306_fonts.o
 .ARM.attributes
                0x00000000000001df       0x21 ./Core/Startup/startup_stm32f103c8tx.o
 .ARM.attributes
                0x0000000000000200       0x2d ./Drivers/STM32F1xx_HAL_Driver/Src/stm32f1xx_hal.o
 .ARM.attributes
                0x000000000000022d       0x2d ./Drivers/STM32F1xx_HAL_Driver/Src/stm32f1xx_hal_cortex.o
 .ARM.attributes
                0x000000000000025a       0x2d ./Drivers/STM32F1xx_HAL_Driver/Src/stm32f1xx_hal_dma.o
 .ARM.attributes
                0x0000000000000287       0x2d ./Drivers/STM32F1xx_HAL_Driver/Src/stm32f1xx_hal_gpio.o
 .ARM.attributes
                0x00000000000002b4       0x2d ./Drivers/STM32F1xx_HAL_Driver/Src/stm32f1xx_hal_i2c.o
 .ARM.attributes
                0x00000000000002e1       0x2d ./Drivers/STM32F1xx_HAL_Driver/Src/stm32f1xx_hal_rcc.o
 .ARM.attributes
                0x000000000000030e       0x2d ./Drivers/STM32F1xx_HAL_Driver/Src/stm32f1xx_hal_spi.o
 .ARM.attributes
                0x000000000000033b       0x2d ./Drivers/STM32F1xx_HAL_Driver/Src/stm32f1xx_hal_tim.o
 .ARM.attributes
                0x0000000000000368       0x2d ./Drivers/STM32F1xx_HAL_Driver/Src/stm32f1xx_hal_tim_ex.o
 .ARM.attributes
                0x0000000000000395       0x2d ./FATFS/App/fatfs.o
 .ARM.attributes
                0x00000000000003c2       0x2d ./FATFS/Target/user_diskio.o
 .ARM.attributes
                0x00000000000003ef       0x2d ./Middlewares/Third_Party/FatFs/src/diskio.o
 .ARM.attributes
                0x000000000000041c       0x2d ./Middlewares/Third_Party/FatFs/src/ff.o
 .ARM.attributes
                0x0000000000000449       0x2d ./Middlewares/Third_Party/FatFs/src/ff_gen_drv.o
 .ARM.attributes
                0x0000000000000476       0x2d c:/st/stm32cubeide_1.10.1/stm32cubeide/plugins/com.st.stm32cube.ide.mcu.externaltools.gnu-tools-for-stm32.10.3-2021.10.win32_1.0.0.202111181127/tools/bin/../lib/gcc/arm-none-eabi/10.3.1/../../../../arm-none-eabi/lib/thumb/v7-m/nofp\libc_nano.a(lib_a-init.o)
 .ARM.attributes
                0x00000000000004a3       0x2d c:/st/stm32cubeide_1.10.1/stm32cubeide/plugins/com.st.stm32cube.ide.mcu.externaltools.gnu-tools-for-stm32.10.3-2021.10.win32_1.0.0.202111181127/tools/bin/../lib/gcc/arm-none-eabi/10.3.1/../../../../arm-none-eabi/lib/thumb/v7-m/nofp\libc_nano.a(lib_a-memset.o)
 .ARM.attributes
                0x00000000000004d0       0x1d c:/st/stm32cubeide_1.10.1/stm32cubeide/plugins/com.st.stm32cube.ide.mcu.externaltools.gnu-tools-for-stm32.10.3-2021.10.win32_1.0.0.202111181127/tools/bin/../lib/gcc/arm-none-eabi/10.3.1/thumb/v7-m/nofp/crtn.o
OUTPUT(LTEST.elf elf32-littlearm)
LOAD linker stubs
LOAD c:/st/stm32cubeide_1.10.1/stm32cubeide/plugins/com.st.stm32cube.ide.mcu.externaltools.gnu-tools-for-stm32.10.3-2021.10.win32_1.0.0.202111181127/tools/bin/../lib/gcc/arm-none-eabi/10.3.1/../../../../arm-none-eabi/lib/thumb/v7-m/nofp\libc.a
LOAD c:/st/stm32cubeide_1.10.1/stm32cubeide/plugins/com.st.stm32cube.ide.mcu.externaltools.gnu-tools-for-stm32.10.3-2021.10.win32_1.0.0.202111181127/tools/bin/../lib/gcc/arm-none-eabi/10.3.1/../../../../arm-none-eabi/lib/thumb/v7-m/nofp\libm.a
LOAD c:/st/stm32cubeide_1.10.1/stm32cubeide/plugins/com.st.stm32cube.ide.mcu.externaltools.gnu-tools-for-stm32.10.3-2021.10.win32_1.0.0.202111181127/tools/bin/../lib/gcc/arm-none-eabi/10.3.1/thumb/v7-m/nofp\libgcc.a

.debug_info     0x0000000000000000    0x151cf
 .debug_info    0x0000000000000000     0x1c10 ./Core/Src/main.o
 .debug_info    0x0000000000001c10     0x1233 ./Core/Src/stm32f1xx_hal_msp.o
 .debug_info    0x0000000000002e43      0xd90 ./Core/Src/stm32f1xx_it.o
 .debug_info    0x0000000000003bd3      0x23d ./Core/Src/system_stm32f1xx.o
 .debug_info    0x0000000000003e10      0xf42 ./Core/Src/clock_TT-c/R-W-SD.o
 .debug_info    0x0000000000004d52      0x836 ./Core/Src/clock_TT-c/RTCds3231.o
 .debug_info    0x0000000000005588      0xc40 ./Core/Src/clock_TT-c/fatfs_sd.o
 .debug_info    0x00000000000061c8     0x12e3 ./Core/Src/clock_TT-c/ssd1306.o
 .debug_info    0x00000000000074ab      0x23d ./Core/Src/clock_TT-c/ssd1306_fonts.o
 .debug_info    0x00000000000076e8       0x22 ./Core/Startup/startup_stm32f103c8tx.o
 .debug_info    0x000000000000770a      0x734 ./Drivers/STM32F1xx_HAL_Driver/Src/stm32f1xx_hal.o
 .debug_info    0x0000000000007e3e      0xb20 ./Drivers/STM32F1xx_HAL_Driver/Src/stm32f1xx_hal_cortex.o
 .debug_info    0x000000000000895e      0x744 ./Drivers/STM32F1xx_HAL_Driver/Src/stm32f1xx_hal_dma.o
 .debug_info    0x00000000000090a2      0x615 ./Drivers/STM32F1xx_HAL_Driver/Src/stm32f1xx_hal_gpio.o
 .debug_info    0x00000000000096b7     0x2761 ./Drivers/STM32F1xx_HAL_Driver/Src/stm32f1xx_hal_i2c.o
 .debug_info    0x000000000000be18      0x865 ./Drivers/STM32F1xx_HAL_Driver/Src/stm32f1xx_hal_rcc.o
 .debug_info    0x000000000000c67d     0x165d ./Drivers/STM32F1xx_HAL_Driver/Src/stm32f1xx_hal_spi.o
 .debug_info    0x000000000000dcda     0x2bab ./Drivers/STM32F1xx_HAL_Driver/Src/stm32f1xx_hal_tim.o
 .debug_info    0x0000000000010885     0x15c7 ./Drivers/STM32F1xx_HAL_Driver/Src/stm32f1xx_hal_tim_ex.o
 .debug_info    0x0000000000011e4c      0x51e ./FATFS/App/fatfs.o
 .debug_info    0x000000000001236a      0x3dc ./FATFS/Target/user_diskio.o
 .debug_info    0x0000000000012746      0x40d ./Middlewares/Third_Party/FatFs/src/diskio.o
 .debug_info    0x0000000000012b53     0x22d8 ./Middlewares/Third_Party/FatFs/src/ff.o
 .debug_info    0x0000000000014e2b      0x3a4 ./Middlewares/Third_Party/FatFs/src/ff_gen_drv.o

.debug_abbrev   0x0000000000000000     0x3198
 .debug_abbrev  0x0000000000000000      0x37b ./Core/Src/main.o
 .debug_abbrev  0x000000000000037b      0x203 ./Core/Src/stm32f1xx_hal_msp.o
 .debug_abbrev  0x000000000000057e      0x1d7 ./Core/Src/stm32f1xx_it.o
 .debug_abbrev  0x0000000000000755      0x13b ./Core/Src/system_stm32f1xx.o
 .debug_abbrev  0x0000000000000890      0x2af ./Core/Src/clock_TT-c/R-W-SD.o
 .debug_abbrev  0x0000000000000b3f      0x1db ./Core/Src/clock_TT-c/RTCds3231.o
 .debug_abbrev  0x0000000000000d1a      0x2b1 ./Core/Src/clock_TT-c/fatfs_sd.o
 .debug_abbrev  0x0000000000000fcb      0x32c ./Core/Src/clock_TT-c/ssd1306.o
 .debug_abbrev  0x00000000000012f7       0xbe ./Core/Src/clock_TT-c/ssd1306_fonts.o
 .debug_abbrev  0x00000000000013b5       0x12 ./Core/Startup/startup_stm32f103c8tx.o
 .debug_abbrev  0x00000000000013c7      0x1fb ./Drivers/STM32F1xx_HAL_Driver/Src/stm32f1xx_hal.o
 .debug_abbrev  0x00000000000015c2      0x2ed ./Drivers/STM32F1xx_HAL_Driver/Src/stm32f1xx_hal_cortex.o
 .debug_abbrev  0x00000000000018af      0x1fe ./Drivers/STM32F1xx_HAL_Driver/Src/stm32f1xx_hal_dma.o
 .debug_abbrev  0x0000000000001aad      0x1bb ./Drivers/STM32F1xx_HAL_Driver/Src/stm32f1xx_hal_gpio.o
 .debug_abbrev  0x0000000000001c68      0x288 ./Drivers/STM32F1xx_HAL_Driver/Src/stm32f1xx_hal_i2c.o
 .debug_abbrev  0x0000000000001ef0      0x2a8 ./Drivers/STM32F1xx_HAL_Driver/Src/stm32f1xx_hal_rcc.o
 .debug_abbrev  0x0000000000002198      0x26e ./Drivers/STM32F1xx_HAL_Driver/Src/stm32f1xx_hal_spi.o
 .debug_abbrev  0x0000000000002406      0x264 ./Drivers/STM32F1xx_HAL_Driver/Src/stm32f1xx_hal_tim.o
 .debug_abbrev  0x000000000000266a      0x26c ./Drivers/STM32F1xx_HAL_Driver/Src/stm32f1xx_hal_tim_ex.o
 .debug_abbrev  0x00000000000028d6      0x19a ./FATFS/App/fatfs.o
 .debug_abbrev  0x0000000000002a70      0x155 ./FATFS/Target/user_diskio.o
 .debug_abbrev  0x0000000000002bc5      0x178 ./Middlewares/Third_Party/FatFs/src/diskio.o
 .debug_abbrev  0x0000000000002d3d      0x2c5 ./Middlewares/Third_Party/FatFs/src/ff.o
 .debug_abbrev  0x0000000000003002      0x196 ./Middlewares/Third_Party/FatFs/src/ff_gen_drv.o

.debug_aranges  0x0000000000000000     0x13e0
 .debug_aranges
                0x0000000000000000       0x98 ./Core/Src/main.o
 .debug_aranges
                0x0000000000000098       0x58 ./Core/Src/stm32f1xx_hal_msp.o
 .debug_aranges
                0x00000000000000f0       0xb0 ./Core/Src/stm32f1xx_it.o
 .debug_aranges
                0x00000000000001a0       0x28 ./Core/Src/system_stm32f1xx.o
 .debug_aranges
                0x00000000000001c8       0x48 ./Core/Src/clock_TT-c/R-W-SD.o
 .debug_aranges
                0x0000000000000210       0x40 ./Core/Src/clock_TT-c/RTCds3231.o
 .debug_aranges
                0x0000000000000250       0xa0 ./Core/Src/clock_TT-c/fatfs_sd.o
 .debug_aranges
                0x00000000000002f0       0xe0 ./Core/Src/clock_TT-c/ssd1306.o
 .debug_aranges
                0x00000000000003d0       0x18 ./Core/Src/clock_TT-c/ssd1306_fonts.o
 .debug_aranges
                0x00000000000003e8       0x28 ./Core/Startup/startup_stm32f103c8tx.o
 .debug_aranges
                0x0000000000000410       0xe0 ./Drivers/STM32F1xx_HAL_Driver/Src/stm32f1xx_hal.o
 .debug_aranges
                0x00000000000004f0      0x100 ./Drivers/STM32F1xx_HAL_Driver/Src/stm32f1xx_hal_cortex.o
 .debug_aranges
                0x00000000000005f0       0x80 ./Drivers/STM32F1xx_HAL_Driver/Src/stm32f1xx_hal_dma.o
 .debug_aranges
                0x0000000000000670       0x58 ./Drivers/STM32F1xx_HAL_Driver/Src/stm32f1xx_hal_gpio.o
 .debug_aranges
                0x00000000000006c8      0x2a8 ./Drivers/STM32F1xx_HAL_Driver/Src/stm32f1xx_hal_i2c.o
 .debug_aranges
                0x0000000000000970       0x90 ./Drivers/STM32F1xx_HAL_Driver/Src/stm32f1xx_hal_rcc.o
 .debug_aranges
                0x0000000000000a00      0x1d0 ./Drivers/STM32F1xx_HAL_Driver/Src/stm32f1xx_hal_spi.o
 .debug_aranges
                0x0000000000000bd0      0x3d0 ./Drivers/STM32F1xx_HAL_Driver/Src/stm32f1xx_hal_tim.o
 .debug_aranges
                0x0000000000000fa0      0x168 ./Drivers/STM32F1xx_HAL_Driver/Src/stm32f1xx_hal_tim_ex.o
 .debug_aranges
                0x0000000000001108       0x28 ./FATFS/App/fatfs.o
 .debug_aranges
                0x0000000000001130       0x40 ./FATFS/Target/user_diskio.o
 .debug_aranges
                0x0000000000001170       0x48 ./Middlewares/Third_Party/FatFs/src/diskio.o
 .debug_aranges
                0x00000000000011b8      0x1e8 ./Middlewares/Third_Party/FatFs/src/ff.o
 .debug_aranges
                0x00000000000013a0       0x40 ./Middlewares/Third_Party/FatFs/src/ff_gen_drv.o

.debug_ranges   0x0000000000000000     0x1278
 .debug_ranges  0x0000000000000000       0x88 ./Core/Src/main.o
 .debug_ranges  0x0000000000000088       0x48 ./Core/Src/stm32f1xx_hal_msp.o
 .debug_ranges  0x00000000000000d0       0xa0 ./Core/Src/stm32f1xx_it.o
 .debug_ranges  0x0000000000000170       0x18 ./Core/Src/system_stm32f1xx.o
 .debug_ranges  0x0000000000000188       0x38 ./Core/Src/clock_TT-c/R-W-SD.o
 .debug_ranges  0x00000000000001c0       0x30 ./Core/Src/clock_TT-c/RTCds3231.o
 .debug_ranges  0x00000000000001f0       0x90 ./Core/Src/clock_TT-c/fatfs_sd.o
 .debug_ranges  0x0000000000000280       0xd0 ./Core/Src/clock_TT-c/ssd1306.o
 .debug_ranges  0x0000000000000350       0x20 ./Core/Startup/startup_stm32f103c8tx.o
 .debug_ranges  0x0000000000000370       0xd0 ./Drivers/STM32F1xx_HAL_Driver/Src/stm32f1xx_hal.o
 .debug_ranges  0x0000000000000440       0xf0 ./Drivers/STM32F1xx_HAL_Driver/Src/stm32f1xx_hal_cortex.o
 .debug_ranges  0x0000000000000530       0x70 ./Drivers/STM32F1xx_HAL_Driver/Src/stm32f1xx_hal_dma.o
 .debug_ranges  0x00000000000005a0       0x48 ./Drivers/STM32F1xx_HAL_Driver/Src/stm32f1xx_hal_gpio.o
 .debug_ranges  0x00000000000005e8      0x2b0 ./Drivers/STM32F1xx_HAL_Driver/Src/stm32f1xx_hal_i2c.o
 .debug_ranges  0x0000000000000898       0x80 ./Drivers/STM32F1xx_HAL_Driver/Src/stm32f1xx_hal_rcc.o
 .debug_ranges  0x0000000000000918      0x1c0 ./Drivers/STM32F1xx_HAL_Driver/Src/stm32f1xx_hal_spi.o
 .debug_ranges  0x0000000000000ad8      0x3c0 ./Drivers/STM32F1xx_HAL_Driver/Src/stm32f1xx_hal_tim.o
 .debug_ranges  0x0000000000000e98      0x158 ./Drivers/STM32F1xx_HAL_Driver/Src/stm32f1xx_hal_tim_ex.o
 .debug_ranges  0x0000000000000ff0       0x18 ./FATFS/App/fatfs.o
 .debug_ranges  0x0000000000001008       0x30 ./FATFS/Target/user_diskio.o
 .debug_ranges  0x0000000000001038       0x38 ./Middlewares/Third_Party/FatFs/src/diskio.o
 .debug_ranges  0x0000000000001070      0x1d8 ./Middlewares/Third_Party/FatFs/src/ff.o
 .debug_ranges  0x0000000000001248       0x30 ./Middlewares/Third_Party/FatFs/src/ff_gen_drv.o

.debug_macro    0x0000000000000000     0x457b
 .debug_macro   0x0000000000000000      0x406 ./Core/Src/main.o
 .debug_macro   0x0000000000000406       0x9a ./Core/Src/main.o
 .debug_macro   0x00000000000004a0       0xde ./Core/Src/main.o
 .debug_macro   0x000000000000057e       0xf5 ./Core/Src/main.o
 .debug_macro   0x0000000000000673       0x8e ./Core/Src/main.o
 .debug_macro   0x0000000000000701       0x52 ./Core/Src/main.o
 .debug_macro   0x0000000000000753       0x18 ./Core/Src/main.o
 .debug_macro   0x000000000000076b       0x3c ./Core/Src/main.o
 .debug_macro   0x00000000000007a7       0x34 ./Core/Src/main.o
 .debug_macro   0x00000000000007db       0x16 ./Core/Src/main.o
 .debug_macro   0x00000000000007f1       0x35 ./Core/Src/main.o
 .debug_macro   0x0000000000000826      0x341 ./Core/Src/main.o
 .debug_macro   0x0000000000000b67       0x10 ./Core/Src/main.o
 .debug_macro   0x0000000000000b77       0x16 ./Core/Src/main.o
 .debug_macro   0x0000000000000b8d       0x43 ./Core/Src/main.o
 .debug_macro   0x0000000000000bd0       0x34 ./Core/Src/main.o
 .debug_macro   0x0000000000000c04       0x10 ./Core/Src/main.o
 .debug_macro   0x0000000000000c14       0x58 ./Core/Src/main.o
 .debug_macro   0x0000000000000c6c       0x71 ./Core/Src/main.o
 .debug_macro   0x0000000000000cdd       0x1c ./Core/Src/main.o
 .debug_macro   0x0000000000000cf9      0x12a ./Core/Src/main.o
 .debug_macro   0x0000000000000e23       0x10 ./Core/Src/main.o
 .debug_macro   0x0000000000000e33       0x1c ./Core/Src/main.o
 .debug_macro   0x0000000000000e4f       0x52 ./Core/Src/main.o
 .debug_macro   0x0000000000000ea1       0x22 ./Core/Src/main.o
 .debug_macro   0x0000000000000ec3       0x10 ./Core/Src/main.o
 .debug_macro   0x0000000000000ed3       0x52 ./Core/Src/main.o
 .debug_macro   0x0000000000000f25       0xd5 ./Core/Src/main.o
 .debug_macro   0x0000000000000ffa       0x1c ./Core/Src/main.o
 .debug_macro   0x0000000000001016       0x3d ./Core/Src/main.o
 .debug_macro   0x0000000000001053       0x16 ./Core/Src/main.o
 .debug_macro   0x0000000000001069      0x145 ./Core/Src/main.o
 .debug_macro   0x00000000000011ae       0x16 ./Core/Src/main.o
 .debug_macro   0x00000000000011c4       0x20 ./Core/Src/main.o
 .debug_macro   0x00000000000011e4       0x70 ./Core/Src/main.o
 .debug_macro   0x0000000000001254       0x10 ./Core/Src/main.o
 .debug_macro   0x0000000000001264       0x5e ./Core/Src/main.o
 .debug_macro   0x00000000000012c2       0x10 ./Core/Src/main.o
 .debug_macro   0x00000000000012d2       0x22 ./Core/Src/main.o
 .debug_macro   0x00000000000012f4       0x22 ./Core/Src/main.o
 .debug_macro   0x0000000000001316      0x1bc ./Core/Src/stm32f1xx_hal_msp.o
 .debug_macro   0x00000000000014d2      0x1c6 ./Core/Src/stm32f1xx_it.o
 .debug_macro   0x0000000000001698      0x1ad ./Core/Src/system_stm32f1xx.o
 .debug_macro   0x0000000000001845      0x28a ./Core/Src/clock_TT-c/R-W-SD.o
 .debug_macro   0x0000000000001acf       0xd8 ./Core/Src/clock_TT-c/R-W-SD.o
 .debug_macro   0x0000000000001ba7      0x325 ./Core/Src/clock_TT-c/RTCds3231.o
 .debug_macro   0x0000000000001ecc      0x1ec ./Core/Src/clock_TT-c/fatfs_sd.o
 .debug_macro   0x00000000000020b8       0x16 ./Core/Src/clock_TT-c/fatfs_sd.o
 .debug_macro   0x00000000000020ce       0x7c ./Core/Src/clock_TT-c/fatfs_sd.o
 .debug_macro   0x000000000000214a      0x2f6 ./Core/Src/clock_TT-c/ssd1306.o
 .debug_macro   0x0000000000002440       0x58 ./Core/Src/clock_TT-c/ssd1306.o
 .debug_macro   0x0000000000002498      0x19b ./Core/Src/clock_TT-c/ssd1306.o
 .debug_macro   0x0000000000002633      0x1d5 ./Core/Src/clock_TT-c/ssd1306_fonts.o
 .debug_macro   0x0000000000002808      0x1d1 ./Drivers/STM32F1xx_HAL_Driver/Src/stm32f1xx_hal.o
 .debug_macro   0x00000000000029d9      0x1ad ./Drivers/STM32F1xx_HAL_Driver/Src/stm32f1xx_hal_cortex.o
 .debug_macro   0x0000000000002b86      0x1ad ./Drivers/STM32F1xx_HAL_Driver/Src/stm32f1xx_hal_dma.o
 .debug_macro   0x0000000000002d33      0x218 ./Drivers/STM32F1xx_HAL_Driver/Src/stm32f1xx_hal_gpio.o
 .debug_macro   0x0000000000002f4b      0x1fb ./Drivers/STM32F1xx_HAL_Driver/Src/stm32f1xx_hal_i2c.o
 .debug_macro   0x0000000000003146      0x1bf ./Drivers/STM32F1xx_HAL_Driver/Src/stm32f1xx_hal_rcc.o
 .debug_macro   0x0000000000003305      0x1b5 ./Drivers/STM32F1xx_HAL_Driver/Src/stm32f1xx_hal_spi.o
 .debug_macro   0x00000000000034ba      0x1ae ./Drivers/STM32F1xx_HAL_Driver/Src/stm32f1xx_hal_tim.o
 .debug_macro   0x0000000000003668      0x1ad ./Drivers/STM32F1xx_HAL_Driver/Src/stm32f1xx_hal_tim_ex.o
 .debug_macro   0x0000000000003815      0x20f ./FATFS/App/fatfs.o
 .debug_macro   0x0000000000003a24      0x2c4 ./FATFS/Target/user_diskio.o
 .debug_macro   0x0000000000003ce8      0x1fc ./Middlewares/Third_Party/FatFs/src/diskio.o
 .debug_macro   0x0000000000003ee4      0x443 ./Middlewares/Third_Party/FatFs/src/ff.o
 .debug_macro   0x0000000000004327       0x58 ./Middlewares/Third_Party/FatFs/src/ff.o
 .debug_macro   0x000000000000437f      0x1fc ./Middlewares/Third_Party/FatFs/src/ff_gen_drv.o

.debug_line     0x0000000000000000    0x18dfd
 .debug_line    0x0000000000000000     0x13d9 ./Core/Src/main.o
 .debug_line    0x00000000000013d9      0x83e ./Core/Src/stm32f1xx_hal_msp.o
 .debug_line    0x0000000000001c17      0x857 ./Core/Src/stm32f1xx_it.o
 .debug_line    0x000000000000246e      0x706 ./Core/Src/system_stm32f1xx.o
 .debug_line    0x0000000000002b74      0xb02 ./Core/Src/clock_TT-c/R-W-SD.o
 .debug_line    0x0000000000003676      0x97a ./Core/Src/clock_TT-c/RTCds3231.o
 .debug_line    0x0000000000003ff0      0xd64 ./Core/Src/clock_TT-c/fatfs_sd.o
 .debug_line    0x0000000000004d54      0xfba ./Core/Src/clock_TT-c/ssd1306.o
 .debug_line    0x0000000000005d0e      0x6b2 ./Core/Src/clock_TT-c/ssd1306_fonts.o
 .debug_line    0x00000000000063c0       0x86 ./Core/Startup/startup_stm32f103c8tx.o
 .debug_line    0x0000000000006446      0x933 ./Drivers/STM32F1xx_HAL_Driver/Src/stm32f1xx_hal.o
 .debug_line    0x0000000000006d79      0xb1b ./Drivers/STM32F1xx_HAL_Driver/Src/stm32f1xx_hal_cortex.o
 .debug_line    0x0000000000007894      0xd8c ./Drivers/STM32F1xx_HAL_Driver/Src/stm32f1xx_hal_dma.o
 .debug_line    0x0000000000008620      0x9cc ./Drivers/STM32F1xx_HAL_Driver/Src/stm32f1xx_hal_gpio.o
 .debug_line    0x0000000000008fec     0x3a99 ./Drivers/STM32F1xx_HAL_Driver/Src/stm32f1xx_hal_i2c.o
 .debug_line    0x000000000000ca85      0xd3f ./Drivers/STM32F1xx_HAL_Driver/Src/stm32f1xx_hal_rcc.o
 .debug_line    0x000000000000d7c4     0x1bb4 ./Drivers/STM32F1xx_HAL_Driver/Src/stm32f1xx_hal_spi.o
 .debug_line    0x000000000000f378     0x33be ./Drivers/STM32F1xx_HAL_Driver/Src/stm32f1xx_hal_tim.o
 .debug_line    0x0000000000012736     0x1889 ./Drivers/STM32F1xx_HAL_Driver/Src/stm32f1xx_hal_tim_ex.o
 .debug_line    0x0000000000013fbf      0x723 ./FATFS/App/fatfs.o
 .debug_line    0x00000000000146e2      0x8a4 ./FATFS/Target/user_diskio.o
 .debug_line    0x0000000000014f86      0x794 ./Middlewares/Third_Party/FatFs/src/diskio.o
 .debug_line    0x000000000001571a     0x2f32 ./Middlewares/Third_Party/FatFs/src/ff.o
 .debug_line    0x000000000001864c      0x7b1 ./Middlewares/Third_Party/FatFs/src/ff_gen_drv.o

.debug_str      0x0000000000000000    0x8f05f
 .debug_str     0x0000000000000000    0x89f27 ./Core/Src/main.o
                                      0x8a481 (size before relaxing)
 .debug_str     0x0000000000089f27       0xfd ./Core/Src/stm32f1xx_hal_msp.o
                                      0x85526 (size before relaxing)
 .debug_str     0x000000000008a024      0x1e2 ./Core/Src/stm32f1xx_it.o
                                      0x85267 (size before relaxing)
 .debug_str     0x000000000008a206       0x7e ./Core/Src/system_stm32f1xx.o
                                      0x84601 (size before relaxing)
 .debug_str     0x000000000008a284      0x292 ./Core/Src/clock_TT-c/R-W-SD.o
                                      0x85d83 (size before relaxing)
 .debug_str     0x000000000008a516       0x6a ./Core/Src/clock_TT-c/RTCds3231.o
                                      0x88a5a (size before relaxing)
 .debug_str     0x000000000008a580      0x1f7 ./Core/Src/clock_TT-c/fatfs_sd.o
                                      0x84e5d (size before relaxing)
 .debug_str     0x000000000008a777      0xc6e ./Core/Src/clock_TT-c/ssd1306.o
                                      0x88976 (size before relaxing)
 .debug_str     0x000000000008b3e5       0x75 ./Core/Src/clock_TT-c/ssd1306_fonts.o
                                      0x84983 (size before relaxing)
 .debug_str     0x000000000008b45a       0x36 ./Core/Startup/startup_stm32f103c8tx.o
                                         0x6e (size before relaxing)
 .debug_str     0x000000000008b490      0x36e ./Drivers/STM32F1xx_HAL_Driver/Src/stm32f1xx_hal.o
                                      0x84d34 (size before relaxing)
 .debug_str     0x000000000008b7fe      0x28a ./Drivers/STM32F1xx_HAL_Driver/Src/stm32f1xx_hal_cortex.o
                                      0x84c80 (size before relaxing)
 .debug_str     0x000000000008ba88      0x235 ./Drivers/STM32F1xx_HAL_Driver/Src/stm32f1xx_hal_dma.o
                                      0x849aa (size before relaxing)
 .debug_str     0x000000000008bcbd      0x2a8 ./Drivers/STM32F1xx_HAL_Driver/Src/stm32f1xx_hal_gpio.o
                                      0x84987 (size before relaxing)
 .debug_str     0x000000000008bf65      0xb28 ./Drivers/STM32F1xx_HAL_Driver/Src/stm32f1xx_hal_i2c.o
                                      0x856c8 (size before relaxing)
 .debug_str     0x000000000008ca8d      0x209 ./Drivers/STM32F1xx_HAL_Driver/Src/stm32f1xx_hal_rcc.o
                                      0x84a30 (size before relaxing)
 .debug_str     0x000000000008cc96      0x4d4 ./Drivers/STM32F1xx_HAL_Driver/Src/stm32f1xx_hal_spi.o
                                      0x84f2d (size before relaxing)
 .debug_str     0x000000000008d16a      0xcf0 ./Drivers/STM32F1xx_HAL_Driver/Src/stm32f1xx_hal_tim.o
                                      0x85a22 (size before relaxing)
 .debug_str     0x000000000008de5a      0x493 ./Drivers/STM32F1xx_HAL_Driver/Src/stm32f1xx_hal_tim_ex.o
                                      0x8523e (size before relaxing)
 .debug_str     0x000000000008e2ed       0x74 ./FATFS/App/fatfs.o
                                      0x850a3 (size before relaxing)
 .debug_str     0x000000000008e361       0x5a ./FATFS/Target/user_diskio.o
                                      0x87e29 (size before relaxing)
 .debug_str     0x000000000008e3bb       0x52 ./Middlewares/Third_Party/FatFs/src/diskio.o
                                      0x84fcf (size before relaxing)
 .debug_str     0x000000000008e40d      0xbc1 ./Middlewares/Third_Party/FatFs/src/ff.o
                                      0x85dfa (size before relaxing)
 .debug_str     0x000000000008efce       0x91 ./Middlewares/Third_Party/FatFs/src/ff_gen_drv.o
                                      0x85020 (size before relaxing)

.comment        0x0000000000000000       0x50
 .comment       0x0000000000000000       0x50 ./Core/Src/main.o
                                         0x51 (size before relaxing)
 .comment       0x0000000000000050       0x51 ./Core/Src/stm32f1xx_hal_msp.o
 .comment       0x0000000000000050       0x51 ./Core/Src/stm32f1xx_it.o
 .comment       0x0000000000000050       0x51 ./Core/Src/system_stm32f1xx.o
 .comment       0x0000000000000050       0x51 ./Core/Src/clock_TT-c/R-W-SD.o
 .comment       0x0000000000000050       0x51 ./Core/Src/clock_TT-c/RTCds3231.o
 .comment       0x0000000000000050       0x51 ./Core/Src/clock_TT-c/fatfs_sd.o
 .comment       0x0000000000000050       0x51 ./Core/Src/clock_TT-c/ssd1306.o
 .comment       0x0000000000000050       0x51 ./Core/Src/clock_TT-c/ssd1306_fonts.o
 .comment       0x0000000000000050       0x51 ./Drivers/STM32F1xx_HAL_Driver/Src/stm32f1xx_hal.o
 .comment       0x0000000000000050       0x51 ./Drivers/STM32F1xx_HAL_Driver/Src/stm32f1xx_hal_cortex.o
 .comment       0x0000000000000050       0x51 ./Drivers/STM32F1xx_HAL_Driver/Src/stm32f1xx_hal_dma.o
 .comment       0x0000000000000050       0x51 ./Drivers/STM32F1xx_HAL_Driver/Src/stm32f1xx_hal_gpio.o
 .comment       0x0000000000000050       0x51 ./Drivers/STM32F1xx_HAL_Driver/Src/stm32f1xx_hal_i2c.o
 .comment       0x0000000000000050       0x51 ./Drivers/STM32F1xx_HAL_Driver/Src/stm32f1xx_hal_rcc.o
 .comment       0x0000000000000050       0x51 ./Drivers/STM32F1xx_HAL_Driver/Src/stm32f1xx_hal_spi.o
 .comment       0x0000000000000050       0x51 ./Drivers/STM32F1xx_HAL_Driver/Src/stm32f1xx_hal_tim.o
 .comment       0x0000000000000050       0x51 ./Drivers/STM32F1xx_HAL_Driver/Src/stm32f1xx_hal_tim_ex.o
 .comment       0x0000000000000050       0x51 ./FATFS/App/fatfs.o
 .comment       0x0000000000000050       0x51 ./FATFS/Target/user_diskio.o
 .comment       0x0000000000000050       0x51 ./Middlewares/Third_Party/FatFs/src/diskio.o
 .comment       0x0000000000000050       0x51 ./Middlewares/Third_Party/FatFs/src/ff.o
 .comment       0x0000000000000050       0x51 ./Middlewares/Third_Party/FatFs/src/ff_gen_drv.o

.debug_frame    0x0000000000000000     0x52ec
 .debug_frame   0x0000000000000000      0x228 ./Core/Src/main.o
 .debug_frame   0x0000000000000228      0x134 ./Core/Src/stm32f1xx_hal_msp.o
 .debug_frame   0x000000000000035c      0x220 ./Core/Src/stm32f1xx_it.o
 .debug_frame   0x000000000000057c       0x58 ./Core/Src/system_stm32f1xx.o
 .debug_frame   0x00000000000005d4       0xe4 ./Core/Src/clock_TT-c/R-W-SD.o
 .debug_frame   0x00000000000006b8       0xd0 ./Core/Src/clock_TT-c/RTCds3231.o
 .debug_frame   0x0000000000000788      0x268 ./Core/Src/clock_TT-c/fatfs_sd.o
 .debug_frame   0x00000000000009f0      0x3b8 ./Core/Src/clock_TT-c/ssd1306.o
 .debug_frame   0x0000000000000da8      0x334 ./Drivers/STM32F1xx_HAL_Driver/Src/stm32f1xx_hal.o
 .debug_frame   0x00000000000010dc      0x428 ./Drivers/STM32F1xx_HAL_Driver/Src/stm32f1xx_hal_cortex.o
 .debug_frame   0x0000000000001504      0x208 ./Drivers/STM32F1xx_HAL_Driver/Src/stm32f1xx_hal_dma.o
 .debug_frame   0x000000000000170c      0x14c ./Drivers/STM32F1xx_HAL_Driver/Src/stm32f1xx_hal_gpio.o
 .debug_frame   0x0000000000001858      0xc84 ./Drivers/STM32F1xx_HAL_Driver/Src/stm32f1xx_hal_i2c.o
 .debug_frame   0x00000000000024dc      0x218 ./Drivers/STM32F1xx_HAL_Driver/Src/stm32f1xx_hal_rcc.o
 .debug_frame   0x00000000000026f4      0x824 ./Drivers/STM32F1xx_HAL_Driver/Src/stm32f1xx_hal_spi.o
 .debug_frame   0x0000000000002f18     0x11bc ./Drivers/STM32F1xx_HAL_Driver/Src/stm32f1xx_hal_tim.o
 .debug_frame   0x00000000000040d4      0x638 ./Drivers/STM32F1xx_HAL_Driver/Src/stm32f1xx_hal_tim_ex.o
 .debug_frame   0x000000000000470c       0x4c ./FATFS/App/fatfs.o
 .debug_frame   0x0000000000004758       0xc4 ./FATFS/Target/user_diskio.o
 .debug_frame   0x000000000000481c       0xec ./Middlewares/Third_Party/FatFs/src/diskio.o
 .debug_frame   0x0000000000004908      0x8d0 ./Middlewares/Third_Party/FatFs/src/ff.o
 .debug_frame   0x00000000000051d8       0xc8 ./Middlewares/Third_Party/FatFs/src/ff_gen_drv.o
 .debug_frame   0x00000000000052a0       0x2c c:/st/stm32cubeide_1.10.1/stm32cubeide/plugins/com.st.stm32cube.ide.mcu.externaltools.gnu-tools-for-stm32.10.3-2021.10.win32_1.0.0.202111181127/tools/bin/../lib/gcc/arm-none-eabi/10.3.1/../../../../arm-none-eabi/lib/thumb/v7-m/nofp\libc_nano.a(lib_a-init.o)
 .debug_frame   0x00000000000052cc       0x20 c:/st/stm32cubeide_1.10.1/stm32cubeide/plugins/com.st.stm32cube.ide.mcu.externaltools.gnu-tools-for-stm32.10.3-2021.10.win32_1.0.0.202111181127/tools/bin/../lib/gcc/arm-none-eabi/10.3.1/../../../../arm-none-eabi/lib/thumb/v7-m/nofp\libc_nano.a(lib_a-memset.o)
