../Core/Src/main.c:132:6:HAL_GPIO_EXTI_Callback	16	static
../Core/Src/main.c:169:6:HAL_TIM_PeriodElapsedCallback	16	static
../Core/Src/main.c:179:6:HAL_I2C_MemRxCpltCallback	16	static
../Core/Src/main.c:195:9:doc	16	static
../Core/Src/main.c:212:9:ngang	16	static
../Core/Src/main.c:237:5:main	32	static
../Core/Src/main.c:568:6:SystemClock_Config	72	static
../Core/Src/main.c:608:13:MX_I2C1_Init	8	static
../Core/Src/main.c:642:13:MX_I2C2_Init	8	static
../Core/Src/main.c:676:13:MX_SPI1_Init	8	static
../Core/Src/main.c:714:13:MX_SPI2_Init	8	static
../Core/Src/main.c:752:13:MX_TIM2_Init	64	static
../Core/Src/main.c:811:13:MX_TIM3_Init	32	static
../Core/Src/main.c:856:13:MX_TIM4_Init	32	static
../Core/Src/main.c:901:13:MX_GPIO_Init	40	static
../Core/Src/main.c:994:6:Error_Handler	4	static,ignoring_inline_asm
