../Core/Src/stm32f1xx_it.c:57:6:SDTimer_Handler	4	static
../Core/Src/stm32f1xx_it.c:82:6:NMI_Handler	4	static
../Core/Src/stm32f1xx_it.c:97:6:HardFault_Handler	4	static
../Core/Src/stm32f1xx_it.c:112:6:MemManage_Handler	4	static
../Core/Src/stm32f1xx_it.c:127:6:BusFault_Handler	4	static
../Core/Src/stm32f1xx_it.c:142:6:UsageFault_Handler	4	static
../Core/Src/stm32f1xx_it.c:157:6:SVC_Handler	4	static
../Core/Src/stm32f1xx_it.c:170:6:DebugMon_Handler	4	static
../Core/Src/stm32f1xx_it.c:183:6:PendSV_Handler	4	static
../Core/Src/stm32f1xx_it.c:196:6:SysTick_Handler	8	static
../Core/Src/stm32f1xx_it.c:222:6:EXTI1_IRQHandler	8	static
../Core/Src/stm32f1xx_it.c:236:6:EXTI2_IRQHandler	8	static
../Core/Src/stm32f1xx_it.c:250:6:EXTI3_IRQHandler	8	static
../Core/Src/stm32f1xx_it.c:264:6:EXTI4_IRQHandler	8	static
../Core/Src/stm32f1xx_it.c:278:6:EXTI9_5_IRQHandler	8	static
../Core/Src/stm32f1xx_it.c:292:6:TIM3_IRQHandler	8	static
../Core/Src/stm32f1xx_it.c:306:6:I2C1_EV_IRQHandler	8	static
../Core/Src/stm32f1xx_it.c:320:6:I2C2_EV_IRQHandler	8	static
../Core/Src/stm32f1xx_it.c:334:6:SPI2_IRQHandler	8	static
