../Core/Src/clock_TT-c/ssd1306.c:23:6:ssd1306_Reset	8	static
../Core/Src/clock_TT-c/ssd1306.c:35:6:ssd1306_WriteCommand	16	static
../Core/Src/clock_TT-c/ssd1306.c:43:6:ssd1306_WriteData	16	static
../Core/Src/clock_TT-c/ssd1306.c:62:17:ssd1306_FillBuffer	24	static
../Core/Src/clock_TT-c/ssd1306.c:72:6:ssd1306_Init	8	static
../Core/Src/clock_TT-c/ssd1306.c:174:6:ssd1306_Fill	16	static
../Core/Src/clock_TT-c/ssd1306.c:179:6:ssd1306_UpdateScreen	16	static
../Core/Src/clock_TT-c/ssd1306.c:200:6:ssd1306_DrawPixel	16	static
../Core/Src/clock_TT-c/ssd1306.c:220:6:ssd1306_WriteChar	48	static
../Core/Src/clock_TT-c/ssd1306.c:255:6:ssd1306_WriteString	24	static
../Core/Src/clock_TT-c/ssd1306.c:269:6:ssd1306_SetCursor	16	static
../Core/Src/clock_TT-c/ssd1306.c:275:6:ssd1306_Line	48	static
../Core/Src/clock_TT-c/ssd1306.c:302:6:ssd1306_Polyline	40	static
../Core/Src/clock_TT-c/ssd1306.c:316:14:ssd1306_DegToRad	16	static
../Core/Src/clock_TT-c/ssd1306.c:321:17:ssd1306_NormalizeTo0_360	24	static
../Core/Src/clock_TT-c/ssd1306.c:337:6:ssd1306_DrawArc	56	static
../Core/Src/clock_TT-c/ssd1306.c:377:6:ssd1306_DrawArcWithRadiusLine	64	static
../Core/Src/clock_TT-c/ssd1306.c:420:6:ssd1306_DrawCircle	40	static
../Core/Src/clock_TT-c/ssd1306.c:455:6:ssd1306_FillCircle	48	static
../Core/Src/clock_TT-c/ssd1306.c:491:6:ssd1306_DrawRectangle	32	static
../Core/Src/clock_TT-c/ssd1306.c:501:6:ssd1306_FillRectangle	32	static
../Core/Src/clock_TT-c/ssd1306.c:516:6:ssd1306_DrawBitmap	24	static
../Core/Src/clock_TT-c/ssd1306.c:540:6:ssd1306_SetContrast	24	static
../Core/Src/clock_TT-c/ssd1306.c:546:6:ssd1306_SetDisplayOn	24	static
../Core/Src/clock_TT-c/ssd1306.c:558:9:ssd1306_GetDisplayOn	4	static
