01:17:13 **** Incremental Build of configuration Debug for project LTEST ****
make -j4 all 
arm-none-eabi-gcc "../Core/Src/clock_TT-c/R-W-SD.c" -mcpu=cortex-m3 -std=gnu11 -g3 -DDEBUG -DUSE_HAL_DRIVER -DSTM32F103xB -c -I../Core/Inc -I../Drivers/STM32F1xx_HAL_Driver/Inc/Legacy -I../Drivers/STM32F1xx_HAL_Driver/Inc -I../Drivers/CMSIS/Device/ST/STM32F1xx/Include -I../Drivers/CMSIS/Include -I"C:/Users/Administrator/STM32CubeIDE/SPITEST/LTEST/Drivers/STM32F1xx_HAL_Driver/Src/oled" -I"C:/Users/Administrator/STM32CubeIDE/SPITEST/LTEST/Drivers/STM32F1xx_HAL_Driver/Inc/oled" -I../FATFS/Target -I../FATFS/App -I../Middlewares/Third_Party/FatFs/src -O0 -ffunction-sections -fdata-sections -Wall -fstack-usage -MMD -MP -MF"Core/Src/clock_TT-c/R-W-SD.d" -MT"Core/Src/clock_TT-c/R-W-SD.o" --specs=nano.specs -mfloat-abi=soft -mthumb -o "Core/Src/clock_TT-c/R-W-SD.o"
arm-none-eabi-gcc "../Core/Src/main.c" -mcpu=cortex-m3 -std=gnu11 -g3 -DDEBUG -DUSE_HAL_DRIVER -DSTM32F103xB -c -I../Core/Inc -I../Drivers/STM32F1xx_HAL_Driver/Inc/Legacy -I../Drivers/STM32F1xx_HAL_Driver/Inc -I../Drivers/CMSIS/Device/ST/STM32F1xx/Include -I../Drivers/CMSIS/Include -I"C:/Users/Administrator/STM32CubeIDE/SPITEST/LTEST/Drivers/STM32F1xx_HAL_Driver/Src/oled" -I"C:/Users/Administrator/STM32CubeIDE/SPITEST/LTEST/Drivers/STM32F1xx_HAL_Driver/Inc/oled" -I../FATFS/Target -I../FATFS/App -I../Middlewares/Third_Party/FatFs/src -O0 -ffunction-sections -fdata-sections -Wall -fstack-usage -MMD -MP -MF"Core/Src/main.d" -MT"Core/Src/main.o" --specs=nano.specs -mfloat-abi=soft -mthumb -o "Core/Src/main.o"
../Core/Src/main.c: In function 'main':
../Core/Src/main.c:351:19: warning: passing argument 1 of 'doc' discards 'volatile' qualifier from pointer target type [-Wdiscarded-qualifiers]
  351 |     controdoc=doc(&tren,&duoi);
      |                   ^~~~~
../Core/Src/main.c:194:22: note: expected 'uint8_t *' {aka 'unsigned char *'} but argument is of type 'volatile uint8_t *' {aka 'volatile unsigned char *'}
  194 | uint8_t doc(uint8_t *tren,uint8_t *duoi)
      |             ~~~~~~~~~^~~~
../Core/Src/main.c:351:25: warning: passing argument 2 of 'doc' discards 'volatile' qualifier from pointer target type [-Wdiscarded-qualifiers]
  351 |     controdoc=doc(&tren,&duoi);
      |                         ^~~~~
../Core/Src/main.c:194:36: note: expected 'uint8_t *' {aka 'unsigned char *'} but argument is of type 'volatile uint8_t *' {aka 'volatile unsigned char *'}
  194 | uint8_t doc(uint8_t *tren,uint8_t *duoi)
      |                           ~~~~~~~~~^~~~
../Core/Src/main.c:352:23: warning: passing argument 1 of 'ngang' discards 'volatile' qualifier from pointer target type [-Wdiscarded-qualifiers]
  352 |     controngang=ngang(&trai,&phai);
      |                       ^~~~~
../Core/Src/main.c:211:24: note: expected 'uint8_t *' {aka 'unsigned char *'} but argument is of type 'volatile uint8_t *' {aka 'volatile unsigned char *'}
  211 | uint8_t ngang(uint8_t *trai,uint8_t *phai)
      |               ~~~~~~~~~^~~~
../Core/Src/main.c:352:29: warning: passing argument 2 of 'ngang' discards 'volatile' qualifier from pointer target type [-Wdiscarded-qualifiers]
  352 |     controngang=ngang(&trai,&phai);
      |                             ^~~~~
../Core/Src/main.c:211:38: note: expected 'uint8_t *' {aka 'unsigned char *'} but argument is of type 'volatile uint8_t *' {aka 'volatile unsigned char *'}
  211 | uint8_t ngang(uint8_t *trai,uint8_t *phai)
      |                             ~~~~~~~~~^~~~
../Core/Src/main.c:376:23: warning: passing argument 1 of 'doc' discards 'volatile' qualifier from pointer target type [-Wdiscarded-qualifiers]
  376 |        timeset[3]=doc(&tren,&duoi); //thu
      |                       ^~~~~
../Core/Src/main.c:194:22: note: expected 'uint8_t *' {aka 'unsigned char *'} but argument is of type 'volatile uint8_t *' {aka 'volatile unsigned char *'}
  194 | uint8_t doc(uint8_t *tren,uint8_t *duoi)
      |             ~~~~~~~~~^~~~
../Core/Src/main.c:376:29: warning: passing argument 2 of 'doc' discards 'volatile' qualifier from pointer target type [-Wdiscarded-qualifiers]
  376 |        timeset[3]=doc(&tren,&duoi); //thu
      |                             ^~~~~
../Core/Src/main.c:194:36: note: expected 'uint8_t *' {aka 'unsigned char *'} but argument is of type 'volatile uint8_t *' {aka 'volatile unsigned char *'}
  194 | uint8_t doc(uint8_t *tren,uint8_t *duoi)
      |                           ~~~~~~~~~^~~~
../Core/Src/main.c:382:23: warning: passing argument 1 of 'doc' discards 'volatile' qualifier from pointer target type [-Wdiscarded-qualifiers]
  382 |        timeset[4]=doc(&tren,&duoi);//ngay
      |                       ^~~~~
../Core/Src/main.c:194:22: note: expected 'uint8_t *' {aka 'unsigned char *'} but argument is of type 'volatile uint8_t *' {aka 'volatile unsigned char *'}
  194 | uint8_t doc(uint8_t *tren,uint8_t *duoi)
      |             ~~~~~~~~~^~~~
../Core/Src/main.c:382:29: warning: passing argument 2 of 'doc' discards 'volatile' qualifier from pointer target type [-Wdiscarded-qualifiers]
  382 |        timeset[4]=doc(&tren,&duoi);//ngay
      |                             ^~~~~
../Core/Src/main.c:194:36: note: expected 'uint8_t *' {aka 'unsigned char *'} but argument is of type 'volatile uint8_t *' {aka 'volatile unsigned char *'}
  194 | uint8_t doc(uint8_t *tren,uint8_t *duoi)
      |                           ~~~~~~~~~^~~~
../Core/Src/main.c:389:23: warning: passing argument 1 of 'doc' discards 'volatile' qualifier from pointer target type [-Wdiscarded-qualifiers]
  389 |        timeset[5]=doc(&tren,&duoi);//thang
      |                       ^~~~~
../Core/Src/main.c:194:22: note: expected 'uint8_t *' {aka 'unsigned char *'} but argument is of type 'volatile uint8_t *' {aka 'volatile unsigned char *'}
  194 | uint8_t doc(uint8_t *tren,uint8_t *duoi)
      |             ~~~~~~~~~^~~~
../Core/Src/main.c:389:29: warning: passing argument 2 of 'doc' discards 'volatile' qualifier from pointer target type [-Wdiscarded-qualifiers]
  389 |        timeset[5]=doc(&tren,&duoi);//thang
      |                             ^~~~~
../Core/Src/main.c:194:36: note: expected 'uint8_t *' {aka 'unsigned char *'} but argument is of type 'volatile uint8_t *' {aka 'volatile unsigned char *'}
  194 | uint8_t doc(uint8_t *tren,uint8_t *duoi)
      |                           ~~~~~~~~~^~~~
../Core/Src/main.c:397:23: warning: passing argument 1 of 'doc' discards 'volatile' qualifier from pointer target type [-Wdiscarded-qualifiers]
  397 |        timeset[6]=doc(&tren,&duoi);//nam
      |                       ^~~~~
../Core/Src/main.c:194:22: note: expected 'uint8_t *' {aka 'unsigned char *'} but argument is of type 'volatile uint8_t *' {aka 'volatile unsigned char *'}
  194 | uint8_t doc(uint8_t *tren,uint8_t *duoi)
      |             ~~~~~~~~~^~~~
../Core/Src/main.c:397:29: warning: passing argument 2 of 'doc' discards 'volatile' qualifier from pointer target type [-Wdiscarded-qualifiers]
  397 |        timeset[6]=doc(&tren,&duoi);//nam
      |                             ^~~~~
../Core/Src/main.c:194:36: note: expected 'uint8_t *' {aka 'unsigned char *'} but argument is of type 'volatile uint8_t *' {aka 'volatile unsigned char *'}
  194 | uint8_t doc(uint8_t *tren,uint8_t *duoi)
      |                           ~~~~~~~~~^~~~
../Core/Src/main.c:405:23: warning: passing argument 1 of 'doc' discards 'volatile' qualifier from pointer target type [-Wdiscarded-qualifiers]
  405 |        timeset[2]=doc(&tren,&duoi);//gio
      |                       ^~~~~
../Core/Src/main.c:194:22: note: expected 'uint8_t *' {aka 'unsigned char *'} but argument is of type 'volatile uint8_t *' {aka 'volatile unsigned char *'}
  194 | uint8_t doc(uint8_t *tren,uint8_t *duoi)
      |             ~~~~~~~~~^~~~
../Core/Src/main.c:405:29: warning: passing argument 2 of 'doc' discards 'volatile' qualifier from pointer target type [-Wdiscarded-qualifiers]
  405 |        timeset[2]=doc(&tren,&duoi);//gio
      |                             ^~~~~
../Core/Src/main.c:194:36: note: expected 'uint8_t *' {aka 'unsigned char *'} but argument is of type 'volatile uint8_t *' {aka 'volatile unsigned char *'}
  194 | uint8_t doc(uint8_t *tren,uint8_t *duoi)
      |                           ~~~~~~~~~^~~~
../Core/Src/main.c:412:23: warning: passing argument 1 of 'doc' discards 'volatile' qualifier from pointer target type [-Wdiscarded-qualifiers]
  412 |        timeset[1]=doc(&tren,&duoi);//phut
      |                       ^~~~~
../Core/Src/main.c:194:22: note: expected 'uint8_t *' {aka 'unsigned char *'} but argument is of type 'volatile uint8_t *' {aka 'volatile unsigned char *'}
  194 | uint8_t doc(uint8_t *tren,uint8_t *duoi)
      |             ~~~~~~~~~^~~~
../Core/Src/main.c:412:29: warning: passing argument 2 of 'doc' discards 'volatile' qualifier from pointer target type [-Wdiscarded-qualifiers]
  412 |        timeset[1]=doc(&tren,&duoi);//phut
      |                             ^~~~~
../Core/Src/main.c:194:36: note: expected 'uint8_t *' {aka 'unsigned char *'} but argument is of type 'volatile uint8_t *' {aka 'volatile unsigned char *'}
  194 | uint8_t doc(uint8_t *tren,uint8_t *duoi)
      |                           ~~~~~~~~~^~~~
../Core/Src/main.c:419:23: warning: passing argument 1 of 'doc' discards 'volatile' qualifier from pointer target type [-Wdiscarded-qualifiers]
  419 |        timeset[0]=doc(&tren,&duoi);//giay
      |                       ^~~~~
../Core/Src/main.c:194:22: note: expected 'uint8_t *' {aka 'unsigned char *'} but argument is of type 'volatile uint8_t *' {aka 'volatile unsigned char *'}
  194 | uint8_t doc(uint8_t *tren,uint8_t *duoi)
      |             ~~~~~~~~~^~~~
../Core/Src/main.c:419:29: warning: passing argument 2 of 'doc' discards 'volatile' qualifier from pointer target type [-Wdiscarded-qualifiers]
  419 |        timeset[0]=doc(&tren,&duoi);//giay
      |                             ^~~~~
../Core/Src/main.c:194:36: note: expected 'uint8_t *' {aka 'unsigned char *'} but argument is of type 'volatile uint8_t *' {aka 'volatile unsigned char *'}
  194 | uint8_t doc(uint8_t *tren,uint8_t *duoi)
      |                           ~~~~~~~~~^~~~
../Core/Src/main.c:461:19: warning: passing argument 1 of 'doc' discards 'volatile' qualifier from pointer target type [-Wdiscarded-qualifiers]
  461 |     controdoc=doc(&tren,&duoi);
      |                   ^~~~~
../Core/Src/main.c:194:22: note: expected 'uint8_t *' {aka 'unsigned char *'} but argument is of type 'volatile uint8_t *' {aka 'volatile unsigned char *'}
  194 | uint8_t doc(uint8_t *tren,uint8_t *duoi)
      |             ~~~~~~~~~^~~~
../Core/Src/main.c:461:25: warning: passing argument 2 of 'doc' discards 'volatile' qualifier from pointer target type [-Wdiscarded-qualifiers]
  461 |     controdoc=doc(&tren,&duoi);
      |                         ^~~~~
../Core/Src/main.c:194:36: note: expected 'uint8_t *' {aka 'unsigned char *'} but argument is of type 'volatile uint8_t *' {aka 'volatile unsigned char *'}
  194 | uint8_t doc(uint8_t *tren,uint8_t *duoi)
      |                           ~~~~~~~~~^~~~
../Core/Src/main.c:484:20: warning: passing argument 1 of 'doc' discards 'volatile' qualifier from pointer target type [-Wdiscarded-qualifiers]
  484 |      controdoc=doc(&tren,&duoi);
      |                    ^~~~~
../Core/Src/main.c:194:22: note: expected 'uint8_t *' {aka 'unsigned char *'} but argument is of type 'volatile uint8_t *' {aka 'volatile unsigned char *'}
  194 | uint8_t doc(uint8_t *tren,uint8_t *duoi)
      |             ~~~~~~~~~^~~~
../Core/Src/main.c:484:26: warning: passing argument 2 of 'doc' discards 'volatile' qualifier from pointer target type [-Wdiscarded-qualifiers]
  484 |      controdoc=doc(&tren,&duoi);
      |                          ^~~~~
../Core/Src/main.c:194:36: note: expected 'uint8_t *' {aka 'unsigned char *'} but argument is of type 'volatile uint8_t *' {aka 'volatile unsigned char *'}
  194 | uint8_t doc(uint8_t *tren,uint8_t *duoi)
      |                           ~~~~~~~~~^~~~
../Core/Src/main.c:485:24: warning: passing argument 1 of 'ngang' discards 'volatile' qualifier from pointer target type [-Wdiscarded-qualifiers]
  485 |      controngang=ngang(&trai,&phai);
      |                        ^~~~~
../Core/Src/main.c:211:24: note: expected 'uint8_t *' {aka 'unsigned char *'} but argument is of type 'volatile uint8_t *' {aka 'volatile unsigned char *'}
  211 | uint8_t ngang(uint8_t *trai,uint8_t *phai)
      |               ~~~~~~~~~^~~~
../Core/Src/main.c:485:30: warning: passing argument 2 of 'ngang' discards 'volatile' qualifier from pointer target type [-Wdiscarded-qualifiers]
  485 |      controngang=ngang(&trai,&phai);
      |                              ^~~~~
../Core/Src/main.c:211:38: note: expected 'uint8_t *' {aka 'unsigned char *'} but argument is of type 'volatile uint8_t *' {aka 'volatile unsigned char *'}
  211 | uint8_t ngang(uint8_t *trai,uint8_t *phai)
      |                             ~~~~~~~~~^~~~
../Core/Src/main.c:508:25: warning: passing argument 1 of 'doc' discards 'volatile' qualifier from pointer target type [-Wdiscarded-qualifiers]
  508 |         timealrm[1]=doc(&tren,&duoi);//gio
      |                         ^~~~~
../Core/Src/main.c:194:22: note: expected 'uint8_t *' {aka 'unsigned char *'} but argument is of type 'volatile uint8_t *' {aka 'volatile unsigned char *'}
  194 | uint8_t doc(uint8_t *tren,uint8_t *duoi)
      |             ~~~~~~~~~^~~~
../Core/Src/main.c:508:31: warning: passing argument 2 of 'doc' discards 'volatile' qualifier from pointer target type [-Wdiscarded-qualifiers]
  508 |         timealrm[1]=doc(&tren,&duoi);//gio
      |                               ^~~~~
../Core/Src/main.c:194:36: note: expected 'uint8_t *' {aka 'unsigned char *'} but argument is of type 'volatile uint8_t *' {aka 'volatile unsigned char *'}
  194 | uint8_t doc(uint8_t *tren,uint8_t *duoi)
      |                           ~~~~~~~~~^~~~
../Core/Src/main.c:515:25: warning: passing argument 1 of 'doc' discards 'volatile' qualifier from pointer target type [-Wdiscarded-qualifiers]
  515 |         timealrm[0]=doc(&tren,&duoi);//phut
      |                         ^~~~~
../Core/Src/main.c:194:22: note: expected 'uint8_t *' {aka 'unsigned char *'} but argument is of type 'volatile uint8_t *' {aka 'volatile unsigned char *'}
  194 | uint8_t doc(uint8_t *tren,uint8_t *duoi)
      |             ~~~~~~~~~^~~~
../Core/Src/main.c:515:31: warning: passing argument 2 of 'doc' discards 'volatile' qualifier from pointer target type [-Wdiscarded-qualifiers]
  515 |         timealrm[0]=doc(&tren,&duoi);//phut
      |                               ^~~~~
../Core/Src/main.c:194:36: note: expected 'uint8_t *' {aka 'unsigned char *'} but argument is of type 'volatile uint8_t *' {aka 'volatile unsigned char *'}
  194 | uint8_t doc(uint8_t *tren,uint8_t *duoi)
      |                           ~~~~~~~~~^~~~
arm-none-eabi-gcc -o "LTEST.elf" @"objects.list"   -mcpu=cortex-m3 -T"C:\Users\Administrator\STM32CubeIDE\SPITEST\LTEST\STM32F103C8TX_FLASH.ld" --specs=nosys.specs -Wl,-Map="LTEST.map" -Wl,--gc-sections -static --specs=nano.specs -mfloat-abi=soft -mthumb -Wl,--start-group -lc -lm -Wl,--end-group
Finished building target: LTEST.elf
 
arm-none-eabi-size   LTEST.elf 
arm-none-eabi-objdump -h -S  LTEST.elf  > "LTEST.list"
   text	   data	    bss	    dec	    hex	filename
  47476	    180	   6052	  53708	   d1cc	LTEST.elf
Finished building: default.size.stdout
 
Finished building: LTEST.list
 
01:19:31 **** Incremental Build of configuration Debug for project LTEST ****
make -j4 all 
arm-none-eabi-gcc "../Core/Src/main.c" -mcpu=cortex-m3 -std=gnu11 -g3 -DDEBUG -DUSE_HAL_DRIVER -DSTM32F103xB -c -I../Core/Inc -I../Drivers/STM32F1xx_HAL_Driver/Inc/Legacy -I../Drivers/STM32F1xx_HAL_Driver/Inc -I../Drivers/CMSIS/Device/ST/STM32F1xx/Include -I../Drivers/CMSIS/Include -I"C:/Users/Administrator/STM32CubeIDE/SPITEST/LTEST/Drivers/STM32F1xx_HAL_Driver/Src/oled" -I"C:/Users/Administrator/STM32CubeIDE/SPITEST/LTEST/Drivers/STM32F1xx_HAL_Driver/Inc/oled" -I../FATFS/Target -I../FATFS/App -I../Middlewares/Third_Party/FatFs/src -O0 -ffunction-sections -fdata-sections -Wall -fstack-usage -MMD -MP -MF"Core/Src/main.d" -MT"Core/Src/main.o" --specs=nano.specs -mfloat-abi=soft -mthumb -o "Core/Src/main.o"
../Core/Src/main.c: In function 'main':
../Core/Src/main.c:351:19: warning: passing argument 1 of 'doc' discards 'volatile' qualifier from pointer target type [-Wdiscarded-qualifiers]
  351 |     controdoc=doc(&tren,&duoi);
      |                   ^~~~~
../Core/Src/main.c:194:22: note: expected 'uint8_t *' {aka 'unsigned char *'} but argument is of type 'volatile uint8_t *' {aka 'volatile unsigned char *'}
  194 | uint8_t doc(uint8_t *tren,uint8_t *duoi)
      |             ~~~~~~~~~^~~~
../Core/Src/main.c:351:25: warning: passing argument 2 of 'doc' discards 'volatile' qualifier from pointer target type [-Wdiscarded-qualifiers]
  351 |     controdoc=doc(&tren,&duoi);
      |                         ^~~~~
../Core/Src/main.c:194:36: note: expected 'uint8_t *' {aka 'unsigned char *'} but argument is of type 'volatile uint8_t *' {aka 'volatile unsigned char *'}
  194 | uint8_t doc(uint8_t *tren,uint8_t *duoi)
      |                           ~~~~~~~~~^~~~
../Core/Src/main.c:352:23: warning: passing argument 1 of 'ngang' discards 'volatile' qualifier from pointer target type [-Wdiscarded-qualifiers]
  352 |     controngang=ngang(&trai,&phai);
      |                       ^~~~~
../Core/Src/main.c:211:24: note: expected 'uint8_t *' {aka 'unsigned char *'} but argument is of type 'volatile uint8_t *' {aka 'volatile unsigned char *'}
  211 | uint8_t ngang(uint8_t *trai,uint8_t *phai)
      |               ~~~~~~~~~^~~~
../Core/Src/main.c:352:29: warning: passing argument 2 of 'ngang' discards 'volatile' qualifier from pointer target type [-Wdiscarded-qualifiers]
  352 |     controngang=ngang(&trai,&phai);
      |                             ^~~~~
../Core/Src/main.c:211:38: note: expected 'uint8_t *' {aka 'unsigned char *'} but argument is of type 'volatile uint8_t *' {aka 'volatile unsigned char *'}
  211 | uint8_t ngang(uint8_t *trai,uint8_t *phai)
      |                             ~~~~~~~~~^~~~
../Core/Src/main.c:376:23: warning: passing argument 1 of 'doc' discards 'volatile' qualifier from pointer target type [-Wdiscarded-qualifiers]
  376 |        timeset[3]=doc(&tren,&duoi); //thu
      |                       ^~~~~
../Core/Src/main.c:194:22: note: expected 'uint8_t *' {aka 'unsigned char *'} but argument is of type 'volatile uint8_t *' {aka 'volatile unsigned char *'}
  194 | uint8_t doc(uint8_t *tren,uint8_t *duoi)
      |             ~~~~~~~~~^~~~
../Core/Src/main.c:376:29: warning: passing argument 2 of 'doc' discards 'volatile' qualifier from pointer target type [-Wdiscarded-qualifiers]
  376 |        timeset[3]=doc(&tren,&duoi); //thu
      |                             ^~~~~
../Core/Src/main.c:194:36: note: expected 'uint8_t *' {aka 'unsigned char *'} but argument is of type 'volatile uint8_t *' {aka 'volatile unsigned char *'}
  194 | uint8_t doc(uint8_t *tren,uint8_t *duoi)
      |                           ~~~~~~~~~^~~~
../Core/Src/main.c:382:23: warning: passing argument 1 of 'doc' discards 'volatile' qualifier from pointer target type [-Wdiscarded-qualifiers]
  382 |        timeset[4]=doc(&tren,&duoi);//ngay
      |                       ^~~~~
../Core/Src/main.c:194:22: note: expected 'uint8_t *' {aka 'unsigned char *'} but argument is of type 'volatile uint8_t *' {aka 'volatile unsigned char *'}
  194 | uint8_t doc(uint8_t *tren,uint8_t *duoi)
      |             ~~~~~~~~~^~~~
../Core/Src/main.c:382:29: warning: passing argument 2 of 'doc' discards 'volatile' qualifier from pointer target type [-Wdiscarded-qualifiers]
  382 |        timeset[4]=doc(&tren,&duoi);//ngay
      |                             ^~~~~
../Core/Src/main.c:194:36: note: expected 'uint8_t *' {aka 'unsigned char *'} but argument is of type 'volatile uint8_t *' {aka 'volatile unsigned char *'}
  194 | uint8_t doc(uint8_t *tren,uint8_t *duoi)
      |                           ~~~~~~~~~^~~~
../Core/Src/main.c:389:23: warning: passing argument 1 of 'doc' discards 'volatile' qualifier from pointer target type [-Wdiscarded-qualifiers]
  389 |        timeset[5]=doc(&tren,&duoi);//thang
      |                       ^~~~~
../Core/Src/main.c:194:22: note: expected 'uint8_t *' {aka 'unsigned char *'} but argument is of type 'volatile uint8_t *' {aka 'volatile unsigned char *'}
  194 | uint8_t doc(uint8_t *tren,uint8_t *duoi)
      |             ~~~~~~~~~^~~~
../Core/Src/main.c:389:29: warning: passing argument 2 of 'doc' discards 'volatile' qualifier from pointer target type [-Wdiscarded-qualifiers]
  389 |        timeset[5]=doc(&tren,&duoi);//thang
      |                             ^~~~~
../Core/Src/main.c:194:36: note: expected 'uint8_t *' {aka 'unsigned char *'} but argument is of type 'volatile uint8_t *' {aka 'volatile unsigned char *'}
  194 | uint8_t doc(uint8_t *tren,uint8_t *duoi)
      |                           ~~~~~~~~~^~~~
../Core/Src/main.c:397:23: warning: passing argument 1 of 'doc' discards 'volatile' qualifier from pointer target type [-Wdiscarded-qualifiers]
  397 |        timeset[6]=doc(&tren,&duoi);//nam
      |                       ^~~~~
../Core/Src/main.c:194:22: note: expected 'uint8_t *' {aka 'unsigned char *'} but argument is of type 'volatile uint8_t *' {aka 'volatile unsigned char *'}
  194 | uint8_t doc(uint8_t *tren,uint8_t *duoi)
      |             ~~~~~~~~~^~~~
../Core/Src/main.c:397:29: warning: passing argument 2 of 'doc' discards 'volatile' qualifier from pointer target type [-Wdiscarded-qualifiers]
  397 |        timeset[6]=doc(&tren,&duoi);//nam
      |                             ^~~~~
../Core/Src/main.c:194:36: note: expected 'uint8_t *' {aka 'unsigned char *'} but argument is of type 'volatile uint8_t *' {aka 'volatile unsigned char *'}
  194 | uint8_t doc(uint8_t *tren,uint8_t *duoi)
      |                           ~~~~~~~~~^~~~
../Core/Src/main.c:405:23: warning: passing argument 1 of 'doc' discards 'volatile' qualifier from pointer target type [-Wdiscarded-qualifiers]
  405 |        timeset[2]=doc(&tren,&duoi);//gio
      |                       ^~~~~
../Core/Src/main.c:194:22: note: expected 'uint8_t *' {aka 'unsigned char *'} but argument is of type 'volatile uint8_t *' {aka 'volatile unsigned char *'}
  194 | uint8_t doc(uint8_t *tren,uint8_t *duoi)
      |             ~~~~~~~~~^~~~
../Core/Src/main.c:405:29: warning: passing argument 2 of 'doc' discards 'volatile' qualifier from pointer target type [-Wdiscarded-qualifiers]
  405 |        timeset[2]=doc(&tren,&duoi);//gio
      |                             ^~~~~
../Core/Src/main.c:194:36: note: expected 'uint8_t *' {aka 'unsigned char *'} but argument is of type 'volatile uint8_t *' {aka 'volatile unsigned char *'}
  194 | uint8_t doc(uint8_t *tren,uint8_t *duoi)
      |                           ~~~~~~~~~^~~~
../Core/Src/main.c:412:23: warning: passing argument 1 of 'doc' discards 'volatile' qualifier from pointer target type [-Wdiscarded-qualifiers]
  412 |        timeset[1]=doc(&tren,&duoi);//phut
      |                       ^~~~~
../Core/Src/main.c:194:22: note: expected 'uint8_t *' {aka 'unsigned char *'} but argument is of type 'volatile uint8_t *' {aka 'volatile unsigned char *'}
  194 | uint8_t doc(uint8_t *tren,uint8_t *duoi)
      |             ~~~~~~~~~^~~~
../Core/Src/main.c:412:29: warning: passing argument 2 of 'doc' discards 'volatile' qualifier from pointer target type [-Wdiscarded-qualifiers]
  412 |        timeset[1]=doc(&tren,&duoi);//phut
      |                             ^~~~~
../Core/Src/main.c:194:36: note: expected 'uint8_t *' {aka 'unsigned char *'} but argument is of type 'volatile uint8_t *' {aka 'volatile unsigned char *'}
  194 | uint8_t doc(uint8_t *tren,uint8_t *duoi)
      |                           ~~~~~~~~~^~~~
../Core/Src/main.c:419:23: warning: passing argument 1 of 'doc' discards 'volatile' qualifier from pointer target type [-Wdiscarded-qualifiers]
  419 |        timeset[0]=doc(&tren,&duoi);//giay
      |                       ^~~~~
../Core/Src/main.c:194:22: note: expected 'uint8_t *' {aka 'unsigned char *'} but argument is of type 'volatile uint8_t *' {aka 'volatile unsigned char *'}
  194 | uint8_t doc(uint8_t *tren,uint8_t *duoi)
      |             ~~~~~~~~~^~~~
../Core/Src/main.c:419:29: warning: passing argument 2 of 'doc' discards 'volatile' qualifier from pointer target type [-Wdiscarded-qualifiers]
  419 |        timeset[0]=doc(&tren,&duoi);//giay
      |                             ^~~~~
../Core/Src/main.c:194:36: note: expected 'uint8_t *' {aka 'unsigned char *'} but argument is of type 'volatile uint8_t *' {aka 'volatile unsigned char *'}
  194 | uint8_t doc(uint8_t *tren,uint8_t *duoi)
      |                           ~~~~~~~~~^~~~
../Core/Src/main.c:461:19: warning: passing argument 1 of 'doc' discards 'volatile' qualifier from pointer target type [-Wdiscarded-qualifiers]
  461 |     controdoc=doc(&tren,&duoi);
      |                   ^~~~~
../Core/Src/main.c:194:22: note: expected 'uint8_t *' {aka 'unsigned char *'} but argument is of type 'volatile uint8_t *' {aka 'volatile unsigned char *'}
  194 | uint8_t doc(uint8_t *tren,uint8_t *duoi)
      |             ~~~~~~~~~^~~~
../Core/Src/main.c:461:25: warning: passing argument 2 of 'doc' discards 'volatile' qualifier from pointer target type [-Wdiscarded-qualifiers]
  461 |     controdoc=doc(&tren,&duoi);
      |                         ^~~~~
../Core/Src/main.c:194:36: note: expected 'uint8_t *' {aka 'unsigned char *'} but argument is of type 'volatile uint8_t *' {aka 'volatile unsigned char *'}
  194 | uint8_t doc(uint8_t *tren,uint8_t *duoi)
      |                           ~~~~~~~~~^~~~
../Core/Src/main.c:484:20: warning: passing argument 1 of 'doc' discards 'volatile' qualifier from pointer target type [-Wdiscarded-qualifiers]
  484 |      controdoc=doc(&tren,&duoi);
      |                    ^~~~~
../Core/Src/main.c:194:22: note: expected 'uint8_t *' {aka 'unsigned char *'} but argument is of type 'volatile uint8_t *' {aka 'volatile unsigned char *'}
  194 | uint8_t doc(uint8_t *tren,uint8_t *duoi)
      |             ~~~~~~~~~^~~~
../Core/Src/main.c:484:26: warning: passing argument 2 of 'doc' discards 'volatile' qualifier from pointer target type [-Wdiscarded-qualifiers]
  484 |      controdoc=doc(&tren,&duoi);
      |                          ^~~~~
../Core/Src/main.c:194:36: note: expected 'uint8_t *' {aka 'unsigned char *'} but argument is of type 'volatile uint8_t *' {aka 'volatile unsigned char *'}
  194 | uint8_t doc(uint8_t *tren,uint8_t *duoi)
      |                           ~~~~~~~~~^~~~
../Core/Src/main.c:485:24: warning: passing argument 1 of 'ngang' discards 'volatile' qualifier from pointer target type [-Wdiscarded-qualifiers]
  485 |      controngang=ngang(&trai,&phai);
      |                        ^~~~~
../Core/Src/main.c:211:24: note: expected 'uint8_t *' {aka 'unsigned char *'} but argument is of type 'volatile uint8_t *' {aka 'volatile unsigned char *'}
  211 | uint8_t ngang(uint8_t *trai,uint8_t *phai)
      |               ~~~~~~~~~^~~~
../Core/Src/main.c:485:30: warning: passing argument 2 of 'ngang' discards 'volatile' qualifier from pointer target type [-Wdiscarded-qualifiers]
  485 |      controngang=ngang(&trai,&phai);
      |                              ^~~~~
../Core/Src/main.c:211:38: note: expected 'uint8_t *' {aka 'unsigned char *'} but argument is of type 'volatile uint8_t *' {aka 'volatile unsigned char *'}
  211 | uint8_t ngang(uint8_t *trai,uint8_t *phai)
      |                             ~~~~~~~~~^~~~
../Core/Src/main.c:508:25: warning: passing argument 1 of 'doc' discards 'volatile' qualifier from pointer target type [-Wdiscarded-qualifiers]
  508 |         timealrm[1]=doc(&tren,&duoi);//gio
      |                         ^~~~~
../Core/Src/main.c:194:22: note: expected 'uint8_t *' {aka 'unsigned char *'} but argument is of type 'volatile uint8_t *' {aka 'volatile unsigned char *'}
  194 | uint8_t doc(uint8_t *tren,uint8_t *duoi)
      |             ~~~~~~~~~^~~~
../Core/Src/main.c:508:31: warning: passing argument 2 of 'doc' discards 'volatile' qualifier from pointer target type [-Wdiscarded-qualifiers]
  508 |         timealrm[1]=doc(&tren,&duoi);//gio
      |                               ^~~~~
../Core/Src/main.c:194:36: note: expected 'uint8_t *' {aka 'unsigned char *'} but argument is of type 'volatile uint8_t *' {aka 'volatile unsigned char *'}
  194 | uint8_t doc(uint8_t *tren,uint8_t *duoi)
      |                           ~~~~~~~~~^~~~
../Core/Src/main.c:515:25: warning: passing argument 1 of 'doc' discards 'volatile' qualifier from pointer target type [-Wdiscarded-qualifiers]
  515 |         timealrm[0]=doc(&tren,&duoi);//phut
      |                         ^~~~~
../Core/Src/main.c:194:22: note: expected 'uint8_t *' {aka 'unsigned char *'} but argument is of type 'volatile uint8_t *' {aka 'volatile unsigned char *'}
  194 | uint8_t doc(uint8_t *tren,uint8_t *duoi)
      |             ~~~~~~~~~^~~~
../Core/Src/main.c:515:31: warning: passing argument 2 of 'doc' discards 'volatile' qualifier from pointer target type [-Wdiscarded-qualifiers]
  515 |         timealrm[0]=doc(&tren,&duoi);//phut
      |                               ^~~~~
../Core/Src/main.c:194:36: note: expected 'uint8_t *' {aka 'unsigned char *'} but argument is of type 'volatile uint8_t *' {aka 'volatile unsigned char *'}
  194 | uint8_t doc(uint8_t *tren,uint8_t *duoi)
      |                           ~~~~~~~~~^~~~
arm-none-eabi-gcc -o "LTEST.elf" @"objects.list"   -mcpu=cortex-m3 -T"C:\Users\Administrator\STM32CubeIDE\SPITEST\LTEST\STM32F103C8TX_FLASH.ld" --specs=nosys.specs -Wl,-Map="LTEST.map" -Wl,--gc-sections -static --specs=nano.specs -mfloat-abi=soft -mthumb -Wl,--start-group -lc -lm -Wl,--end-group
Finished building target: LTEST.elf
 
arm-none-eabi-size   LTEST.elf 
arm-none-eabi-objdump -h -S  LTEST.elf  > "LTEST.list"
   text	   data	    bss	    dec	    hex	filename
  47484	    180	   6052	  53716	   d1d4	LTEST.elf
Finished building: default.size.stdout
 
Finished building: LTEST.list
 
01:23:02 **** Incremental Build of configuration Debug for project LTEST ****
make -j4 all 
arm-none-eabi-gcc "../Core/Src/main.c" -mcpu=cortex-m3 -std=gnu11 -g3 -DDEBUG -DUSE_HAL_DRIVER -DSTM32F103xB -c -I../Core/Inc -I../Drivers/STM32F1xx_HAL_Driver/Inc/Legacy -I../Drivers/STM32F1xx_HAL_Driver/Inc -I../Drivers/CMSIS/Device/ST/STM32F1xx/Include -I../Drivers/CMSIS/Include -I"C:/Users/Administrator/STM32CubeIDE/SPITEST/LTEST/Drivers/STM32F1xx_HAL_Driver/Src/oled" -I"C:/Users/Administrator/STM32CubeIDE/SPITEST/LTEST/Drivers/STM32F1xx_HAL_Driver/Inc/oled" -I../FATFS/Target -I../FATFS/App -I../Middlewares/Third_Party/FatFs/src -O0 -ffunction-sections -fdata-sections -Wall -fstack-usage -MMD -MP -MF"Core/Src/main.d" -MT"Core/Src/main.o" --specs=nano.specs -mfloat-abi=soft -mthumb -o "Core/Src/main.o"
../Core/Src/main.c: In function 'HAL_GPIO_EXTI_Callback':
../Core/Src/main.c:142:10: warning: suggest parentheses around assignment used as truth value [-Wparentheses]
  142 |      if (mode=4 && controdoc==1) mode=0;
      |          ^~~~
../Core/Src/main.c: In function 'main':
../Core/Src/main.c:352:19: warning: passing argument 1 of 'doc' discards 'volatile' qualifier from pointer target type [-Wdiscarded-qualifiers]
  352 |     controdoc=doc(&tren,&duoi);
      |                   ^~~~~
../Core/Src/main.c:195:22: note: expected 'uint8_t *' {aka 'unsigned char *'} but argument is of type 'volatile uint8_t *' {aka 'volatile unsigned char *'}
  195 | uint8_t doc(uint8_t *tren,uint8_t *duoi)
      |             ~~~~~~~~~^~~~
../Core/Src/main.c:352:25: warning: passing argument 2 of 'doc' discards 'volatile' qualifier from pointer target type [-Wdiscarded-qualifiers]
  352 |     controdoc=doc(&tren,&duoi);
      |                         ^~~~~
../Core/Src/main.c:195:36: note: expected 'uint8_t *' {aka 'unsigned char *'} but argument is of type 'volatile uint8_t *' {aka 'volatile unsigned char *'}
  195 | uint8_t doc(uint8_t *tren,uint8_t *duoi)
      |                           ~~~~~~~~~^~~~
../Core/Src/main.c:353:23: warning: passing argument 1 of 'ngang' discards 'volatile' qualifier from pointer target type [-Wdiscarded-qualifiers]
  353 |     controngang=ngang(&trai,&phai);
      |                       ^~~~~
../Core/Src/main.c:212:24: note: expected 'uint8_t *' {aka 'unsigned char *'} but argument is of type 'volatile uint8_t *' {aka 'volatile unsigned char *'}
  212 | uint8_t ngang(uint8_t *trai,uint8_t *phai)
      |               ~~~~~~~~~^~~~
../Core/Src/main.c:353:29: warning: passing argument 2 of 'ngang' discards 'volatile' qualifier from pointer target type [-Wdiscarded-qualifiers]
  353 |     controngang=ngang(&trai,&phai);
      |                             ^~~~~
../Core/Src/main.c:212:38: note: expected 'uint8_t *' {aka 'unsigned char *'} but argument is of type 'volatile uint8_t *' {aka 'volatile unsigned char *'}
  212 | uint8_t ngang(uint8_t *trai,uint8_t *phai)
      |                             ~~~~~~~~~^~~~
../Core/Src/main.c:377:23: warning: passing argument 1 of 'doc' discards 'volatile' qualifier from pointer target type [-Wdiscarded-qualifiers]
  377 |        timeset[3]=doc(&tren,&duoi); //thu
      |                       ^~~~~
../Core/Src/main.c:195:22: note: expected 'uint8_t *' {aka 'unsigned char *'} but argument is of type 'volatile uint8_t *' {aka 'volatile unsigned char *'}
  195 | uint8_t doc(uint8_t *tren,uint8_t *duoi)
      |             ~~~~~~~~~^~~~
../Core/Src/main.c:377:29: warning: passing argument 2 of 'doc' discards 'volatile' qualifier from pointer target type [-Wdiscarded-qualifiers]
  377 |        timeset[3]=doc(&tren,&duoi); //thu
      |                             ^~~~~
../Core/Src/main.c:195:36: note: expected 'uint8_t *' {aka 'unsigned char *'} but argument is of type 'volatile uint8_t *' {aka 'volatile unsigned char *'}
  195 | uint8_t doc(uint8_t *tren,uint8_t *duoi)
      |                           ~~~~~~~~~^~~~
../Core/Src/main.c:383:23: warning: passing argument 1 of 'doc' discards 'volatile' qualifier from pointer target type [-Wdiscarded-qualifiers]
  383 |        timeset[4]=doc(&tren,&duoi);//ngay
      |                       ^~~~~
../Core/Src/main.c:195:22: note: expected 'uint8_t *' {aka 'unsigned char *'} but argument is of type 'volatile uint8_t *' {aka 'volatile unsigned char *'}
  195 | uint8_t doc(uint8_t *tren,uint8_t *duoi)
      |             ~~~~~~~~~^~~~
../Core/Src/main.c:383:29: warning: passing argument 2 of 'doc' discards 'volatile' qualifier from pointer target type [-Wdiscarded-qualifiers]
  383 |        timeset[4]=doc(&tren,&duoi);//ngay
      |                             ^~~~~
../Core/Src/main.c:195:36: note: expected 'uint8_t *' {aka 'unsigned char *'} but argument is of type 'volatile uint8_t *' {aka 'volatile unsigned char *'}
  195 | uint8_t doc(uint8_t *tren,uint8_t *duoi)
      |                           ~~~~~~~~~^~~~
../Core/Src/main.c:390:23: warning: passing argument 1 of 'doc' discards 'volatile' qualifier from pointer target type [-Wdiscarded-qualifiers]
  390 |        timeset[5]=doc(&tren,&duoi);//thang
      |                       ^~~~~
../Core/Src/main.c:195:22: note: expected 'uint8_t *' {aka 'unsigned char *'} but argument is of type 'volatile uint8_t *' {aka 'volatile unsigned char *'}
  195 | uint8_t doc(uint8_t *tren,uint8_t *duoi)
      |             ~~~~~~~~~^~~~
../Core/Src/main.c:390:29: warning: passing argument 2 of 'doc' discards 'volatile' qualifier from pointer target type [-Wdiscarded-qualifiers]
  390 |        timeset[5]=doc(&tren,&duoi);//thang
      |                             ^~~~~
../Core/Src/main.c:195:36: note: expected 'uint8_t *' {aka 'unsigned char *'} but argument is of type 'volatile uint8_t *' {aka 'volatile unsigned char *'}
  195 | uint8_t doc(uint8_t *tren,uint8_t *duoi)
      |                           ~~~~~~~~~^~~~
../Core/Src/main.c:398:23: warning: passing argument 1 of 'doc' discards 'volatile' qualifier from pointer target type [-Wdiscarded-qualifiers]
  398 |        timeset[6]=doc(&tren,&duoi);//nam
      |                       ^~~~~
../Core/Src/main.c:195:22: note: expected 'uint8_t *' {aka 'unsigned char *'} but argument is of type 'volatile uint8_t *' {aka 'volatile unsigned char *'}
  195 | uint8_t doc(uint8_t *tren,uint8_t *duoi)
      |             ~~~~~~~~~^~~~
../Core/Src/main.c:398:29: warning: passing argument 2 of 'doc' discards 'volatile' qualifier from pointer target type [-Wdiscarded-qualifiers]
  398 |        timeset[6]=doc(&tren,&duoi);//nam
      |                             ^~~~~
../Core/Src/main.c:195:36: note: expected 'uint8_t *' {aka 'unsigned char *'} but argument is of type 'volatile uint8_t *' {aka 'volatile unsigned char *'}
  195 | uint8_t doc(uint8_t *tren,uint8_t *duoi)
      |                           ~~~~~~~~~^~~~
../Core/Src/main.c:406:23: warning: passing argument 1 of 'doc' discards 'volatile' qualifier from pointer target type [-Wdiscarded-qualifiers]
  406 |        timeset[2]=doc(&tren,&duoi);//gio
      |                       ^~~~~
../Core/Src/main.c:195:22: note: expected 'uint8_t *' {aka 'unsigned char *'} but argument is of type 'volatile uint8_t *' {aka 'volatile unsigned char *'}
  195 | uint8_t doc(uint8_t *tren,uint8_t *duoi)
      |             ~~~~~~~~~^~~~
../Core/Src/main.c:406:29: warning: passing argument 2 of 'doc' discards 'volatile' qualifier from pointer target type [-Wdiscarded-qualifiers]
  406 |        timeset[2]=doc(&tren,&duoi);//gio
      |                             ^~~~~
../Core/Src/main.c:195:36: note: expected 'uint8_t *' {aka 'unsigned char *'} but argument is of type 'volatile uint8_t *' {aka 'volatile unsigned char *'}
  195 | uint8_t doc(uint8_t *tren,uint8_t *duoi)
      |                           ~~~~~~~~~^~~~
../Core/Src/main.c:413:23: warning: passing argument 1 of 'doc' discards 'volatile' qualifier from pointer target type [-Wdiscarded-qualifiers]
  413 |        timeset[1]=doc(&tren,&duoi);//phut
      |                       ^~~~~
../Core/Src/main.c:195:22: note: expected 'uint8_t *' {aka 'unsigned char *'} but argument is of type 'volatile uint8_t *' {aka 'volatile unsigned char *'}
  195 | uint8_t doc(uint8_t *tren,uint8_t *duoi)
      |             ~~~~~~~~~^~~~
../Core/Src/main.c:413:29: warning: passing argument 2 of 'doc' discards 'volatile' qualifier from pointer target type [-Wdiscarded-qualifiers]
  413 |        timeset[1]=doc(&tren,&duoi);//phut
      |                             ^~~~~
../Core/Src/main.c:195:36: note: expected 'uint8_t *' {aka 'unsigned char *'} but argument is of type 'volatile uint8_t *' {aka 'volatile unsigned char *'}
  195 | uint8_t doc(uint8_t *tren,uint8_t *duoi)
      |                           ~~~~~~~~~^~~~
../Core/Src/main.c:420:23: warning: passing argument 1 of 'doc' discards 'volatile' qualifier from pointer target type [-Wdiscarded-qualifiers]
  420 |        timeset[0]=doc(&tren,&duoi);//giay
      |                       ^~~~~
../Core/Src/main.c:195:22: note: expected 'uint8_t *' {aka 'unsigned char *'} but argument is of type 'volatile uint8_t *' {aka 'volatile unsigned char *'}
  195 | uint8_t doc(uint8_t *tren,uint8_t *duoi)
      |             ~~~~~~~~~^~~~
../Core/Src/main.c:420:29: warning: passing argument 2 of 'doc' discards 'volatile' qualifier from pointer target type [-Wdiscarded-qualifiers]
  420 |        timeset[0]=doc(&tren,&duoi);//giay
      |                             ^~~~~
../Core/Src/main.c:195:36: note: expected 'uint8_t *' {aka 'unsigned char *'} but argument is of type 'volatile uint8_t *' {aka 'volatile unsigned char *'}
  195 | uint8_t doc(uint8_t *tren,uint8_t *duoi)
      |                           ~~~~~~~~~^~~~
../Core/Src/main.c:462:19: warning: passing argument 1 of 'doc' discards 'volatile' qualifier from pointer target type [-Wdiscarded-qualifiers]
  462 |     controdoc=doc(&tren,&duoi);
      |                   ^~~~~
../Core/Src/main.c:195:22: note: expected 'uint8_t *' {aka 'unsigned char *'} but argument is of type 'volatile uint8_t *' {aka 'volatile unsigned char *'}
  195 | uint8_t doc(uint8_t *tren,uint8_t *duoi)
      |             ~~~~~~~~~^~~~
../Core/Src/main.c:462:25: warning: passing argument 2 of 'doc' discards 'volatile' qualifier from pointer target type [-Wdiscarded-qualifiers]
  462 |     controdoc=doc(&tren,&duoi);
      |                         ^~~~~
../Core/Src/main.c:195:36: note: expected 'uint8_t *' {aka 'unsigned char *'} but argument is of type 'volatile uint8_t *' {aka 'volatile unsigned char *'}
  195 | uint8_t doc(uint8_t *tren,uint8_t *duoi)
      |                           ~~~~~~~~~^~~~
../Core/Src/main.c:485:20: warning: passing argument 1 of 'doc' discards 'volatile' qualifier from pointer target type [-Wdiscarded-qualifiers]
  485 |      controdoc=doc(&tren,&duoi);
      |                    ^~~~~
../Core/Src/main.c:195:22: note: expected 'uint8_t *' {aka 'unsigned char *'} but argument is of type 'volatile uint8_t *' {aka 'volatile unsigned char *'}
  195 | uint8_t doc(uint8_t *tren,uint8_t *duoi)
      |             ~~~~~~~~~^~~~
../Core/Src/main.c:485:26: warning: passing argument 2 of 'doc' discards 'volatile' qualifier from pointer target type [-Wdiscarded-qualifiers]
  485 |      controdoc=doc(&tren,&duoi);
      |                          ^~~~~
../Core/Src/main.c:195:36: note: expected 'uint8_t *' {aka 'unsigned char *'} but argument is of type 'volatile uint8_t *' {aka 'volatile unsigned char *'}
  195 | uint8_t doc(uint8_t *tren,uint8_t *duoi)
      |                           ~~~~~~~~~^~~~
../Core/Src/main.c:486:24: warning: passing argument 1 of 'ngang' discards 'volatile' qualifier from pointer target type [-Wdiscarded-qualifiers]
  486 |      controngang=ngang(&trai,&phai);
      |                        ^~~~~
../Core/Src/main.c:212:24: note: expected 'uint8_t *' {aka 'unsigned char *'} but argument is of type 'volatile uint8_t *' {aka 'volatile unsigned char *'}
  212 | uint8_t ngang(uint8_t *trai,uint8_t *phai)
      |               ~~~~~~~~~^~~~
../Core/Src/main.c:486:30: warning: passing argument 2 of 'ngang' discards 'volatile' qualifier from pointer target type [-Wdiscarded-qualifiers]
  486 |      controngang=ngang(&trai,&phai);
      |                              ^~~~~
../Core/Src/main.c:212:38: note: expected 'uint8_t *' {aka 'unsigned char *'} but argument is of type 'volatile uint8_t *' {aka 'volatile unsigned char *'}
  212 | uint8_t ngang(uint8_t *trai,uint8_t *phai)
      |                             ~~~~~~~~~^~~~
../Core/Src/main.c:509:25: warning: passing argument 1 of 'doc' discards 'volatile' qualifier from pointer target type [-Wdiscarded-qualifiers]
  509 |         timealrm[1]=doc(&tren,&duoi);//gio
      |                         ^~~~~
../Core/Src/main.c:195:22: note: expected 'uint8_t *' {aka 'unsigned char *'} but argument is of type 'volatile uint8_t *' {aka 'volatile unsigned char *'}
  195 | uint8_t doc(uint8_t *tren,uint8_t *duoi)
      |             ~~~~~~~~~^~~~
../Core/Src/main.c:509:31: warning: passing argument 2 of 'doc' discards 'volatile' qualifier from pointer target type [-Wdiscarded-qualifiers]
  509 |         timealrm[1]=doc(&tren,&duoi);//gio
      |                               ^~~~~
../Core/Src/main.c:195:36: note: expected 'uint8_t *' {aka 'unsigned char *'} but argument is of type 'volatile uint8_t *' {aka 'volatile unsigned char *'}
  195 | uint8_t doc(uint8_t *tren,uint8_t *duoi)
      |                           ~~~~~~~~~^~~~
../Core/Src/main.c:516:25: warning: passing argument 1 of 'doc' discards 'volatile' qualifier from pointer target type [-Wdiscarded-qualifiers]
  516 |         timealrm[0]=doc(&tren,&duoi);//phut
      |                         ^~~~~
../Core/Src/main.c:195:22: note: expected 'uint8_t *' {aka 'unsigned char *'} but argument is of type 'volatile uint8_t *' {aka 'volatile unsigned char *'}
  195 | uint8_t doc(uint8_t *tren,uint8_t *duoi)
      |             ~~~~~~~~~^~~~
../Core/Src/main.c:516:31: warning: passing argument 2 of 'doc' discards 'volatile' qualifier from pointer target type [-Wdiscarded-qualifiers]
  516 |         timealrm[0]=doc(&tren,&duoi);//phut
      |                               ^~~~~
../Core/Src/main.c:195:36: note: expected 'uint8_t *' {aka 'unsigned char *'} but argument is of type 'volatile uint8_t *' {aka 'volatile unsigned char *'}
  195 | uint8_t doc(uint8_t *tren,uint8_t *duoi)
      |                           ~~~~~~~~~^~~~
arm-none-eabi-gcc -o "LTEST.elf" @"objects.list"   -mcpu=cortex-m3 -T"C:\Users\Administrator\STM32CubeIDE\SPITEST\LTEST\STM32F103C8TX_FLASH.ld" --specs=nosys.specs -Wl,-Map="LTEST.map" -Wl,--gc-sections -static --specs=nano.specs -mfloat-abi=soft -mthumb -Wl,--start-group -lc -lm -Wl,--end-group
Finished building target: LTEST.elf
 
arm-none-eabi-size   LTEST.elf 
arm-none-eabi-objdump -h -S  LTEST.elf  > "LTEST.list"
   text	   data	    bss	    dec	    hex	filename
  47444	    180	   6052	  53676	   d1ac	LTEST.elf
Finished building: default.size.stdout
 
Finished building: LTEST.list
 
01:24:16 **** Incremental Build of configuration Debug for project LTEST ****
make -j4 all 
arm-none-eabi-gcc "../Core/Src/main.c" -mcpu=cortex-m3 -std=gnu11 -g3 -DDEBUG -DUSE_HAL_DRIVER -DSTM32F103xB -c -I../Core/Inc -I../Drivers/STM32F1xx_HAL_Driver/Inc/Legacy -I../Drivers/STM32F1xx_HAL_Driver/Inc -I../Drivers/CMSIS/Device/ST/STM32F1xx/Include -I../Drivers/CMSIS/Include -I"C:/Users/Administrator/STM32CubeIDE/SPITEST/LTEST/Drivers/STM32F1xx_HAL_Driver/Src/oled" -I"C:/Users/Administrator/STM32CubeIDE/SPITEST/LTEST/Drivers/STM32F1xx_HAL_Driver/Inc/oled" -I../FATFS/Target -I../FATFS/App -I../Middlewares/Third_Party/FatFs/src -O0 -ffunction-sections -fdata-sections -Wall -fstack-usage -MMD -MP -MF"Core/Src/main.d" -MT"Core/Src/main.o" --specs=nano.specs -mfloat-abi=soft -mthumb -o "Core/Src/main.o"
../Core/Src/main.c: In function 'HAL_GPIO_EXTI_Callback':
../Core/Src/main.c:142:10: warning: suggest parentheses around assignment used as truth value [-Wparentheses]
  142 |      if (mode=4 && controdoc==1) mode=0;
      |          ^~~~
../Core/Src/main.c: In function 'main':
../Core/Src/main.c:352:19: warning: passing argument 1 of 'doc' discards 'volatile' qualifier from pointer target type [-Wdiscarded-qualifiers]
  352 |     controdoc=doc(&tren,&duoi);
      |                   ^~~~~
../Core/Src/main.c:195:22: note: expected 'uint8_t *' {aka 'unsigned char *'} but argument is of type 'volatile uint8_t *' {aka 'volatile unsigned char *'}
  195 | uint8_t doc(uint8_t *tren,uint8_t *duoi)
      |             ~~~~~~~~~^~~~
../Core/Src/main.c:352:25: warning: passing argument 2 of 'doc' discards 'volatile' qualifier from pointer target type [-Wdiscarded-qualifiers]
  352 |     controdoc=doc(&tren,&duoi);
      |                         ^~~~~
../Core/Src/main.c:195:36: note: expected 'uint8_t *' {aka 'unsigned char *'} but argument is of type 'volatile uint8_t *' {aka 'volatile unsigned char *'}
  195 | uint8_t doc(uint8_t *tren,uint8_t *duoi)
      |                           ~~~~~~~~~^~~~
../Core/Src/main.c:353:23: warning: passing argument 1 of 'ngang' discards 'volatile' qualifier from pointer target type [-Wdiscarded-qualifiers]
  353 |     controngang=ngang(&trai,&phai);
      |                       ^~~~~
../Core/Src/main.c:212:24: note: expected 'uint8_t *' {aka 'unsigned char *'} but argument is of type 'volatile uint8_t *' {aka 'volatile unsigned char *'}
  212 | uint8_t ngang(uint8_t *trai,uint8_t *phai)
      |               ~~~~~~~~~^~~~
../Core/Src/main.c:353:29: warning: passing argument 2 of 'ngang' discards 'volatile' qualifier from pointer target type [-Wdiscarded-qualifiers]
  353 |     controngang=ngang(&trai,&phai);
      |                             ^~~~~
../Core/Src/main.c:212:38: note: expected 'uint8_t *' {aka 'unsigned char *'} but argument is of type 'volatile uint8_t *' {aka 'volatile unsigned char *'}
  212 | uint8_t ngang(uint8_t *trai,uint8_t *phai)
      |                             ~~~~~~~~~^~~~
../Core/Src/main.c:377:23: warning: passing argument 1 of 'doc' discards 'volatile' qualifier from pointer target type [-Wdiscarded-qualifiers]
  377 |        timeset[3]=doc(&tren,&duoi); //thu
      |                       ^~~~~
../Core/Src/main.c:195:22: note: expected 'uint8_t *' {aka 'unsigned char *'} but argument is of type 'volatile uint8_t *' {aka 'volatile unsigned char *'}
  195 | uint8_t doc(uint8_t *tren,uint8_t *duoi)
      |             ~~~~~~~~~^~~~
../Core/Src/main.c:377:29: warning: passing argument 2 of 'doc' discards 'volatile' qualifier from pointer target type [-Wdiscarded-qualifiers]
  377 |        timeset[3]=doc(&tren,&duoi); //thu
      |                             ^~~~~
../Core/Src/main.c:195:36: note: expected 'uint8_t *' {aka 'unsigned char *'} but argument is of type 'volatile uint8_t *' {aka 'volatile unsigned char *'}
  195 | uint8_t doc(uint8_t *tren,uint8_t *duoi)
      |                           ~~~~~~~~~^~~~
../Core/Src/main.c:383:23: warning: passing argument 1 of 'doc' discards 'volatile' qualifier from pointer target type [-Wdiscarded-qualifiers]
  383 |        timeset[4]=doc(&tren,&duoi);//ngay
      |                       ^~~~~
../Core/Src/main.c:195:22: note: expected 'uint8_t *' {aka 'unsigned char *'} but argument is of type 'volatile uint8_t *' {aka 'volatile unsigned char *'}
  195 | uint8_t doc(uint8_t *tren,uint8_t *duoi)
      |             ~~~~~~~~~^~~~
../Core/Src/main.c:383:29: warning: passing argument 2 of 'doc' discards 'volatile' qualifier from pointer target type [-Wdiscarded-qualifiers]
  383 |        timeset[4]=doc(&tren,&duoi);//ngay
      |                             ^~~~~
../Core/Src/main.c:195:36: note: expected 'uint8_t *' {aka 'unsigned char *'} but argument is of type 'volatile uint8_t *' {aka 'volatile unsigned char *'}
  195 | uint8_t doc(uint8_t *tren,uint8_t *duoi)
      |                           ~~~~~~~~~^~~~
../Core/Src/main.c:390:23: warning: passing argument 1 of 'doc' discards 'volatile' qualifier from pointer target type [-Wdiscarded-qualifiers]
  390 |        timeset[5]=doc(&tren,&duoi);//thang
      |                       ^~~~~
../Core/Src/main.c:195:22: note: expected 'uint8_t *' {aka 'unsigned char *'} but argument is of type 'volatile uint8_t *' {aka 'volatile unsigned char *'}
  195 | uint8_t doc(uint8_t *tren,uint8_t *duoi)
      |             ~~~~~~~~~^~~~
../Core/Src/main.c:390:29: warning: passing argument 2 of 'doc' discards 'volatile' qualifier from pointer target type [-Wdiscarded-qualifiers]
  390 |        timeset[5]=doc(&tren,&duoi);//thang
      |                             ^~~~~
../Core/Src/main.c:195:36: note: expected 'uint8_t *' {aka 'unsigned char *'} but argument is of type 'volatile uint8_t *' {aka 'volatile unsigned char *'}
  195 | uint8_t doc(uint8_t *tren,uint8_t *duoi)
      |                           ~~~~~~~~~^~~~
../Core/Src/main.c:398:23: warning: passing argument 1 of 'doc' discards 'volatile' qualifier from pointer target type [-Wdiscarded-qualifiers]
  398 |        timeset[6]=doc(&tren,&duoi);//nam
      |                       ^~~~~
../Core/Src/main.c:195:22: note: expected 'uint8_t *' {aka 'unsigned char *'} but argument is of type 'volatile uint8_t *' {aka 'volatile unsigned char *'}
  195 | uint8_t doc(uint8_t *tren,uint8_t *duoi)
      |             ~~~~~~~~~^~~~
../Core/Src/main.c:398:29: warning: passing argument 2 of 'doc' discards 'volatile' qualifier from pointer target type [-Wdiscarded-qualifiers]
  398 |        timeset[6]=doc(&tren,&duoi);//nam
      |                             ^~~~~
../Core/Src/main.c:195:36: note: expected 'uint8_t *' {aka 'unsigned char *'} but argument is of type 'volatile uint8_t *' {aka 'volatile unsigned char *'}
  195 | uint8_t doc(uint8_t *tren,uint8_t *duoi)
      |                           ~~~~~~~~~^~~~
../Core/Src/main.c:406:23: warning: passing argument 1 of 'doc' discards 'volatile' qualifier from pointer target type [-Wdiscarded-qualifiers]
  406 |        timeset[2]=doc(&tren,&duoi);//gio
      |                       ^~~~~
../Core/Src/main.c:195:22: note: expected 'uint8_t *' {aka 'unsigned char *'} but argument is of type 'volatile uint8_t *' {aka 'volatile unsigned char *'}
  195 | uint8_t doc(uint8_t *tren,uint8_t *duoi)
      |             ~~~~~~~~~^~~~
../Core/Src/main.c:406:29: warning: passing argument 2 of 'doc' discards 'volatile' qualifier from pointer target type [-Wdiscarded-qualifiers]
  406 |        timeset[2]=doc(&tren,&duoi);//gio
      |                             ^~~~~
../Core/Src/main.c:195:36: note: expected 'uint8_t *' {aka 'unsigned char *'} but argument is of type 'volatile uint8_t *' {aka 'volatile unsigned char *'}
  195 | uint8_t doc(uint8_t *tren,uint8_t *duoi)
      |                           ~~~~~~~~~^~~~
../Core/Src/main.c:413:23: warning: passing argument 1 of 'doc' discards 'volatile' qualifier from pointer target type [-Wdiscarded-qualifiers]
  413 |        timeset[1]=doc(&tren,&duoi);//phut
      |                       ^~~~~
../Core/Src/main.c:195:22: note: expected 'uint8_t *' {aka 'unsigned char *'} but argument is of type 'volatile uint8_t *' {aka 'volatile unsigned char *'}
  195 | uint8_t doc(uint8_t *tren,uint8_t *duoi)
      |             ~~~~~~~~~^~~~
../Core/Src/main.c:413:29: warning: passing argument 2 of 'doc' discards 'volatile' qualifier from pointer target type [-Wdiscarded-qualifiers]
  413 |        timeset[1]=doc(&tren,&duoi);//phut
      |                             ^~~~~
../Core/Src/main.c:195:36: note: expected 'uint8_t *' {aka 'unsigned char *'} but argument is of type 'volatile uint8_t *' {aka 'volatile unsigned char *'}
  195 | uint8_t doc(uint8_t *tren,uint8_t *duoi)
      |                           ~~~~~~~~~^~~~
../Core/Src/main.c:420:23: warning: passing argument 1 of 'doc' discards 'volatile' qualifier from pointer target type [-Wdiscarded-qualifiers]
  420 |        timeset[0]=doc(&tren,&duoi);//giay
      |                       ^~~~~
../Core/Src/main.c:195:22: note: expected 'uint8_t *' {aka 'unsigned char *'} but argument is of type 'volatile uint8_t *' {aka 'volatile unsigned char *'}
  195 | uint8_t doc(uint8_t *tren,uint8_t *duoi)
      |             ~~~~~~~~~^~~~
../Core/Src/main.c:420:29: warning: passing argument 2 of 'doc' discards 'volatile' qualifier from pointer target type [-Wdiscarded-qualifiers]
  420 |        timeset[0]=doc(&tren,&duoi);//giay
      |                             ^~~~~
../Core/Src/main.c:195:36: note: expected 'uint8_t *' {aka 'unsigned char *'} but argument is of type 'volatile uint8_t *' {aka 'volatile unsigned char *'}
  195 | uint8_t doc(uint8_t *tren,uint8_t *duoi)
      |                           ~~~~~~~~~^~~~
../Core/Src/main.c:462:19: warning: passing argument 1 of 'doc' discards 'volatile' qualifier from pointer target type [-Wdiscarded-qualifiers]
  462 |     controdoc=doc(&tren,&duoi);
      |                   ^~~~~
../Core/Src/main.c:195:22: note: expected 'uint8_t *' {aka 'unsigned char *'} but argument is of type 'volatile uint8_t *' {aka 'volatile unsigned char *'}
  195 | uint8_t doc(uint8_t *tren,uint8_t *duoi)
      |             ~~~~~~~~~^~~~
../Core/Src/main.c:462:25: warning: passing argument 2 of 'doc' discards 'volatile' qualifier from pointer target type [-Wdiscarded-qualifiers]
  462 |     controdoc=doc(&tren,&duoi);
      |                         ^~~~~
../Core/Src/main.c:195:36: note: expected 'uint8_t *' {aka 'unsigned char *'} but argument is of type 'volatile uint8_t *' {aka 'volatile unsigned char *'}
  195 | uint8_t doc(uint8_t *tren,uint8_t *duoi)
      |                           ~~~~~~~~~^~~~
../Core/Src/main.c:485:20: warning: passing argument 1 of 'doc' discards 'volatile' qualifier from pointer target type [-Wdiscarded-qualifiers]
  485 |      controdoc=doc(&tren,&duoi);
      |                    ^~~~~
../Core/Src/main.c:195:22: note: expected 'uint8_t *' {aka 'unsigned char *'} but argument is of type 'volatile uint8_t *' {aka 'volatile unsigned char *'}
  195 | uint8_t doc(uint8_t *tren,uint8_t *duoi)
      |             ~~~~~~~~~^~~~
../Core/Src/main.c:485:26: warning: passing argument 2 of 'doc' discards 'volatile' qualifier from pointer target type [-Wdiscarded-qualifiers]
  485 |      controdoc=doc(&tren,&duoi);
      |                          ^~~~~
../Core/Src/main.c:195:36: note: expected 'uint8_t *' {aka 'unsigned char *'} but argument is of type 'volatile uint8_t *' {aka 'volatile unsigned char *'}
  195 | uint8_t doc(uint8_t *tren,uint8_t *duoi)
      |                           ~~~~~~~~~^~~~
../Core/Src/main.c:486:24: warning: passing argument 1 of 'ngang' discards 'volatile' qualifier from pointer target type [-Wdiscarded-qualifiers]
  486 |      controngang=ngang(&trai,&phai);
      |                        ^~~~~
../Core/Src/main.c:212:24: note: expected 'uint8_t *' {aka 'unsigned char *'} but argument is of type 'volatile uint8_t *' {aka 'volatile unsigned char *'}
  212 | uint8_t ngang(uint8_t *trai,uint8_t *phai)
      |               ~~~~~~~~~^~~~
../Core/Src/main.c:486:30: warning: passing argument 2 of 'ngang' discards 'volatile' qualifier from pointer target type [-Wdiscarded-qualifiers]
  486 |      controngang=ngang(&trai,&phai);
      |                              ^~~~~
../Core/Src/main.c:212:38: note: expected 'uint8_t *' {aka 'unsigned char *'} but argument is of type 'volatile uint8_t *' {aka 'volatile unsigned char *'}
  212 | uint8_t ngang(uint8_t *trai,uint8_t *phai)
      |                             ~~~~~~~~~^~~~
../Core/Src/main.c:509:25: warning: passing argument 1 of 'doc' discards 'volatile' qualifier from pointer target type [-Wdiscarded-qualifiers]
  509 |         timealrm[1]=doc(&tren,&duoi);//gio
      |                         ^~~~~
../Core/Src/main.c:195:22: note: expected 'uint8_t *' {aka 'unsigned char *'} but argument is of type 'volatile uint8_t *' {aka 'volatile unsigned char *'}
  195 | uint8_t doc(uint8_t *tren,uint8_t *duoi)
      |             ~~~~~~~~~^~~~
../Core/Src/main.c:509:31: warning: passing argument 2 of 'doc' discards 'volatile' qualifier from pointer target type [-Wdiscarded-qualifiers]
  509 |         timealrm[1]=doc(&tren,&duoi);//gio
      |                               ^~~~~
../Core/Src/main.c:195:36: note: expected 'uint8_t *' {aka 'unsigned char *'} but argument is of type 'volatile uint8_t *' {aka 'volatile unsigned char *'}
  195 | uint8_t doc(uint8_t *tren,uint8_t *duoi)
      |                           ~~~~~~~~~^~~~
../Core/Src/main.c:516:25: warning: passing argument 1 of 'doc' discards 'volatile' qualifier from pointer target type [-Wdiscarded-qualifiers]
  516 |         timealrm[0]=doc(&tren,&duoi);//phut
      |                         ^~~~~
../Core/Src/main.c:195:22: note: expected 'uint8_t *' {aka 'unsigned char *'} but argument is of type 'volatile uint8_t *' {aka 'volatile unsigned char *'}
  195 | uint8_t doc(uint8_t *tren,uint8_t *duoi)
      |             ~~~~~~~~~^~~~
../Core/Src/main.c:516:31: warning: passing argument 2 of 'doc' discards 'volatile' qualifier from pointer target type [-Wdiscarded-qualifiers]
  516 |         timealrm[0]=doc(&tren,&duoi);//phut
      |                               ^~~~~
../Core/Src/main.c:195:36: note: expected 'uint8_t *' {aka 'unsigned char *'} but argument is of type 'volatile uint8_t *' {aka 'volatile unsigned char *'}
  195 | uint8_t doc(uint8_t *tren,uint8_t *duoi)
      |                           ~~~~~~~~~^~~~
arm-none-eabi-gcc -o "LTEST.elf" @"objects.list"   -mcpu=cortex-m3 -T"C:\Users\Administrator\STM32CubeIDE\SPITEST\LTEST\STM32F103C8TX_FLASH.ld" --specs=nosys.specs -Wl,-Map="LTEST.map" -Wl,--gc-sections -static --specs=nano.specs -mfloat-abi=soft -mthumb -Wl,--start-group -lc -lm -Wl,--end-group
Finished building target: LTEST.elf
 
arm-none-eabi-size   LTEST.elf 
arm-none-eabi-objdump -h -S  LTEST.elf  > "LTEST.list"
   text	   data	    bss	    dec	    hex	filename
  47468	    180	   6052	  53700	   d1c4	LTEST.elf
Finished building: default.size.stdout
 
Finished building: LTEST.list
 
01:26:08 **** Incremental Build of configuration Debug for project LTEST ****
make -j4 all 
arm-none-eabi-gcc "../Core/Src/main.c" -mcpu=cortex-m3 -std=gnu11 -g3 -DDEBUG -DUSE_HAL_DRIVER -DSTM32F103xB -c -I../Core/Inc -I../Drivers/STM32F1xx_HAL_Driver/Inc/Legacy -I../Drivers/STM32F1xx_HAL_Driver/Inc -I../Drivers/CMSIS/Device/ST/STM32F1xx/Include -I../Drivers/CMSIS/Include -I"C:/Users/Administrator/STM32CubeIDE/SPITEST/LTEST/Drivers/STM32F1xx_HAL_Driver/Src/oled" -I"C:/Users/Administrator/STM32CubeIDE/SPITEST/LTEST/Drivers/STM32F1xx_HAL_Driver/Inc/oled" -I../FATFS/Target -I../FATFS/App -I../Middlewares/Third_Party/FatFs/src -O0 -ffunction-sections -fdata-sections -Wall -fstack-usage -MMD -MP -MF"Core/Src/main.d" -MT"Core/Src/main.o" --specs=nano.specs -mfloat-abi=soft -mthumb -o "Core/Src/main.o"
../Core/Src/main.c: In function 'main':
../Core/Src/main.c:352:19: warning: passing argument 1 of 'doc' discards 'volatile' qualifier from pointer target type [-Wdiscarded-qualifiers]
  352 |     controdoc=doc(&tren,&duoi);
      |                   ^~~~~
../Core/Src/main.c:195:22: note: expected 'uint8_t *' {aka 'unsigned char *'} but argument is of type 'volatile uint8_t *' {aka 'volatile unsigned char *'}
  195 | uint8_t doc(uint8_t *tren,uint8_t *duoi)
      |             ~~~~~~~~~^~~~
../Core/Src/main.c:352:25: warning: passing argument 2 of 'doc' discards 'volatile' qualifier from pointer target type [-Wdiscarded-qualifiers]
  352 |     controdoc=doc(&tren,&duoi);
      |                         ^~~~~
../Core/Src/main.c:195:36: note: expected 'uint8_t *' {aka 'unsigned char *'} but argument is of type 'volatile uint8_t *' {aka 'volatile unsigned char *'}
  195 | uint8_t doc(uint8_t *tren,uint8_t *duoi)
      |                           ~~~~~~~~~^~~~
../Core/Src/main.c:353:23: warning: passing argument 1 of 'ngang' discards 'volatile' qualifier from pointer target type [-Wdiscarded-qualifiers]
  353 |     controngang=ngang(&trai,&phai);
      |                       ^~~~~
../Core/Src/main.c:212:24: note: expected 'uint8_t *' {aka 'unsigned char *'} but argument is of type 'volatile uint8_t *' {aka 'volatile unsigned char *'}
  212 | uint8_t ngang(uint8_t *trai,uint8_t *phai)
      |               ~~~~~~~~~^~~~
../Core/Src/main.c:353:29: warning: passing argument 2 of 'ngang' discards 'volatile' qualifier from pointer target type [-Wdiscarded-qualifiers]
  353 |     controngang=ngang(&trai,&phai);
      |                             ^~~~~
../Core/Src/main.c:212:38: note: expected 'uint8_t *' {aka 'unsigned char *'} but argument is of type 'volatile uint8_t *' {aka 'volatile unsigned char *'}
  212 | uint8_t ngang(uint8_t *trai,uint8_t *phai)
      |                             ~~~~~~~~~^~~~
../Core/Src/main.c:377:23: warning: passing argument 1 of 'doc' discards 'volatile' qualifier from pointer target type [-Wdiscarded-qualifiers]
  377 |        timeset[3]=doc(&tren,&duoi); //thu
      |                       ^~~~~
../Core/Src/main.c:195:22: note: expected 'uint8_t *' {aka 'unsigned char *'} but argument is of type 'volatile uint8_t *' {aka 'volatile unsigned char *'}
  195 | uint8_t doc(uint8_t *tren,uint8_t *duoi)
      |             ~~~~~~~~~^~~~
../Core/Src/main.c:377:29: warning: passing argument 2 of 'doc' discards 'volatile' qualifier from pointer target type [-Wdiscarded-qualifiers]
  377 |        timeset[3]=doc(&tren,&duoi); //thu
      |                             ^~~~~
../Core/Src/main.c:195:36: note: expected 'uint8_t *' {aka 'unsigned char *'} but argument is of type 'volatile uint8_t *' {aka 'volatile unsigned char *'}
  195 | uint8_t doc(uint8_t *tren,uint8_t *duoi)
      |                           ~~~~~~~~~^~~~
../Core/Src/main.c:383:23: warning: passing argument 1 of 'doc' discards 'volatile' qualifier from pointer target type [-Wdiscarded-qualifiers]
  383 |        timeset[4]=doc(&tren,&duoi);//ngay
      |                       ^~~~~
../Core/Src/main.c:195:22: note: expected 'uint8_t *' {aka 'unsigned char *'} but argument is of type 'volatile uint8_t *' {aka 'volatile unsigned char *'}
  195 | uint8_t doc(uint8_t *tren,uint8_t *duoi)
      |             ~~~~~~~~~^~~~
../Core/Src/main.c:383:29: warning: passing argument 2 of 'doc' discards 'volatile' qualifier from pointer target type [-Wdiscarded-qualifiers]
  383 |        timeset[4]=doc(&tren,&duoi);//ngay
      |                             ^~~~~
../Core/Src/main.c:195:36: note: expected 'uint8_t *' {aka 'unsigned char *'} but argument is of type 'volatile uint8_t *' {aka 'volatile unsigned char *'}
  195 | uint8_t doc(uint8_t *tren,uint8_t *duoi)
      |                           ~~~~~~~~~^~~~
../Core/Src/main.c:390:23: warning: passing argument 1 of 'doc' discards 'volatile' qualifier from pointer target type [-Wdiscarded-qualifiers]
  390 |        timeset[5]=doc(&tren,&duoi);//thang
      |                       ^~~~~
../Core/Src/main.c:195:22: note: expected 'uint8_t *' {aka 'unsigned char *'} but argument is of type 'volatile uint8_t *' {aka 'volatile unsigned char *'}
  195 | uint8_t doc(uint8_t *tren,uint8_t *duoi)
      |             ~~~~~~~~~^~~~
../Core/Src/main.c:390:29: warning: passing argument 2 of 'doc' discards 'volatile' qualifier from pointer target type [-Wdiscarded-qualifiers]
  390 |        timeset[5]=doc(&tren,&duoi);//thang
      |                             ^~~~~
../Core/Src/main.c:195:36: note: expected 'uint8_t *' {aka 'unsigned char *'} but argument is of type 'volatile uint8_t *' {aka 'volatile unsigned char *'}
  195 | uint8_t doc(uint8_t *tren,uint8_t *duoi)
      |                           ~~~~~~~~~^~~~
../Core/Src/main.c:398:23: warning: passing argument 1 of 'doc' discards 'volatile' qualifier from pointer target type [-Wdiscarded-qualifiers]
  398 |        timeset[6]=doc(&tren,&duoi);//nam
      |                       ^~~~~
../Core/Src/main.c:195:22: note: expected 'uint8_t *' {aka 'unsigned char *'} but argument is of type 'volatile uint8_t *' {aka 'volatile unsigned char *'}
  195 | uint8_t doc(uint8_t *tren,uint8_t *duoi)
      |             ~~~~~~~~~^~~~
../Core/Src/main.c:398:29: warning: passing argument 2 of 'doc' discards 'volatile' qualifier from pointer target type [-Wdiscarded-qualifiers]
  398 |        timeset[6]=doc(&tren,&duoi);//nam
      |                             ^~~~~
../Core/Src/main.c:195:36: note: expected 'uint8_t *' {aka 'unsigned char *'} but argument is of type 'volatile uint8_t *' {aka 'volatile unsigned char *'}
  195 | uint8_t doc(uint8_t *tren,uint8_t *duoi)
      |                           ~~~~~~~~~^~~~
../Core/Src/main.c:406:23: warning: passing argument 1 of 'doc' discards 'volatile' qualifier from pointer target type [-Wdiscarded-qualifiers]
  406 |        timeset[2]=doc(&tren,&duoi);//gio
      |                       ^~~~~
../Core/Src/main.c:195:22: note: expected 'uint8_t *' {aka 'unsigned char *'} but argument is of type 'volatile uint8_t *' {aka 'volatile unsigned char *'}
  195 | uint8_t doc(uint8_t *tren,uint8_t *duoi)
      |             ~~~~~~~~~^~~~
../Core/Src/main.c:406:29: warning: passing argument 2 of 'doc' discards 'volatile' qualifier from pointer target type [-Wdiscarded-qualifiers]
  406 |        timeset[2]=doc(&tren,&duoi);//gio
      |                             ^~~~~
../Core/Src/main.c:195:36: note: expected 'uint8_t *' {aka 'unsigned char *'} but argument is of type 'volatile uint8_t *' {aka 'volatile unsigned char *'}
  195 | uint8_t doc(uint8_t *tren,uint8_t *duoi)
      |                           ~~~~~~~~~^~~~
../Core/Src/main.c:413:23: warning: passing argument 1 of 'doc' discards 'volatile' qualifier from pointer target type [-Wdiscarded-qualifiers]
  413 |        timeset[1]=doc(&tren,&duoi);//phut
      |                       ^~~~~
../Core/Src/main.c:195:22: note: expected 'uint8_t *' {aka 'unsigned char *'} but argument is of type 'volatile uint8_t *' {aka 'volatile unsigned char *'}
  195 | uint8_t doc(uint8_t *tren,uint8_t *duoi)
      |             ~~~~~~~~~^~~~
../Core/Src/main.c:413:29: warning: passing argument 2 of 'doc' discards 'volatile' qualifier from pointer target type [-Wdiscarded-qualifiers]
  413 |        timeset[1]=doc(&tren,&duoi);//phut
      |                             ^~~~~
../Core/Src/main.c:195:36: note: expected 'uint8_t *' {aka 'unsigned char *'} but argument is of type 'volatile uint8_t *' {aka 'volatile unsigned char *'}
  195 | uint8_t doc(uint8_t *tren,uint8_t *duoi)
      |                           ~~~~~~~~~^~~~
../Core/Src/main.c:420:23: warning: passing argument 1 of 'doc' discards 'volatile' qualifier from pointer target type [-Wdiscarded-qualifiers]
  420 |        timeset[0]=doc(&tren,&duoi);//giay
      |                       ^~~~~
../Core/Src/main.c:195:22: note: expected 'uint8_t *' {aka 'unsigned char *'} but argument is of type 'volatile uint8_t *' {aka 'volatile unsigned char *'}
  195 | uint8_t doc(uint8_t *tren,uint8_t *duoi)
      |             ~~~~~~~~~^~~~
../Core/Src/main.c:420:29: warning: passing argument 2 of 'doc' discards 'volatile' qualifier from pointer target type [-Wdiscarded-qualifiers]
  420 |        timeset[0]=doc(&tren,&duoi);//giay
      |                             ^~~~~
../Core/Src/main.c:195:36: note: expected 'uint8_t *' {aka 'unsigned char *'} but argument is of type 'volatile uint8_t *' {aka 'volatile unsigned char *'}
  195 | uint8_t doc(uint8_t *tren,uint8_t *duoi)
      |                           ~~~~~~~~~^~~~
../Core/Src/main.c:462:19: warning: passing argument 1 of 'doc' discards 'volatile' qualifier from pointer target type [-Wdiscarded-qualifiers]
  462 |     controdoc=doc(&tren,&duoi);
      |                   ^~~~~
../Core/Src/main.c:195:22: note: expected 'uint8_t *' {aka 'unsigned char *'} but argument is of type 'volatile uint8_t *' {aka 'volatile unsigned char *'}
  195 | uint8_t doc(uint8_t *tren,uint8_t *duoi)
      |             ~~~~~~~~~^~~~
../Core/Src/main.c:462:25: warning: passing argument 2 of 'doc' discards 'volatile' qualifier from pointer target type [-Wdiscarded-qualifiers]
  462 |     controdoc=doc(&tren,&duoi);
      |                         ^~~~~
../Core/Src/main.c:195:36: note: expected 'uint8_t *' {aka 'unsigned char *'} but argument is of type 'volatile uint8_t *' {aka 'volatile unsigned char *'}
  195 | uint8_t doc(uint8_t *tren,uint8_t *duoi)
      |                           ~~~~~~~~~^~~~
../Core/Src/main.c:485:20: warning: passing argument 1 of 'doc' discards 'volatile' qualifier from pointer target type [-Wdiscarded-qualifiers]
  485 |      controdoc=doc(&tren,&duoi);
      |                    ^~~~~
../Core/Src/main.c:195:22: note: expected 'uint8_t *' {aka 'unsigned char *'} but argument is of type 'volatile uint8_t *' {aka 'volatile unsigned char *'}
  195 | uint8_t doc(uint8_t *tren,uint8_t *duoi)
      |             ~~~~~~~~~^~~~
../Core/Src/main.c:485:26: warning: passing argument 2 of 'doc' discards 'volatile' qualifier from pointer target type [-Wdiscarded-qualifiers]
  485 |      controdoc=doc(&tren,&duoi);
      |                          ^~~~~
../Core/Src/main.c:195:36: note: expected 'uint8_t *' {aka 'unsigned char *'} but argument is of type 'volatile uint8_t *' {aka 'volatile unsigned char *'}
  195 | uint8_t doc(uint8_t *tren,uint8_t *duoi)
      |                           ~~~~~~~~~^~~~
../Core/Src/main.c:486:24: warning: passing argument 1 of 'ngang' discards 'volatile' qualifier from pointer target type [-Wdiscarded-qualifiers]
  486 |      controngang=ngang(&trai,&phai);
      |                        ^~~~~
../Core/Src/main.c:212:24: note: expected 'uint8_t *' {aka 'unsigned char *'} but argument is of type 'volatile uint8_t *' {aka 'volatile unsigned char *'}
  212 | uint8_t ngang(uint8_t *trai,uint8_t *phai)
      |               ~~~~~~~~~^~~~
../Core/Src/main.c:486:30: warning: passing argument 2 of 'ngang' discards 'volatile' qualifier from pointer target type [-Wdiscarded-qualifiers]
  486 |      controngang=ngang(&trai,&phai);
      |                              ^~~~~
../Core/Src/main.c:212:38: note: expected 'uint8_t *' {aka 'unsigned char *'} but argument is of type 'volatile uint8_t *' {aka 'volatile unsigned char *'}
  212 | uint8_t ngang(uint8_t *trai,uint8_t *phai)
      |                             ~~~~~~~~~^~~~
../Core/Src/main.c:509:25: warning: passing argument 1 of 'doc' discards 'volatile' qualifier from pointer target type [-Wdiscarded-qualifiers]
  509 |         timealrm[1]=doc(&tren,&duoi);//gio
      |                         ^~~~~
../Core/Src/main.c:195:22: note: expected 'uint8_t *' {aka 'unsigned char *'} but argument is of type 'volatile uint8_t *' {aka 'volatile unsigned char *'}
  195 | uint8_t doc(uint8_t *tren,uint8_t *duoi)
      |             ~~~~~~~~~^~~~
../Core/Src/main.c:509:31: warning: passing argument 2 of 'doc' discards 'volatile' qualifier from pointer target type [-Wdiscarded-qualifiers]
  509 |         timealrm[1]=doc(&tren,&duoi);//gio
      |                               ^~~~~
../Core/Src/main.c:195:36: note: expected 'uint8_t *' {aka 'unsigned char *'} but argument is of type 'volatile uint8_t *' {aka 'volatile unsigned char *'}
  195 | uint8_t doc(uint8_t *tren,uint8_t *duoi)
      |                           ~~~~~~~~~^~~~
../Core/Src/main.c:516:25: warning: passing argument 1 of 'doc' discards 'volatile' qualifier from pointer target type [-Wdiscarded-qualifiers]
  516 |         timealrm[0]=doc(&tren,&duoi);//phut
      |                         ^~~~~
../Core/Src/main.c:195:22: note: expected 'uint8_t *' {aka 'unsigned char *'} but argument is of type 'volatile uint8_t *' {aka 'volatile unsigned char *'}
  195 | uint8_t doc(uint8_t *tren,uint8_t *duoi)
      |             ~~~~~~~~~^~~~
../Core/Src/main.c:516:31: warning: passing argument 2 of 'doc' discards 'volatile' qualifier from pointer target type [-Wdiscarded-qualifiers]
  516 |         timealrm[0]=doc(&tren,&duoi);//phut
      |                               ^~~~~
../Core/Src/main.c:195:36: note: expected 'uint8_t *' {aka 'unsigned char *'} but argument is of type 'volatile uint8_t *' {aka 'volatile unsigned char *'}
  195 | uint8_t doc(uint8_t *tren,uint8_t *duoi)
      |                           ~~~~~~~~~^~~~
arm-none-eabi-gcc -o "LTEST.elf" @"objects.list"   -mcpu=cortex-m3 -T"C:\Users\Administrator\STM32CubeIDE\SPITEST\LTEST\STM32F103C8TX_FLASH.ld" --specs=nosys.specs -Wl,-Map="LTEST.map" -Wl,--gc-sections -static --specs=nano.specs -mfloat-abi=soft -mthumb -Wl,--start-group -lc -lm -Wl,--end-group
Finished building target: LTEST.elf
 
arm-none-eabi-size   LTEST.elf 
arm-none-eabi-objdump -h -S  LTEST.elf  > "LTEST.list"
   text	   data	    bss	    dec	    hex	filename
  47460	    180	   6052	  53692	   d1bc	LTEST.elf
Finished building: default.size.stdout
 
Finished building: LTEST.list
 
01:28:23 **** Incremental Build of configuration Debug for project LTEST ****
make -j4 all 
arm-none-eabi-gcc "../Core/Src/main.c" -mcpu=cortex-m3 -std=gnu11 -g3 -DDEBUG -DUSE_HAL_DRIVER -DSTM32F103xB -c -I../Core/Inc -I../Drivers/STM32F1xx_HAL_Driver/Inc/Legacy -I../Drivers/STM32F1xx_HAL_Driver/Inc -I../Drivers/CMSIS/Device/ST/STM32F1xx/Include -I../Drivers/CMSIS/Include -I"C:/Users/Administrator/STM32CubeIDE/SPITEST/LTEST/Drivers/STM32F1xx_HAL_Driver/Src/oled" -I"C:/Users/Administrator/STM32CubeIDE/SPITEST/LTEST/Drivers/STM32F1xx_HAL_Driver/Inc/oled" -I../FATFS/Target -I../FATFS/App -I../Middlewares/Third_Party/FatFs/src -O0 -ffunction-sections -fdata-sections -Wall -fstack-usage -MMD -MP -MF"Core/Src/main.d" -MT"Core/Src/main.o" --specs=nano.specs -mfloat-abi=soft -mthumb -o "Core/Src/main.o"
../Core/Src/main.c: In function 'main':
../Core/Src/main.c:352:19: warning: passing argument 1 of 'doc' discards 'volatile' qualifier from pointer target type [-Wdiscarded-qualifiers]
  352 |     controdoc=doc(&tren,&duoi);
      |                   ^~~~~
../Core/Src/main.c:195:22: note: expected 'uint8_t *' {aka 'unsigned char *'} but argument is of type 'volatile uint8_t *' {aka 'volatile unsigned char *'}
  195 | uint8_t doc(uint8_t *tren,uint8_t *duoi)
      |             ~~~~~~~~~^~~~
../Core/Src/main.c:352:25: warning: passing argument 2 of 'doc' discards 'volatile' qualifier from pointer target type [-Wdiscarded-qualifiers]
  352 |     controdoc=doc(&tren,&duoi);
      |                         ^~~~~
../Core/Src/main.c:195:36: note: expected 'uint8_t *' {aka 'unsigned char *'} but argument is of type 'volatile uint8_t *' {aka 'volatile unsigned char *'}
  195 | uint8_t doc(uint8_t *tren,uint8_t *duoi)
      |                           ~~~~~~~~~^~~~
../Core/Src/main.c:353:23: warning: passing argument 1 of 'ngang' discards 'volatile' qualifier from pointer target type [-Wdiscarded-qualifiers]
  353 |     controngang=ngang(&trai,&phai);
      |                       ^~~~~
../Core/Src/main.c:212:24: note: expected 'uint8_t *' {aka 'unsigned char *'} but argument is of type 'volatile uint8_t *' {aka 'volatile unsigned char *'}
  212 | uint8_t ngang(uint8_t *trai,uint8_t *phai)
      |               ~~~~~~~~~^~~~
../Core/Src/main.c:353:29: warning: passing argument 2 of 'ngang' discards 'volatile' qualifier from pointer target type [-Wdiscarded-qualifiers]
  353 |     controngang=ngang(&trai,&phai);
      |                             ^~~~~
../Core/Src/main.c:212:38: note: expected 'uint8_t *' {aka 'unsigned char *'} but argument is of type 'volatile uint8_t *' {aka 'volatile unsigned char *'}
  212 | uint8_t ngang(uint8_t *trai,uint8_t *phai)
      |                             ~~~~~~~~~^~~~
../Core/Src/main.c:377:23: warning: passing argument 1 of 'doc' discards 'volatile' qualifier from pointer target type [-Wdiscarded-qualifiers]
  377 |        timeset[3]=doc(&tren,&duoi); //thu
      |                       ^~~~~
../Core/Src/main.c:195:22: note: expected 'uint8_t *' {aka 'unsigned char *'} but argument is of type 'volatile uint8_t *' {aka 'volatile unsigned char *'}
  195 | uint8_t doc(uint8_t *tren,uint8_t *duoi)
      |             ~~~~~~~~~^~~~
../Core/Src/main.c:377:29: warning: passing argument 2 of 'doc' discards 'volatile' qualifier from pointer target type [-Wdiscarded-qualifiers]
  377 |        timeset[3]=doc(&tren,&duoi); //thu
      |                             ^~~~~
../Core/Src/main.c:195:36: note: expected 'uint8_t *' {aka 'unsigned char *'} but argument is of type 'volatile uint8_t *' {aka 'volatile unsigned char *'}
  195 | uint8_t doc(uint8_t *tren,uint8_t *duoi)
      |                           ~~~~~~~~~^~~~
../Core/Src/main.c:383:23: warning: passing argument 1 of 'doc' discards 'volatile' qualifier from pointer target type [-Wdiscarded-qualifiers]
  383 |        timeset[4]=doc(&tren,&duoi);//ngay
      |                       ^~~~~
../Core/Src/main.c:195:22: note: expected 'uint8_t *' {aka 'unsigned char *'} but argument is of type 'volatile uint8_t *' {aka 'volatile unsigned char *'}
  195 | uint8_t doc(uint8_t *tren,uint8_t *duoi)
      |             ~~~~~~~~~^~~~
../Core/Src/main.c:383:29: warning: passing argument 2 of 'doc' discards 'volatile' qualifier from pointer target type [-Wdiscarded-qualifiers]
  383 |        timeset[4]=doc(&tren,&duoi);//ngay
      |                             ^~~~~
../Core/Src/main.c:195:36: note: expected 'uint8_t *' {aka 'unsigned char *'} but argument is of type 'volatile uint8_t *' {aka 'volatile unsigned char *'}
  195 | uint8_t doc(uint8_t *tren,uint8_t *duoi)
      |                           ~~~~~~~~~^~~~
../Core/Src/main.c:390:23: warning: passing argument 1 of 'doc' discards 'volatile' qualifier from pointer target type [-Wdiscarded-qualifiers]
[...]
  465 |     controdoc=doc(&tren,&duoi);
      |                   ^~~~~
../Core/Src/main.c:195:22: note: expected 'uint8_t *' {aka 'unsigned char *'} but argument is of type 'volatile uint8_t *' {aka 'volatile unsigned char *'}
  195 | uint8_t doc(uint8_t *tren,uint8_t *duoi)
      |             ~~~~~~~~~^~~~
../Core/Src/main.c:465:25: warning: passing argument 2 of 'doc' discards 'volatile' qualifier from pointer target type [-Wdiscarded-qualifiers]
  465 |     controdoc=doc(&tren,&duoi);
      |                         ^~~~~
../Core/Src/main.c:195:36: note: expected 'uint8_t *' {aka 'unsigned char *'} but argument is of type 'volatile uint8_t *' {aka 'volatile unsigned char *'}
  195 | uint8_t doc(uint8_t *tren,uint8_t *duoi)
      |                           ~~~~~~~~~^~~~
../Core/Src/main.c:489:20: warning: passing argument 1 of 'doc' discards 'volatile' qualifier from pointer target type [-Wdiscarded-qualifiers]
  489 |      controdoc=doc(&tren,&duoi);
      |                    ^~~~~
../Core/Src/main.c:195:22: note: expected 'uint8_t *' {aka 'unsigned char *'} but argument is of type 'volatile uint8_t *' {aka 'volatile unsigned char *'}
  195 | uint8_t doc(uint8_t *tren,uint8_t *duoi)
      |             ~~~~~~~~~^~~~
../Core/Src/main.c:489:26: warning: passing argument 2 of 'doc' discards 'volatile' qualifier from pointer target type [-Wdiscarded-qualifiers]
  489 |      controdoc=doc(&tren,&duoi);
      |                          ^~~~~
../Core/Src/main.c:195:36: note: expected 'uint8_t *' {aka 'unsigned char *'} but argument is of type 'volatile uint8_t *' {aka 'volatile unsigned char *'}
  195 | uint8_t doc(uint8_t *tren,uint8_t *duoi)
      |                           ~~~~~~~~~^~~~
../Core/Src/main.c:490:24: warning: passing argument 1 of 'ngang' discards 'volatile' qualifier from pointer target type [-Wdiscarded-qualifiers]
  490 |      controngang=ngang(&trai,&phai);
      |                        ^~~~~
../Core/Src/main.c:212:24: note: expected 'uint8_t *' {aka 'unsigned char *'} but argument is of type 'volatile uint8_t *' {aka 'volatile unsigned char *'}
  212 | uint8_t ngang(uint8_t *trai,uint8_t *phai)
      |               ~~~~~~~~~^~~~
../Core/Src/main.c:490:30: warning: passing argument 2 of 'ngang' discards 'volatile' qualifier from pointer target type [-Wdiscarded-qualifiers]
  490 |      controngang=ngang(&trai,&phai);
      |                              ^~~~~
../Core/Src/main.c:212:38: note: expected 'uint8_t *' {aka 'unsigned char *'} but argument is of type 'volatile uint8_t *' {aka 'volatile unsigned char *'}
  212 | uint8_t ngang(uint8_t *trai,uint8_t *phai)
      |                             ~~~~~~~~~^~~~
../Core/Src/main.c:513:25: warning: passing argument 1 of 'doc' discards 'volatile' qualifier from pointer target type [-Wdiscarded-qualifiers]
  513 |         timealrm[1]=doc(&tren,&duoi);//gio
      |                         ^~~~~
../Core/Src/main.c:195:22: note: expected 'uint8_t *' {aka 'unsigned char *'} but argument is of type 'volatile uint8_t *' {aka 'volatile unsigned char *'}
  195 | uint8_t doc(uint8_t *tren,uint8_t *duoi)
      |             ~~~~~~~~~^~~~
../Core/Src/main.c:513:31: warning: passing argument 2 of 'doc' discards 'volatile' qualifier from pointer target type [-Wdiscarded-qualifiers]
  513 |         timealrm[1]=doc(&tren,&duoi);//gio
      |                               ^~~~~
../Core/Src/main.c:195:36: note: expected 'uint8_t *' {aka 'unsigned char *'} but argument is of type 'volatile uint8_t *' {aka 'volatile unsigned char *'}
  195 | uint8_t doc(uint8_t *tren,uint8_t *duoi)
      |                           ~~~~~~~~~^~~~
../Core/Src/main.c:520:25: warning: passing argument 1 of 'doc' discards 'volatile' qualifier from pointer target type [-Wdiscarded-qualifiers]
  520 |         timealrm[0]=doc(&tren,&duoi);//phut
      |                         ^~~~~
../Core/Src/main.c:195:22: note: expected 'uint8_t *' {aka 'unsigned char *'} but argument is of type 'volatile uint8_t *' {aka 'volatile unsigned char *'}
  195 | uint8_t doc(uint8_t *tren,uint8_t *duoi)
      |             ~~~~~~~~~^~~~
../Core/Src/main.c:520:31: warning: passing argument 2 of 'doc' discards 'volatile' qualifier from pointer target type [-Wdiscarded-qualifiers]
  520 |         timealrm[0]=doc(&tren,&duoi);//phut
      |                               ^~~~~
../Core/Src/main.c:195:36: note: expected 'uint8_t *' {aka 'unsigned char *'} but argument is of type 'volatile uint8_t *' {aka 'volatile unsigned char *'}
  195 | uint8_t doc(uint8_t *tren,uint8_t *duoi)
      |                           ~~~~~~~~~^~~~
arm-none-eabi-gcc -o "LTEST.elf" @"objects.list"   -mcpu=cortex-m3 -T"C:\Users\Administrator\STM32CubeIDE\SPITEST\LTEST\STM32F103C8TX_FLASH.ld" --specs=nosys.specs -Wl,-Map="LTEST.map" -Wl,--gc-sections -static --specs=nano.specs -mfloat-abi=soft -mthumb -Wl,--start-group -lc -lm -Wl,--end-group
Finished building target: LTEST.elf
 
arm-none-eabi-size   LTEST.elf 
arm-none-eabi-objdump -h -S  LTEST.elf  > "LTEST.list"
   text	   data	    bss	    dec	    hex	filename
  49192	    180	   6060	  55432	   d888	LTEST.elf
Finished building: default.size.stdout
 
Finished building: LTEST.list
 
02:35:01 **** Incremental Build of configuration Debug for project LTEST ****
make -j4 all 
arm-none-eabi-gcc "../Core/Src/main.c" -mcpu=cortex-m3 -std=gnu11 -g3 -DDEBUG -DUSE_HAL_DRIVER -DSTM32F103xB -c -I../Core/Inc -I../Drivers/STM32F1xx_HAL_Driver/Inc/Legacy -I../Drivers/STM32F1xx_HAL_Driver/Inc -I../Drivers/CMSIS/Device/ST/STM32F1xx/Include -I../Drivers/CMSIS/Include -I"C:/Users/Administrator/STM32CubeIDE/SPITEST/LTEST/Drivers/STM32F1xx_HAL_Driver/Src/oled" -I"C:/Users/Administrator/STM32CubeIDE/SPITEST/LTEST/Drivers/STM32F1xx_HAL_Driver/Inc/oled" -I../FATFS/Target -I../FATFS/App -I../Middlewares/Third_Party/FatFs/src -O0 -ffunction-sections -fdata-sections -Wall -fstack-usage -MMD -MP -MF"Core/Src/main.d" -MT"Core/Src/main.o" --specs=nano.specs -mfloat-abi=soft -mthumb -o "Core/Src/main.o"
../Core/Src/main.c: In function 'main':
../Core/Src/main.c:356:19: warning: passing argument 1 of 'doc' discards 'volatile' qualifier from pointer target type [-Wdiscarded-qualifiers]
  356 |     controdoc=doc(&tren,&duoi);
      |                   ^~~~~
../Core/Src/main.c:195:22: note: expected 'uint8_t *' {aka 'unsigned char *'} but argument is of type 'volatile uint8_t *' {aka 'volatile unsigned char *'}
  195 | uint8_t doc(uint8_t *tren,uint8_t *duoi)
      |             ~~~~~~~~~^~~~
../Core/Src/main.c:356:25: warning: passing argument 2 of 'doc' discards 'volatile' qualifier from pointer target type [-Wdiscarded-qualifiers]
  356 |     controdoc=doc(&tren,&duoi);
      |                         ^~~~~
../Core/Src/main.c:195:36: note: expected 'uint8_t *' {aka 'unsigned char *'} but argument is of type 'volatile uint8_t *' {aka 'volatile unsigned char *'}
  195 | uint8_t doc(uint8_t *tren,uint8_t *duoi)
      |                           ~~~~~~~~~^~~~
../Core/Src/main.c:357:23: warning: passing argument 1 of 'ngang' discards 'volatile' qualifier from pointer target type [-Wdiscarded-qualifiers]
  357 |     controngang=ngang(&trai,&phai);
      |                       ^~~~~
../Core/Src/main.c:212:24: note: expected 'uint8_t *' {aka 'unsigned char *'} but argument is of type 'volatile uint8_t *' {aka 'volatile unsigned char *'}
  212 | uint8_t ngang(uint8_t *trai,uint8_t *phai)
      |               ~~~~~~~~~^~~~
../Core/Src/main.c:357:29: warning: passing argument 2 of 'ngang' discards 'volatile' qualifier from pointer target type [-Wdiscarded-qualifiers]
  357 |     controngang=ngang(&trai,&phai);
      |                             ^~~~~
../Core/Src/main.c:212:38: note: expected 'uint8_t *' {aka 'unsigned char *'} but argument is of type 'volatile uint8_t *' {aka 'volatile unsigned char *'}
  212 | uint8_t ngang(uint8_t *trai,uint8_t *phai)
      |                             ~~~~~~~~~^~~~
../Core/Src/main.c:381:23: warning: passing argument 1 of 'doc' discards 'volatile' qualifier from pointer target type [-Wdiscarded-qualifiers]
  381 |        timeset[3]=doc(&tren,&duoi); //thu
      |                       ^~~~~
../Core/Src/main.c:195:22: note: expected 'uint8_t *' {aka 'unsigned char *'} but argument is of type 'volatile uint8_t *' {aka 'volatile unsigned char *'}
  195 | uint8_t doc(uint8_t *tren,uint8_t *duoi)
      |             ~~~~~~~~~^~~~
../Core/Src/main.c:381:29: warning: passing argument 2 of 'doc' discards 'volatile' qualifier from pointer target type [-Wdiscarded-qualifiers]
  381 |        timeset[3]=doc(&tren,&duoi); //thu
      |                             ^~~~~
../Core/Src/main.c:195:36: note: expected 'uint8_t *' {aka 'unsigned char *'} but argument is of type 'volatile uint8_t *' {aka 'volatile unsigned char *'}
  195 | uint8_t doc(uint8_t *tren,uint8_t *duoi)
      |                           ~~~~~~~~~^~~~
../Core/Src/main.c:387:23: warning: passing argument 1 of 'doc' discards 'volatile' qualifier from pointer target type [-Wdiscarded-qualifiers]
  387 |        timeset[4]=doc(&tren,&duoi);//ngay
      |                       ^~~~~
../Core/Src/main.c:195:22: note: expected 'uint8_t *' {aka 'unsigned char *'} but argument is of type 'volatile uint8_t *' {aka 'volatile unsigned char *'}
  195 | uint8_t doc(uint8_t *tren,uint8_t *duoi)
      |             ~~~~~~~~~^~~~
../Core/Src/main.c:387:29: warning: passing argument 2 of 'doc' discards 'volatile' qualifier from pointer target type [-Wdiscarded-qualifiers]
  387 |        timeset[4]=doc(&tren,&duoi);//ngay
      |                             ^~~~~
../Core/Src/main.c:195:36: note: expected 'uint8_t *' {aka 'unsigned char *'} but argument is of type 'volatile uint8_t *' {aka 'volatile unsigned char *'}
  195 | uint8_t doc(uint8_t *tren,uint8_t *duoi)
      |                           ~~~~~~~~~^~~~
../Core/Src/main.c:394:23: warning: passing argument 1 of 'doc' discards 'volatile' qualifier from pointer target type [-Wdiscarded-qualifiers]
  394 |        timeset[5]=doc(&tren,&duoi);//thang
      |                       ^~~~~
../Core/Src/main.c:195:22: note: expected 'uint8_t *' {aka 'unsigned char *'} but argument is of type 'volatile uint8_t *' {aka 'volatile unsigned char *'}
  195 | uint8_t doc(uint8_t *tren,uint8_t *duoi)
      |             ~~~~~~~~~^~~~
../Core/Src/main.c:394:29: warning: passing argument 2 of 'doc' discards 'volatile' qualifier from pointer target type [-Wdiscarded-qualifiers]
  394 |        timeset[5]=doc(&tren,&duoi);//thang
      |                             ^~~~~
../Core/Src/main.c:195:36: note: expected 'uint8_t *' {aka 'unsigned char *'} but argument is of type 'volatile uint8_t *' {aka 'volatile unsigned char *'}
  195 | uint8_t doc(uint8_t *tren,uint8_t *duoi)
      |                           ~~~~~~~~~^~~~
../Core/Src/main.c:402:23: warning: passing argument 1 of 'doc' discards 'volatile' qualifier from pointer target type [-Wdiscarded-qualifiers]
  402 |        timeset[6]=doc(&tren,&duoi);//nam
      |                       ^~~~~
../Core/Src/main.c:195:22: note: expected 'uint8_t *' {aka 'unsigned char *'} but argument is of type 'volatile uint8_t *' {aka 'volatile unsigned char *'}
  195 | uint8_t doc(uint8_t *tren,uint8_t *duoi)
      |             ~~~~~~~~~^~~~
../Core/Src/main.c:402:29: warning: passing argument 2 of 'doc' discards 'volatile' qualifier from pointer target type [-Wdiscarded-qualifiers]
  402 |        timeset[6]=doc(&tren,&duoi);//nam
      |                             ^~~~~
../Core/Src/main.c:195:36: note: expected 'uint8_t *' {aka 'unsigned char *'} but argument is of type 'volatile uint8_t *' {aka 'volatile unsigned char *'}
  195 | uint8_t doc(uint8_t *tren,uint8_t *duoi)
      |                           ~~~~~~~~~^~~~
../Core/Src/main.c:410:23: warning: passing argument 1 of 'doc' discards 'volatile' qualifier from pointer target type [-Wdiscarded-qualifiers]
  410 |        timeset[2]=doc(&tren,&duoi);//gio
      |                       ^~~~~
../Core/Src/main.c:195:22: note: expected 'uint8_t *' {aka 'unsigned char *'} but argument is of type 'volatile uint8_t *' {aka 'volatile unsigned char *'}
  195 | uint8_t doc(uint8_t *tren,uint8_t *duoi)
      |             ~~~~~~~~~^~~~
../Core/Src/main.c:410:29: warning: passing argument 2 of 'doc' discards 'volatile' qualifier from pointer target type [-Wdiscarded-qualifiers]
  410 |        timeset[2]=doc(&tren,&duoi);//gio
      |                             ^~~~~
../Core/Src/main.c:195:36: note: expected 'uint8_t *' {aka 'unsigned char *'} but argument is of type 'volatile uint8_t *' {aka 'volatile unsigned char *'}
  195 | uint8_t doc(uint8_t *tren,uint8_t *duoi)
      |                           ~~~~~~~~~^~~~
../Core/Src/main.c:417:23: warning: passing argument 1 of 'doc' discards 'volatile' qualifier from pointer target type [-Wdiscarded-qualifiers]
  417 |        timeset[1]=doc(&tren,&duoi);//phut
      |                       ^~~~~
../Core/Src/main.c:195:22: note: expected 'uint8_t *' {aka 'unsigned char *'} but argument is of type 'volatile uint8_t *' {aka 'volatile unsigned char *'}
  195 | uint8_t doc(uint8_t *tren,uint8_t *duoi)
      |             ~~~~~~~~~^~~~
../Core/Src/main.c:417:29: warning: passing argument 2 of 'doc' discards 'volatile' qualifier from pointer target type [-Wdiscarded-qualifiers]
  417 |        timeset[1]=doc(&tren,&duoi);//phut
      |                             ^~~~~
../Core/Src/main.c:195:36: note: expected 'uint8_t *' {aka 'unsigned char *'} but argument is of type 'volatile uint8_t *' {aka 'volatile unsigned char *'}
  195 | uint8_t doc(uint8_t *tren,uint8_t *duoi)
      |                           ~~~~~~~~~^~~~
../Core/Src/main.c:424:23: warning: passing argument 1 of 'doc' discards 'volatile' qualifier from pointer target type [-Wdiscarded-qualifiers]
  424 |        timeset[0]=doc(&tren,&duoi);//giay
      |                       ^~~~~
../Core/Src/main.c:195:22: note: expected 'uint8_t *' {aka 'unsigned char *'} but argument is of type 'volatile uint8_t *' {aka 'volatile unsigned char *'}
  195 | uint8_t doc(uint8_t *tren,uint8_t *duoi)
      |             ~~~~~~~~~^~~~
../Core/Src/main.c:424:29: warning: passing argument 2 of 'doc' discards 'volatile' qualifier from pointer target type [-Wdiscarded-qualifiers]
  424 |        timeset[0]=doc(&tren,&duoi);//giay
      |                             ^~~~~
../Core/Src/main.c:195:36: note: expected 'uint8_t *' {aka 'unsigned char *'} but argument is of type 'volatile uint8_t *' {aka 'volatile unsigned char *'}
  195 | uint8_t doc(uint8_t *tren,uint8_t *duoi)
      |                           ~~~~~~~~~^~~~
../Core/Src/main.c:466:19: warning: passing argument 1 of 'doc' discards 'volatile' qualifier from pointer target type [-Wdiscarded-qualifiers]
  466 |     controdoc=doc(&tren,&duoi);
      |                   ^~~~~
../Core/Src/main.c:195:22: note: expected 'uint8_t *' {aka 'unsigned char *'} but argument is of type 'volatile uint8_t *' {aka 'volatile unsigned char *'}
  195 | uint8_t doc(uint8_t *tren,uint8_t *duoi)
      |             ~~~~~~~~~^~~~
../Core/Src/main.c:466:25: warning: passing argument 2 of 'doc' discards 'volatile' qualifier from pointer target type [-Wdiscarded-qualifiers]
  466 |     controdoc=doc(&tren,&duoi);
      |                         ^~~~~
../Core/Src/main.c:195:36: note: expected 'uint8_t *' {aka 'unsigned char *'} but argument is of type 'volatile uint8_t *' {aka 'volatile unsigned char *'}
  195 | uint8_t doc(uint8_t *tren,uint8_t *duoi)
      |                           ~~~~~~~~~^~~~
../Core/Src/main.c:490:20: warning: passing argument 1 of 'doc' discards 'volatile' qualifier from pointer target type [-Wdiscarded-qualifiers]
  490 |      controdoc=doc(&tren,&duoi);
      |                    ^~~~~
../Core/Src/main.c:195:22: note: expected 'uint8_t *' {aka 'unsigned char *'} but argument is of type 'volatile uint8_t *' {aka 'volatile unsigned char *'}
  195 | uint8_t doc(uint8_t *tren,uint8_t *duoi)
      |             ~~~~~~~~~^~~~
../Core/Src/main.c:490:26: warning: passing argument 2 of 'doc' discards 'volatile' qualifier from pointer target type [-Wdiscarded-qualifiers]
  490 |      controdoc=doc(&tren,&duoi);
      |                          ^~~~~
../Core/Src/main.c:195:36: note: expected 'uint8_t *' {aka 'unsigned char *'} but argument is of type 'volatile uint8_t *' {aka 'volatile unsigned char *'}
  195 | uint8_t doc(uint8_t *tren,uint8_t *duoi)
      |                           ~~~~~~~~~^~~~
../Core/Src/main.c:491:24: warning: passing argument 1 of 'ngang' discards 'volatile' qualifier from pointer target type [-Wdiscarded-qualifiers]
  491 |      controngang=ngang(&trai,&phai);
      |                        ^~~~~
../Core/Src/main.c:212:24: note: expected 'uint8_t *' {aka 'unsigned char *'} but argument is of type 'volatile uint8_t *' {aka 'volatile unsigned char *'}
  212 | uint8_t ngang(uint8_t *trai,uint8_t *phai)
      |               ~~~~~~~~~^~~~
../Core/Src/main.c:491:30: warning: passing argument 2 of 'ngang' discards 'volatile' qualifier from pointer target type [-Wdiscarded-qualifiers]
  491 |      controngang=ngang(&trai,&phai);
      |                              ^~~~~
../Core/Src/main.c:212:38: note: expected 'uint8_t *' {aka 'unsigned char *'} but argument is of type 'volatile uint8_t *' {aka 'volatile unsigned char *'}
  212 | uint8_t ngang(uint8_t *trai,uint8_t *phai)
      |                             ~~~~~~~~~^~~~
../Core/Src/main.c:514:25: warning: passing argument 1 of 'doc' discards 'volatile' qualifier from pointer target type [-Wdiscarded-qualifiers]
  514 |         timealrm[1]=doc(&tren,&duoi);//gio
      |                         ^~~~~
../Core/Src/main.c:195:22: note: expected 'uint8_t *' {aka 'unsigned char *'} but argument is of type 'volatile uint8_t *' {aka 'volatile unsigned char *'}
  195 | uint8_t doc(uint8_t *tren,uint8_t *duoi)
      |             ~~~~~~~~~^~~~
../Core/Src/main.c:514:31: warning: passing argument 2 of 'doc' discards 'volatile' qualifier from pointer target type [-Wdiscarded-qualifiers]
  514 |         timealrm[1]=doc(&tren,&duoi);//gio
      |                               ^~~~~
../Core/Src/main.c:195:36: note: expected 'uint8_t *' {aka 'unsigned char *'} but argument is of type 'volatile uint8_t *' {aka 'volatile unsigned char *'}
  195 | uint8_t doc(uint8_t *tren,uint8_t *duoi)
      |                           ~~~~~~~~~^~~~
../Core/Src/main.c:521:25: warning: passing argument 1 of 'doc' discards 'volatile' qualifier from pointer target type [-Wdiscarded-qualifiers]
  521 |         timealrm[0]=doc(&tren,&duoi);//phut
      |                         ^~~~~
../Core/Src/main.c:195:22: note: expected 'uint8_t *' {aka 'unsigned char *'} but argument is of type 'volatile uint8_t *' {aka 'volatile unsigned char *'}
  195 | uint8_t doc(uint8_t *tren,uint8_t *duoi)
      |             ~~~~~~~~~^~~~
../Core/Src/main.c:521:31: warning: passing argument 2 of 'doc' discards 'volatile' qualifier from pointer target type [-Wdiscarded-qualifiers]
  521 |         timealrm[0]=doc(&tren,&duoi);//phut
      |                               ^~~~~
../Core/Src/main.c:195:36: note: expected 'uint8_t *' {aka 'unsigned char *'} but argument is of type 'volatile uint8_t *' {aka 'volatile unsigned char *'}
  195 | uint8_t doc(uint8_t *tren,uint8_t *duoi)
      |                           ~~~~~~~~~^~~~
arm-none-eabi-gcc -o "LTEST.elf" @"objects.list"   -mcpu=cortex-m3 -T"C:\Users\Administrator\STM32CubeIDE\SPITEST\LTEST\STM32F103C8TX_FLASH.ld" --specs=nosys.specs -Wl,-Map="LTEST.map" -Wl,--gc-sections -static --specs=nano.specs -mfloat-abi=soft -mthumb -Wl,--start-group -lc -lm -Wl,--end-group
Finished building target: LTEST.elf
 
arm-none-eabi-size   LTEST.elf 
arm-none-eabi-objdump -h -S  LTEST.elf  > "LTEST.list"
   text	   data	    bss	    dec	    hex	filename
  49196	    180	   6060	  55436	   d88c	LTEST.elf
Finished building: default.size.stdout
 
Finished building: LTEST.list
 
